******************************************************************************
                  TI ARM Linker PC v20.2.1                     
******************************************************************************
>> Linked Wed Mar 10 18:42:45 2021

OUTPUT FILE NAME:   <Lab6.out>
ENTRY POINT SYMBOL: "_c_int00_noargs"  address: 00002b2d


MEMORY CONFIGURATION

         name            origin    length      used     unused   attr    fill
----------------------  --------  ---------  --------  --------  ----  --------
  FLASH                 00000000   00040000  00002e75  0003d18b  R  X
  SRAM                  20000000   00008000  000022da  00005d26  RW X


SEGMENT ALLOCATION MAP

run origin  load origin   length   init length attrs members
----------  ----------- ---------- ----------- ----- -------
00000000    00000000    00002e78   00002e78    r-x
  00000000    00000000    0000026c   0000026c    r-- .intvecs
  0000026c    0000026c    00002a9c   00002a9c    r-x .text
  00002d08    00002d08    0000012d   0000012d    r-- .const
  00002e38    00002e38    00000040   00000040    r-- .cinit
20000000    20000000    000022e1   00000000    rw-
  20000000    20000000    0000026c   00000000    rw- .vtable
  20000270    20000270    00001000   00000000    rw- .stack
  20001270    20001270    00001000   00000000    rw- .sysmem
  20002270    20002270    00000069   00000000    rw- .bss
  200022dc    200022dc    00000005   00000000    rw- .data


SECTION ALLOCATION MAP

 output                                  attributes/
section   page    origin      length       input sections
--------  ----  ----------  ----------   ----------------
.intvecs   0    00000000    0000026c     
                  00000000    0000026c     tm4c123gh6pm_startup_ccs.obj (.intvecs)

.text      0    0000026c    00002a9c     
                  0000026c    00000a4e     rtsv7M4_T_le_v4SPD16_eabi.lib : _printfi.c.obj (.text:__TI_printfi)
                  00000cba    00000002                                   : div0.asm.obj (.text)
                  00000cbc    00000328     lcd.obj (.text)
                  00000fe4    00000270     rtsv7M4_T_le_v4SPD16_eabi.lib : _printfi.c.obj (.text:_pconv_a)
                  00001254    00000248     Timer.obj (.text)
                  0000149c    000001d0     rtsv7M4_T_le_v4SPD16_eabi.lib : _printfi.c.obj (.text:_pconv_g)
                  0000166c    000001bc     libcybotScan.lib : ping.obj (.text)
                  00001828    000001b6     rtsv7M4_T_le_v4SPD16_eabi.lib : fd_add_t2.asm.obj (.text)
                  000019de    00000002     --HOLE-- [fill = 0]
                  000019e0    00000168     uart.obj (.text)
                  00001b48    0000013c     rtsv7M4_T_le_v4SPD16_eabi.lib : _printfi.c.obj (.text:_pconv_e)
                  00001c84    00000136                                   : fd_div_t2.asm.obj (.text)
                  00001dba    00000002     --HOLE-- [fill = 0]
                  00001dbc    00000124                                   : _printfi.c.obj (.text:fcvt)
                  00001ee0    00000110                                   : s_scalbn.c.obj (.text:scalbn)
                  00001ff0    000000fc                                   : fd_mul_t2.asm.obj (.text)
                  000020ec    000000dc     libcybotScan.lib : ir.obj (.text)
                  000021c8    000000c4                      : servo.obj (.text)
                  0000228c    000000b4     lab6_template.obj (.text)
                  00002340    000000b1     rtsv7M4_T_le_v4SPD16_eabi.lib : _printfi.c.obj (.text:_ltostr)
                  000023f1    00000001     --HOLE-- [fill = 0]
                  000023f2    0000009c                                   : memcpy_t2.asm.obj (.text)
                  0000248e    00000096                                   : ull_div_t2.asm.obj (.text)
                  00002524    00000086                                   : fd_cmp_t2.asm.obj (.text:__aeabi_cdcmple)
                  000025aa    00000086                                   : fd_cmp_t2.asm.obj (.text:__aeabi_cdrcmple)
                  00002630    0000007a                                   : memset_t2.asm.obj (.text)
                  000026aa    0000006e                                   : _printfi.c.obj (.text:_mcpy)
                  00002718    00000068                                   : copy_decompress_lzss.c.obj (.text:decompress:lzss:__TI_decompress_lzss)
                  00002780    00000064                                   : s_frexp.c.obj (.text:frexp)
                  000027e4    00000056                                   : _printfi.c.obj (.text:_pconv_f)
                  0000283a    00000054                                   : _ltoa.c.obj (.text:__TI_ltoa)
                  0000288e    00000052                                   : _printfi.c.obj (.text:_ecpy)
                  000028e0    0000004c                                   : atoi.c.obj (.text:atoi)
                  0000292c    00000048     libcybotScan.lib : cyBot_Scan.obj (.text)
                  00002974    00000048     rtsv7M4_T_le_v4SPD16_eabi.lib : fd_toi_t2.asm.obj (.text)
                  000029bc    00000044                                   : autoinit.c.obj (.text:__TI_auto_init_nobinit_nopinit:__TI_auto_init_nobinit_nopinit)
                  00002a00    00000040                                   : sprintf.c.obj (.text:sprintf)
                  00002a40    00000040                                   : vsnprintf.c.obj (.text:vsnprintf)
                  00002a80    0000003e                                   : _printfi.c.obj (.text:_fcpy)
                  00002abe    00000038                                   : fs_tod_t2.asm.obj (.text)
                  00002af6    00000002     --HOLE-- [fill = 0]
                  00002af8    00000034     driverlib.lib : interrupt.obj (.text:IntRegister)
                  00002b2c    00000034     rtsv7M4_T_le_v4SPD16_eabi.lib : boot_cortex_m.c.obj (.text:_c_int00_noargs:_c_int00_noargs)
                  00002b60    00000030                                   : vsnprintf.c.obj (.text:_outs)
                  00002b90    0000002e                                   : i_tofd_t2.asm.obj (.text)
                  00002bbe    0000001c                                   : copy_zero_init.c.obj (.text:decompress:ZI:__TI_zero_init_nomemset:__TI_zero_init_nomemset)
                  00002bda    0000001c                                   : memccpy.c.obj (.text:memccpy)
                  00002bf6    0000001a                                   : s_copysign.c.obj (.text:copysign)
                  00002c10    00000018                                   : vsnprintf.c.obj (.text:_outc)
                  00002c28    00000018                                   : sprintf.c.obj (.text:_outs)
                  00002c40    00000018                                   : strcmp.c.obj (.text:strcmp)
                  00002c58    00000016                                   : strchr.c.obj (.text:strchr)
                  00002c6e    00000014                                   : strcpy.c.obj (.text:strcpy)
                  00002c82    00000014                                   : strlen.c.obj (.text:strlen)
                  00002c96    00000012                                   : wcslen.c.obj (.text:wcslen)
                  00002ca8    00000010     driverlib.lib : interrupt.obj (.text:IntMasterEnable)
                  00002cb8    00000010     lcd.obj (.text:lcd_clear)
                  00002cc8    0000000e     rtsv7M4_T_le_v4SPD16_eabi.lib : copy_decompress_none.c.obj (.text:decompress:none:__TI_decompress_none)
                  00002cd6    0000000c     driverlib.lib : cpu.obj (.text:CPUcpsie)
                  00002ce2    0000000c     tm4c123gh6pm_startup_ccs.obj (.text)
                  00002cee    0000000a     rtsv7M4_T_le_v4SPD16_eabi.lib : sprintf.c.obj (.text:_outc)
                  00002cf8    00000008                                   : errno.c.obj (.text:__aeabi_errno_addr)
                  00002d00    00000004                                   : pre_init.c.obj (.text:_system_pre_init)
                  00002d04    00000004                                   : exit.c.obj (.text:abort:abort)

.const     0    00002d08    0000012d     
                  00002d08    00000101     rtsv7M4_T_le_v4SPD16_eabi.lib : ctype.c.obj (.const:.string:_ctypes_)
                  00002e09    00000024     lab6_template.obj (.const:.string:$P$T0$1)
                  00002e2d    00000004     lcd.obj (.const:.string:lineAddress$1)
                  00002e31    00000004     lcd.obj (.const:.string:lineAddresses$2)

.cinit     0    00002e38    00000040     
                  00002e38    0000000c     (__TI_handler_table)
                  00002e44    00000004     --HOLE-- [fill = 0]
                  00002e48    00000008     (.cinit..bss.load) [load image, compression = zero_init]
                  00002e50    00000008     (.cinit..vtable.load) [load image, compression = zero_init]
                  00002e58    00000007     (.cinit..data.load) [load image, compression = lzss]
                  00002e5f    00000001     --HOLE-- [fill = 0]
                  00002e60    00000018     (__TI_cinit_table)

.init_array 
*          0    00000000    00000000     UNINITIALIZED

.vtable    0    20000000    0000026c     UNINITIALIZED
                  20000000    0000026c     driverlib.lib : interrupt.obj (.vtable)

.stack     0    20000270    00001000     UNINITIALIZED
                  20000270    00000004     rtsv7M4_T_le_v4SPD16_eabi.lib : boot_cortex_m.c.obj (.stack)
                  20000274    00000ffc     --HOLE--

.sysmem    0    20001270    00001000     UNINITIALIZED
                  20001270    00000010     rtsv7M4_T_le_v4SPD16_eabi.lib : memory.c.obj (.sysmem)
                  20001280    00000ff0     --HOLE--

.bss       0    20002270    00000069     UNINITIALIZED
                  20002270    00000054     lcd.obj (.bss:lastbuffer$3)
                  200022c4    00000004     (.common:_timeout_ticks)
                  200022c8    00000004     (.common:fallingEdge)
                  200022cc    00000004     (.common:isr_int_value)
                  200022d0    00000004     (.common:pulseLength)
                  200022d4    00000004     (.common:risingEdge)
                  200022d8    00000001     (.common:isRisingEdge)

.data      0    200022dc    00000005     UNINITIALIZED
                  200022dc    00000004     rtsv7M4_T_le_v4SPD16_eabi.lib : errno.c.obj (.data)
                  200022e0    00000001     Timer.obj (.data)

__llvm_prf_cnts 
*          0    20000000    00000000     UNINITIALIZED

MODULE SUMMARY

       Module                         code    ro data   rw data
       ------                         ----    -------   -------
    .\
       lcd.obj                        824     8         84     
       tm4c123gh6pm_startup_ccs.obj   12      620       0      
       Timer.obj                      584     0         5      
       uart.obj                       360     0         0      
       lab6_template.obj              180     36        0      
    +--+------------------------------+-------+---------+---------+
       Total:                         1960    664       89     
                                                               
    ../libcybotScan.lib
       ping.obj                       444     0         13     
       ir.obj                         220     0         4      
       servo.obj                      196     0         0      
       cyBot_Scan.obj                 72      0         0      
    +--+------------------------------+-------+---------+---------+
       Total:                         932     0         17     
                                                               
    C:/ti/TivaWare_C_Series-2.1.4.178/driverlib/ccs/Debug/driverlib.lib
       interrupt.obj                  68      0         620    
       cpu.obj                        12      0         0      
    +--+------------------------------+-------+---------+---------+
       Total:                         80      0         620    
                                                               
    C:\ti\ccs1010\ccs\tools\compiler\ti-cgt-arm_20.2.1.LTS\lib\rtsv7M4_T_le_v4SPD16_eabi.lib
       _printfi.c.obj                 4851    0         0      
       fd_add_t2.asm.obj              438     0         0      
       fd_div_t2.asm.obj              310     0         0      
       s_scalbn.c.obj                 272     0         0      
       fd_cmp_t2.asm.obj              268     0         0      
       ctype.c.obj                    0       257       0      
       fd_mul_t2.asm.obj              252     0         0      
       memcpy_t2.asm.obj              156     0         0      
       ull_div_t2.asm.obj             150     0         0      
       vsnprintf.c.obj                136     0         0      
       memset_t2.asm.obj              122     0         0      
       copy_decompress_lzss.c.obj     104     0         0      
       s_frexp.c.obj                  100     0         0      
       sprintf.c.obj                  98      0         0      
       _ltoa.c.obj                    84      0         0      
       atoi.c.obj                     76      0         0      
       fd_toi_t2.asm.obj              72      0         0      
       autoinit.c.obj                 68      0         0      
       fs_tod_t2.asm.obj              56      0         0      
       boot_cortex_m.c.obj            52      0         0      
       i_tofd_t2.asm.obj              46      0         0      
       copy_zero_init.c.obj           28      0         0      
       memccpy.c.obj                  28      0         0      
       s_copysign.c.obj               26      0         0      
       strcmp.c.obj                   24      0         0      
       strchr.c.obj                   22      0         0      
       strcpy.c.obj                   20      0         0      
       strlen.c.obj                   20      0         0      
       wcslen.c.obj                   18      0         0      
       copy_decompress_none.c.obj     14      0         0      
       errno.c.obj                    8       0         4      
       exit.c.obj                     4       0         0      
       pre_init.c.obj                 4       0         0      
       div0.asm.obj                   2       0         0      
    +--+------------------------------+-------+---------+---------+
       Total:                         7929    257       4      
                                                               
       Heap:                          0       0         4096   
       Stack:                         0       0         4096   
       Linker Generated:              0       59        0      
    +--+------------------------------+-------+---------+---------+
       Grand Total:                   10901   980       8922   


LINKER GENERATED COPY TABLES

__TI_cinit_table @ 00002e60 records: 3, size/record: 8, table size: 24
	.bss: load addr=00002e48, load size=00000008 bytes, run addr=20002270, run size=00000069 bytes, compression=zero_init
	.vtable: load addr=00002e50, load size=00000008 bytes, run addr=20000000, run size=0000026c bytes, compression=zero_init
	.data: load addr=00002e58, load size=00000007 bytes, run addr=200022dc, run size=00000005 bytes, compression=lzss


LINKER GENERATED HANDLER TABLE

__TI_handler_table @ 00002e38 records: 3, size/record: 4, table size: 12
	index: 0, handler: __TI_zero_init
	index: 1, handler: __TI_decompress_lzss
	index: 2, handler: __TI_decompress_none


GLOBAL SYMBOLS: SORTED ALPHABETICALLY BY Name 

address   name                          
-------   ----                          
00002199  ADC0SS0_Handler               
00002d05  C$$EXIT                       
00002cd7  CPUcpsie                      
00002ca9  IntMasterEnable               
00002af9  IntRegister                   
00002ce3  ResetISR                      
000017a9  TIMER3B_Handler               
20001270  __STACK_END                   
00001000  __STACK_SIZE                  
20000470  __STACK_TOP                   
00001000  __SYSMEM_SIZE                 
00002e60  __TI_CINIT_Base               
00002e78  __TI_CINIT_Limit              
00002e38  __TI_Handler_Table_Base       
00002e44  __TI_Handler_Table_Limit      
000029bd  __TI_auto_init_nobinit_nopinit
00002719  __TI_decompress_lzss          
00002cc9  __TI_decompress_none          
0000283b  __TI_ltoa                     
ffffffff  __TI_pprof_out_hndl           
0000026d  __TI_printfi                  
ffffffff  __TI_prof_data_size           
ffffffff  __TI_prof_data_start          
00000000  __TI_static_base__            
00002bbf  __TI_zero_init_nomemset       
00002525  __aeabi_cdcmpeq               
00002525  __aeabi_cdcmple               
000025ab  __aeabi_cdrcmple              
00002975  __aeabi_d2iz                  
00001833  __aeabi_dadd                  
00001c85  __aeabi_ddiv                  
00001ff1  __aeabi_dmul                  
00001829  __aeabi_dsub                  
00002cf9  __aeabi_errno_addr            
00002abf  __aeabi_f2d                   
00002b91  __aeabi_i2d                   
00000cbb  __aeabi_idiv0                 
00000cbb  __aeabi_ldiv0                 
00002631  __aeabi_memclr                
00002631  __aeabi_memclr4               
00002631  __aeabi_memclr8               
000023f3  __aeabi_memcpy                
000023f3  __aeabi_memcpy4               
000023f3  __aeabi_memcpy8               
00002633  __aeabi_memset                
00002633  __aeabi_memset4               
00002633  __aeabi_memset8               
0000248f  __aeabi_uldivmod              
ffffffff  __binit__                     
ffffffff  __c_args__                    
UNDEFED   __mpu_init                    
20000270  __stack                       
20000000  __start___llvm_prf_cnts       
20000000  __stop___llvm_prf_cnts        
00002b2d  _c_int00_noargs               
00002d08  _ctypes_                      
200022e0  _running                      
20001270  _sys_memory                   
UNDEFED   _system_post_cinit            
00002d01  _system_pre_init              
200022c4  _timeout_ticks                
00002d05  abort                         
000028e1  atoi                          
ffffffff  binit                         
00002bf7  copysign                      
00002bf7  copysignl                     
0000293d  cyBOT_Scan                    
0000292d  cyBOT_init_Scan               
200022dc  errno                         
200022c8  fallingEdge                   
00002781  frexp                         
00002781  frexpl                        
20000000  g_pfnRAMVectors               
00000000  g_pfnVectors                  
00002169  ir_enableInterrupt            
00002161  ir_getDistance                
0000214d  ir_getValue                   
000020ed  ir_init                       
200022d8  isRisingEdge                  
200022cc  isr_int_value                 
00002cb9  lcd_clear                     
00000e91  lcd_gotoLine                  
00000cf9  lcd_init                      
00000ef7  lcd_printf                    
00000db9  lcd_putc                      
00000df1  lcd_puts                      
00000cbd  lcd_reverseNibble             
00000e0f  lcd_sendCommand               
00000e4d  lcd_sendNibble                
00000eb9  lcd_setCursorPos              
00001ee1  ldexp                         
00001ee1  ldexpl                        
0000228d  main                          
00002bdb  memccpy                       
000023f3  memcpy                        
00002639  memset                        
00001773  ping_getDistance              
000016d1  ping_init                     
0000166d  ping_trigger                  
200022d0  pulseLength                   
200022d4  risingEdge                    
00001ee1  scalbn                        
00001ee1  scalbnl                       
00002207  servo_init                    
000021e7  servo_move                    
000021d5  servo_setPWM                  
000021c9  servo_stop                    
00002a01  sprintf                       
00002c59  strchr                        
00002c41  strcmp                        
00002c6f  strcpy                        
00002c83  strlen                        
00001373  timer_getMicros               
0000131b  timer_getMillis               
00001255  timer_init                    
000012f7  timer_pause                   
00001309  timer_resume                  
000012cd  timer_stop                    
000013cd  timer_waitMicros              
000013ff  timer_waitMillis              
000019e1  uart_init                     
00001a9f  uart_receive                  
00001ac5  uart_receive_nonblocking      
00001a83  uart_sendChar                 
00001aef  uart_sendStr                  
00002a41  vsnprintf                     
00002c97  wcslen                        


GLOBAL SYMBOLS: SORTED BY Symbol Address 

address   name                          
-------   ----                          
00000000  __TI_static_base__            
00000000  g_pfnVectors                  
0000026d  __TI_printfi                  
00000cbb  __aeabi_idiv0                 
00000cbb  __aeabi_ldiv0                 
00000cbd  lcd_reverseNibble             
00000cf9  lcd_init                      
00000db9  lcd_putc                      
00000df1  lcd_puts                      
00000e0f  lcd_sendCommand               
00000e4d  lcd_sendNibble                
00000e91  lcd_gotoLine                  
00000eb9  lcd_setCursorPos              
00000ef7  lcd_printf                    
00001000  __STACK_SIZE                  
00001000  __SYSMEM_SIZE                 
00001255  timer_init                    
000012cd  timer_stop                    
000012f7  timer_pause                   
00001309  timer_resume                  
0000131b  timer_getMillis               
00001373  timer_getMicros               
000013cd  timer_waitMicros              
000013ff  timer_waitMillis              
0000166d  ping_trigger                  
000016d1  ping_init                     
00001773  ping_getDistance              
000017a9  TIMER3B_Handler               
00001829  __aeabi_dsub                  
00001833  __aeabi_dadd                  
000019e1  uart_init                     
00001a83  uart_sendChar                 
00001a9f  uart_receive                  
00001ac5  uart_receive_nonblocking      
00001aef  uart_sendStr                  
00001c85  __aeabi_ddiv                  
00001ee1  ldexp                         
00001ee1  ldexpl                        
00001ee1  scalbn                        
00001ee1  scalbnl                       
00001ff1  __aeabi_dmul                  
000020ed  ir_init                       
0000214d  ir_getValue                   
00002161  ir_getDistance                
00002169  ir_enableInterrupt            
00002199  ADC0SS0_Handler               
000021c9  servo_stop                    
000021d5  servo_setPWM                  
000021e7  servo_move                    
00002207  servo_init                    
0000228d  main                          
000023f3  __aeabi_memcpy                
000023f3  __aeabi_memcpy4               
000023f3  __aeabi_memcpy8               
000023f3  memcpy                        
0000248f  __aeabi_uldivmod              
00002525  __aeabi_cdcmpeq               
00002525  __aeabi_cdcmple               
000025ab  __aeabi_cdrcmple              
00002631  __aeabi_memclr                
00002631  __aeabi_memclr4               
00002631  __aeabi_memclr8               
00002633  __aeabi_memset                
00002633  __aeabi_memset4               
00002633  __aeabi_memset8               
00002639  memset                        
00002719  __TI_decompress_lzss          
00002781  frexp                         
00002781  frexpl                        
0000283b  __TI_ltoa                     
000028e1  atoi                          
0000292d  cyBOT_init_Scan               
0000293d  cyBOT_Scan                    
00002975  __aeabi_d2iz                  
000029bd  __TI_auto_init_nobinit_nopinit
00002a01  sprintf                       
00002a41  vsnprintf                     
00002abf  __aeabi_f2d                   
00002af9  IntRegister                   
00002b2d  _c_int00_noargs               
00002b91  __aeabi_i2d                   
00002bbf  __TI_zero_init_nomemset       
00002bdb  memccpy                       
00002bf7  copysign                      
00002bf7  copysignl                     
00002c41  strcmp                        
00002c59  strchr                        
00002c6f  strcpy                        
00002c83  strlen                        
00002c97  wcslen                        
00002ca9  IntMasterEnable               
00002cb9  lcd_clear                     
00002cc9  __TI_decompress_none          
00002cd7  CPUcpsie                      
00002ce3  ResetISR                      
00002cf9  __aeabi_errno_addr            
00002d01  _system_pre_init              
00002d05  C$$EXIT                       
00002d05  abort                         
00002d08  _ctypes_                      
00002e38  __TI_Handler_Table_Base       
00002e44  __TI_Handler_Table_Limit      
00002e60  __TI_CINIT_Base               
00002e78  __TI_CINIT_Limit              
20000000  __start___llvm_prf_cnts       
20000000  __stop___llvm_prf_cnts        
20000000  g_pfnRAMVectors               
20000270  __stack                       
20000470  __STACK_TOP                   
20001270  __STACK_END                   
20001270  _sys_memory                   
200022c4  _timeout_ticks                
200022c8  fallingEdge                   
200022cc  isr_int_value                 
200022d0  pulseLength                   
200022d4  risingEdge                    
200022d8  isRisingEdge                  
200022dc  errno                         
200022e0  _running                      
ffffffff  __TI_pprof_out_hndl           
ffffffff  __TI_prof_data_size           
ffffffff  __TI_prof_data_start          
ffffffff  __binit__                     
ffffffff  __c_args__                    
ffffffff  binit                         
UNDEFED   __mpu_init                    
UNDEFED   _system_post_cinit            

[127 symbols]
