******************************************************************************
                  TI ARM Linker PC v20.2.1                     
******************************************************************************
>> Linked Mon Feb 15 15:57:52 2021

OUTPUT FILE NAME:   <Lab2.out>
ENTRY POINT SYMBOL: "_c_int00_noargs"  address: 00001ea9


MEMORY CONFIGURATION

         name            origin    length      used     unused   attr    fill
----------------------  --------  ---------  --------  --------  ----  --------
  FLASH                 00000000   00040000  00002071  0003df8f  R  X
  SRAM                  20000000   00008000  000022b1  00005d4f  RW X


SEGMENT ALLOCATION MAP

run origin  load origin   length   init length attrs members
----------  ----------- ---------- ----------- ----- -------
00000000    00000000    00002078   00002078    r-x
  00000000    00000000    0000026c   0000026c    r-- .intvecs
  0000026c    0000026c    00001da6   00001da6    r-x .text
  00002012    00002012    0000000f   0000000f    r-- .const
  00002028    00002028    00000050   00000050    r-- .cinit
20000000    20000000    000022b8   00000000    rw-
  20000000    20000000    0000026c   00000000    rw- .vtable
  20000270    20000270    00001000   00000000    rw- .stack
  20001270    20001270    00001000   00000000    rw- .sysmem
  20002270    20002270    00000029   00000000    rw- .data
  2000229c    2000229c    0000001c   00000000    rw- .bss


SECTION ALLOCATION MAP

 output                                  attributes/
section   page    origin      length       input sections
--------  ----  ----------  ----------   ----------------
.intvecs   0    00000000    0000026c     
                  00000000    0000026c     tm4c123gh6pm_startup_ccs.obj (.intvecs)

.text      0    0000026c    00001da6     
                  0000026c    00000c18     open_interface.obj (.text)
                  00000e84    00000354     movement.obj (.text)
                  000011d8    00000248     Timer.obj (.text)
                  00001420    000001b6     rtsv7M4_T_le_v4SPD16_eabi.lib : fd_add_t2.asm.obj (.text)
                  000015d6    00000136                                   : fd_div_t2.asm.obj (.text)
                  0000170c    00000108                                   : memory.c.obj (.text:aligned_alloc)
                  00001814    000000fc                                   : fd_mul_t2.asm.obj (.text)
                  00001910    000000e4                                   : memory.c.obj (.text:free)
                  000019f4    0000009c                                   : memcpy_t2.asm.obj (.text)
                  00001a90    00000086                                   : fd_cmp_t2.asm.obj (.text:__aeabi_cdcmple)
                  00001b16    00000086                                   : fd_cmp_t2.asm.obj (.text:__aeabi_cdrcmple)
                  00001b9c    0000007a                                   : memset_t2.asm.obj (.text)
                  00001c16    00000002                                   : _lock.c.obj (.text:_nop)
                  00001c18    00000070                                   : memory.c.obj (.text:split)
                  00001c88    0000006e                                   : fd_tos_t2.asm.obj (.text)
                  00001cf6    00000068                                   : copy_decompress_lzss.c.obj (.text:decompress:lzss:__TI_decompress_lzss)
                  00001d5e    00000002     --HOLE-- [fill = 0]
                  00001d60    00000060     resetSimulation.obj (.text)
                  00001dc0    00000044     rtsv7M4_T_le_v4SPD16_eabi.lib : autoinit.c.obj (.text:__TI_auto_init_nobinit_nopinit:__TI_auto_init_nobinit_nopinit)
                  00001e04    00000038                                   : memory.c.obj (.text:calloc)
                  00001e3c    00000038                                   : fs_tod_t2.asm.obj (.text)
                  00001e74    00000034     driverlib.lib : interrupt.obj (.text:IntRegister)
                  00001ea8    00000034     rtsv7M4_T_le_v4SPD16_eabi.lib : boot_cortex_m.c.obj (.text:_c_int00_noargs:_c_int00_noargs)
                  00001edc    00000030     helloworld.obj (.text)
                  00001f0c    0000002e     rtsv7M4_T_le_v4SPD16_eabi.lib : i_tofd_t2.asm.obj (.text)
                  00001f3a    00000002     --HOLE-- [fill = 0]
                  00001f3c    00000028                                   : memory.c.obj (.text:free_list_insert)
                  00001f64    0000001c                                   : copy_zero_init.c.obj (.text:decompress:ZI:__TI_zero_init_nomemset:__TI_zero_init_nomemset)
                  00001f80    0000001c                                   : memory.c.obj (.text:free_list_remove)
                  00001f9c    00000018     open_interface.obj (.text:oi_parseInt)
                  00001fb4    00000018     rtsv7M4_T_le_v4SPD16_eabi.lib : strcmp.c.obj (.text:strcmp)
                  00001fcc    00000010     driverlib.lib : interrupt.obj (.text:IntMasterEnable)
                  00001fdc    0000000e     rtsv7M4_T_le_v4SPD16_eabi.lib : copy_decompress_none.c.obj (.text:decompress:none:__TI_decompress_none)
                  00001fea    0000000c     driverlib.lib : cpu.obj (.text:CPUcpsie)
                  00001ff6    0000000c     tm4c123gh6pm_startup_ccs.obj (.text)
                  00002002    00000008     rtsv7M4_T_le_v4SPD16_eabi.lib : memory.c.obj (.text:malloc)
                  0000200a    00000004                                   : pre_init.c.obj (.text:_system_pre_init)
                  0000200e    00000004                                   : exit.c.obj (.text:abort:abort)

.const     0    00002012    0000000f     
                  00002012    0000000f     open_interface.obj (.const:.string:$P$T0$3)

.cinit     0    00002028    00000050     
                  00002028    00000018     (.cinit..data.load) [load image, compression = lzss]
                  00002040    0000000c     (__TI_handler_table)
                  0000204c    00000004     --HOLE-- [fill = 0]
                  00002050    00000008     (.cinit..bss.load) [load image, compression = zero_init]
                  00002058    00000008     (.cinit..vtable.load) [load image, compression = zero_init]
                  00002060    00000018     (__TI_cinit_table)

.init_array 
*          0    00000000    00000000     UNINITIALIZED

.vtable    0    20000000    0000026c     UNINITIALIZED
                  20000000    0000026c     driverlib.lib : interrupt.obj (.vtable)

.stack     0    20000270    00001000     UNINITIALIZED
                  20000270    00000004     rtsv7M4_T_le_v4SPD16_eabi.lib : boot_cortex_m.c.obj (.stack)
                  20000274    00000ffc     --HOLE--

.sysmem    0    20001270    00001000     UNINITIALIZED
                  20001270    00000010     rtsv7M4_T_le_v4SPD16_eabi.lib : memory.c.obj (.sysmem)
                  20001280    00000ff0     --HOLE--

.data      0    20002270    00000029     UNINITIALIZED
                  20002270    00000018     open_interface.obj (.data)
                  20002288    00000008     rtsv7M4_T_le_v4SPD16_eabi.lib : _lock.c.obj (.data:$O1$$)
                  20002290    00000008                                   : memory.c.obj (.data:$O1$$)
                  20002298    00000001     Timer.obj (.data)

.bss       0    2000229c    0000001c     UNINITIALIZED
                  2000229c    00000018     open_interface.obj (.bss:firmware$2)
                  200022b4    00000004     (.common:_timeout_ticks)

__llvm_prf_cnts 
*          0    20000000    00000000     UNINITIALIZED

MODULE SUMMARY

       Module                         code   ro data   rw data
       ------                         ----   -------   -------
    .\
       open_interface.obj             3120   15        48     
       movement.obj                   852    0         0      
       tm4c123gh6pm_startup_ccs.obj   12     620       0      
       Timer.obj                      584    0         5      
       resetSimulation.obj            96     0         0      
       helloworld.obj                 48     0         0      
    +--+------------------------------+------+---------+---------+
       Total:                         4712   635       53     
                                                              
    C:/ti/TivaWare_C_Series-2.1.4.178/driverlib/ccs/Debug/driverlib.lib
       interrupt.obj                  68     0         620    
       cpu.obj                        12     0         0      
    +--+------------------------------+------+---------+---------+
       Total:                         80     0         620    
                                                              
    C:\ti\ccs1010\ccs\tools\compiler\ti-cgt-arm_20.2.1.LTS\lib\rtsv7M4_T_le_v4SPD16_eabi.lib
       memory.c.obj                   736    0         8      
       fd_add_t2.asm.obj              438    0         0      
       fd_div_t2.asm.obj              310    0         0      
       fd_cmp_t2.asm.obj              268    0         0      
       fd_mul_t2.asm.obj              252    0         0      
       memcpy_t2.asm.obj              156    0         0      
       memset_t2.asm.obj              122    0         0      
       fd_tos_t2.asm.obj              110    0         0      
       copy_decompress_lzss.c.obj     104    0         0      
       autoinit.c.obj                 68     0         0      
       fs_tod_t2.asm.obj              56     0         0      
       boot_cortex_m.c.obj            52     0         0      
       i_tofd_t2.asm.obj              46     0         0      
       copy_zero_init.c.obj           28     0         0      
       strcmp.c.obj                   24     0         0      
       copy_decompress_none.c.obj     14     0         0      
       _lock.c.obj                    2      0         8      
       exit.c.obj                     4      0         0      
       pre_init.c.obj                 4      0         0      
    +--+------------------------------+------+---------+---------+
       Total:                         2794   0         16     
                                                              
       Heap:                          0      0         4096   
       Stack:                         0      0         4096   
       Linker Generated:              0      76        0      
    +--+------------------------------+------+---------+---------+
       Grand Total:                   7586   711       8881   


LINKER GENERATED COPY TABLES

__TI_cinit_table @ 00002060 records: 3, size/record: 8, table size: 24
	.data: load addr=00002028, load size=00000018 bytes, run addr=20002270, run size=00000029 bytes, compression=lzss
	.bss: load addr=00002050, load size=00000008 bytes, run addr=2000229c, run size=0000001c bytes, compression=zero_init
	.vtable: load addr=00002058, load size=00000008 bytes, run addr=20000000, run size=0000026c bytes, compression=zero_init


LINKER GENERATED HANDLER TABLE

__TI_handler_table @ 00002040 records: 3, size/record: 4, table size: 12
	index: 0, handler: __TI_zero_init
	index: 1, handler: __TI_decompress_lzss
	index: 2, handler: __TI_decompress_none


GLOBAL SYMBOLS: SORTED ALPHABETICALLY BY Name 

address   name                          
-------   ----                          
0000200f  C$$EXIT                       
00001feb  CPUcpsie                      
00000bc3  GPIOF_Handler                 
00001fcd  IntMasterEnable               
00001e75  IntRegister                   
00001ff7  ResetISR                      
20001270  __STACK_END                   
00001000  __STACK_SIZE                  
20000470  __STACK_TOP                   
00001000  __SYSMEM_SIZE                 
00002060  __TI_CINIT_Base               
00002078  __TI_CINIT_Limit              
00002040  __TI_Handler_Table_Base       
0000204c  __TI_Handler_Table_Limit      
00001dc1  __TI_auto_init_nobinit_nopinit
00001cf7  __TI_decompress_lzss          
00001fdd  __TI_decompress_none          
ffffffff  __TI_pprof_out_hndl           
ffffffff  __TI_prof_data_size           
ffffffff  __TI_prof_data_start          
00000000  __TI_static_base__            
00001f65  __TI_zero_init_nomemset       
00001a91  __aeabi_cdcmpeq               
00001a91  __aeabi_cdcmple               
00001b17  __aeabi_cdrcmple              
00001c89  __aeabi_d2f                   
0000142b  __aeabi_dadd                  
000015d7  __aeabi_ddiv                  
00001815  __aeabi_dmul                  
00001421  __aeabi_dsub                  
00001e3d  __aeabi_f2d                   
00001f0d  __aeabi_i2d                   
00001b9d  __aeabi_memclr                
00001b9d  __aeabi_memclr4               
00001b9d  __aeabi_memclr8               
000019f5  __aeabi_memcpy                
000019f5  __aeabi_memcpy4               
000019f5  __aeabi_memcpy8               
00001b9f  __aeabi_memset                
00001b9f  __aeabi_memset4               
00001b9f  __aeabi_memset8               
ffffffff  __binit__                     
ffffffff  __c_args__                    
UNDEFED   __mpu_init                    
20000270  __stack                       
20000000  __start___llvm_prf_cnts       
20000000  __stop___llvm_prf_cnts        
00001ea9  _c_int00_noargs               
20002288  _lock                         
00001c17  _nop                          
20002298  _running                      
20001270  _sys_memory                   
UNDEFED   _system_post_cinit            
0000200b  _system_pre_init              
200022b4  _timeout_ticks                
2000228c  _unlock                       
0000200f  abort                         
0000170d  aligned_alloc                 
ffffffff  binit                         
00001e05  calloc                        
00001911  free                          
20000000  g_pfnRAMVectors               
00000000  g_pfnVectors                  
0000097f  go_charge                     
00001edd  main                          
00002003  malloc                        
0000170d  memalign                      
000019f5  memcpy                        
00001ba5  memset                        
20002270  motor_cal_factor_L            
20002274  motor_cal_factor_R            
00000f03  move_backwards                
00000e85  move_forward                  
0000026d  oi_alloc                      
00000aa9  oi_checkFirmware              
000002c7  oi_close                      
00000279  oi_free                       
00000d29  oi_getDistance                
00000ded  oi_getMotorCalibrationLeft    
00000e01  oi_getMotorCalibrationRight   
000002b1  oi_init                       
00000289  oi_init_noupdate              
00000915  oi_loadSong                   
00001f9d  oi_parseInt                   
0000032b  oi_parsePacket                
0000096b  oi_play_song                  
0000084b  oi_setLeds                    
00000db1  oi_setMotorCalibration        
0000088f  oi_setWheels                  
00000b51  oi_shutoff_init               
0000098d  oi_uartInit                   
00000a31  oi_uartReceive                
00000a77  oi_uartSendBuff               
00000a15  oi_uartSendChar               
00000a59  oi_uartSendStr                
000002d9  oi_update                     
00001d61  resetSimulationBoard          
00001fb5  strcmp                        
000012f7  timer_getMicros               
0000129f  timer_getMillis               
000011d9  timer_init                    
0000127b  timer_pause                   
0000128d  timer_resume                  
00001251  timer_stop                    
00001351  timer_waitMicros              
00001383  timer_waitMillis              
00001033  traversal                     
00000fcd  turn_left                     
00000f67  turn_right                    


GLOBAL SYMBOLS: SORTED BY Symbol Address 

address   name                          
-------   ----                          
00000000  __TI_static_base__            
00000000  g_pfnVectors                  
0000026d  oi_alloc                      
00000279  oi_free                       
00000289  oi_init_noupdate              
000002b1  oi_init                       
000002c7  oi_close                      
000002d9  oi_update                     
0000032b  oi_parsePacket                
0000084b  oi_setLeds                    
0000088f  oi_setWheels                  
00000915  oi_loadSong                   
0000096b  oi_play_song                  
0000097f  go_charge                     
0000098d  oi_uartInit                   
00000a15  oi_uartSendChar               
00000a31  oi_uartReceive                
00000a59  oi_uartSendStr                
00000a77  oi_uartSendBuff               
00000aa9  oi_checkFirmware              
00000b51  oi_shutoff_init               
00000bc3  GPIOF_Handler                 
00000d29  oi_getDistance                
00000db1  oi_setMotorCalibration        
00000ded  oi_getMotorCalibrationLeft    
00000e01  oi_getMotorCalibrationRight   
00000e85  move_forward                  
00000f03  move_backwards                
00000f67  turn_right                    
00000fcd  turn_left                     
00001000  __STACK_SIZE                  
00001000  __SYSMEM_SIZE                 
00001033  traversal                     
000011d9  timer_init                    
00001251  timer_stop                    
0000127b  timer_pause                   
0000128d  timer_resume                  
0000129f  timer_getMillis               
000012f7  timer_getMicros               
00001351  timer_waitMicros              
00001383  timer_waitMillis              
00001421  __aeabi_dsub                  
0000142b  __aeabi_dadd                  
000015d7  __aeabi_ddiv                  
0000170d  aligned_alloc                 
0000170d  memalign                      
00001815  __aeabi_dmul                  
00001911  free                          
000019f5  __aeabi_memcpy                
000019f5  __aeabi_memcpy4               
000019f5  __aeabi_memcpy8               
000019f5  memcpy                        
00001a91  __aeabi_cdcmpeq               
00001a91  __aeabi_cdcmple               
00001b17  __aeabi_cdrcmple              
00001b9d  __aeabi_memclr                
00001b9d  __aeabi_memclr4               
00001b9d  __aeabi_memclr8               
00001b9f  __aeabi_memset                
00001b9f  __aeabi_memset4               
00001b9f  __aeabi_memset8               
00001ba5  memset                        
00001c17  _nop                          
00001c89  __aeabi_d2f                   
00001cf7  __TI_decompress_lzss          
00001d61  resetSimulationBoard          
00001dc1  __TI_auto_init_nobinit_nopinit
00001e05  calloc                        
00001e3d  __aeabi_f2d                   
00001e75  IntRegister                   
00001ea9  _c_int00_noargs               
00001edd  main                          
00001f0d  __aeabi_i2d                   
00001f65  __TI_zero_init_nomemset       
00001f9d  oi_parseInt                   
00001fb5  strcmp                        
00001fcd  IntMasterEnable               
00001fdd  __TI_decompress_none          
00001feb  CPUcpsie                      
00001ff7  ResetISR                      
00002003  malloc                        
0000200b  _system_pre_init              
0000200f  C$$EXIT                       
0000200f  abort                         
00002040  __TI_Handler_Table_Base       
0000204c  __TI_Handler_Table_Limit      
00002060  __TI_CINIT_Base               
00002078  __TI_CINIT_Limit              
20000000  __start___llvm_prf_cnts       
20000000  __stop___llvm_prf_cnts        
20000000  g_pfnRAMVectors               
20000270  __stack                       
20000470  __STACK_TOP                   
20001270  __STACK_END                   
20001270  _sys_memory                   
20002270  motor_cal_factor_L            
20002274  motor_cal_factor_R            
20002288  _lock                         
2000228c  _unlock                       
20002298  _running                      
200022b4  _timeout_ticks                
ffffffff  __TI_pprof_out_hndl           
ffffffff  __TI_prof_data_size           
ffffffff  __TI_prof_data_start          
ffffffff  __binit__                     
ffffffff  __c_args__                    
ffffffff  binit                         
UNDEFED   __mpu_init                    
UNDEFED   _system_post_cinit            

[109 symbols]
