<?xml version="1.0" encoding="ISO-8859-1" ?>
<link_info>
   <banner>TI ARM Linker PC v20.2.1.LTS</banner>
   <copyright>Copyright (c) 1996-2018 Texas Instruments Incorporated</copyright>
   <link_time>0x60395c2a</link_time>
   <link_errors>0x0</link_errors>
   <output_file>Lab4.out</output_file>
   <entry_point>
      <name>_c_int00_noargs</name>
      <address>0x44f5</address>
   </entry_point>
   <input_file_list>
      <input_file id="fl-2">
         <path>.\</path>
         <kind>object</kind>
         <file>Timer.obj</file>
         <name>Timer.obj</name>
      </input_file>
      <input_file id="fl-3">
         <path>.\</path>
         <kind>object</kind>
         <file>button.obj</file>
         <name>button.obj</name>
      </input_file>
      <input_file id="fl-4">
         <path>.\</path>
         <kind>object</kind>
         <file>lcd.obj</file>
         <name>lcd.obj</name>
      </input_file>
      <input_file id="fl-5">
         <path>.\</path>
         <kind>object</kind>
         <file>main.obj</file>
         <name>main.obj</name>
      </input_file>
      <input_file id="fl-6">
         <path>.\</path>
         <kind>object</kind>
         <file>movement.obj</file>
         <name>movement.obj</name>
      </input_file>
      <input_file id="fl-7">
         <path>.\</path>
         <kind>object</kind>
         <file>open_interface.obj</file>
         <name>open_interface.obj</name>
      </input_file>
      <input_file id="fl-8">
         <path>.\</path>
         <kind>object</kind>
         <file>resetSimulation.obj</file>
         <name>resetSimulation.obj</name>
      </input_file>
      <input_file id="fl-9">
         <path>.\</path>
         <kind>object</kind>
         <file>tm4c123gh6pm_startup_ccs.obj</file>
         <name>tm4c123gh6pm_startup_ccs.obj</name>
      </input_file>
      <input_file id="fl-10">
         <kind>object</kind>
         <file>&lt;internal&gt;</file>
         <name>&lt;internal&gt;</name>
      </input_file>
      <input_file id="fl-11">
         <path>..\</path>
         <kind>archive</kind>
         <file>libcybotFindObjects.lib</file>
         <name>cyBot_FindObjects.obj</name>
      </input_file>
      <input_file id="fl-12">
         <path>..\</path>
         <kind>archive</kind>
         <file>libcybotFindObjects.lib</file>
         <name>ir.obj</name>
      </input_file>
      <input_file id="fl-13">
         <path>..\</path>
         <kind>archive</kind>
         <file>libcybotFindObjects.lib</file>
         <name>ping.obj</name>
      </input_file>
      <input_file id="fl-14">
         <path>..\</path>
         <kind>archive</kind>
         <file>libcybotFindObjects.lib</file>
         <name>servo.obj</name>
      </input_file>
      <input_file id="fl-15">
         <path>..\</path>
         <kind>archive</kind>
         <file>libcybotUART.lib</file>
         <name>uart.obj</name>
      </input_file>
      <input_file id="fl-cb">
         <path>C:\ti\ccs1010\ccs\tools\compiler\ti-cgt-arm_20.2.1.LTS\lib\</path>
         <kind>archive</kind>
         <file>rtsv7M4_T_le_v4SPD16_eabi.lib</file>
         <name>sprintf.c.obj</name>
      </input_file>
      <input_file id="fl-cc">
         <path>C:\ti\ccs1010\ccs\tools\compiler\ti-cgt-arm_20.2.1.LTS\lib\</path>
         <kind>archive</kind>
         <file>rtsv7M4_T_le_v4SPD16_eabi.lib</file>
         <name>vsnprintf.c.obj</name>
      </input_file>
      <input_file id="fl-cd">
         <path>C:\ti\ccs1010\ccs\tools\compiler\ti-cgt-arm_20.2.1.LTS\lib\</path>
         <kind>archive</kind>
         <file>rtsv7M4_T_le_v4SPD16_eabi.lib</file>
         <name>fd_add_t2.asm.obj</name>
      </input_file>
      <input_file id="fl-ce">
         <path>C:\ti\ccs1010\ccs\tools\compiler\ti-cgt-arm_20.2.1.LTS\lib\</path>
         <kind>archive</kind>
         <file>rtsv7M4_T_le_v4SPD16_eabi.lib</file>
         <name>fd_cmp_t2.asm.obj</name>
      </input_file>
      <input_file id="fl-cf">
         <path>C:\ti\ccs1010\ccs\tools\compiler\ti-cgt-arm_20.2.1.LTS\lib\</path>
         <kind>archive</kind>
         <file>rtsv7M4_T_le_v4SPD16_eabi.lib</file>
         <name>fd_div_t2.asm.obj</name>
      </input_file>
      <input_file id="fl-d0">
         <path>C:\ti\ccs1010\ccs\tools\compiler\ti-cgt-arm_20.2.1.LTS\lib\</path>
         <kind>archive</kind>
         <file>rtsv7M4_T_le_v4SPD16_eabi.lib</file>
         <name>fd_mul_t2.asm.obj</name>
      </input_file>
      <input_file id="fl-d1">
         <path>C:\ti\ccs1010\ccs\tools\compiler\ti-cgt-arm_20.2.1.LTS\lib\</path>
         <kind>archive</kind>
         <file>rtsv7M4_T_le_v4SPD16_eabi.lib</file>
         <name>fd_tos_t2.asm.obj</name>
      </input_file>
      <input_file id="fl-d2">
         <path>C:\ti\ccs1010\ccs\tools\compiler\ti-cgt-arm_20.2.1.LTS\lib\</path>
         <kind>archive</kind>
         <file>rtsv7M4_T_le_v4SPD16_eabi.lib</file>
         <name>fs_tod_t2.asm.obj</name>
      </input_file>
      <input_file id="fl-d3">
         <path>C:\ti\ccs1010\ccs\tools\compiler\ti-cgt-arm_20.2.1.LTS\lib\</path>
         <kind>archive</kind>
         <file>rtsv7M4_T_le_v4SPD16_eabi.lib</file>
         <name>i_tofd_t2.asm.obj</name>
      </input_file>
      <input_file id="fl-d4">
         <path>C:\ti\ccs1010\ccs\tools\compiler\ti-cgt-arm_20.2.1.LTS\lib\</path>
         <kind>archive</kind>
         <file>rtsv7M4_T_le_v4SPD16_eabi.lib</file>
         <name>memcpy_t2.asm.obj</name>
      </input_file>
      <input_file id="fl-d5">
         <path>C:\ti\ccs1010\ccs\tools\compiler\ti-cgt-arm_20.2.1.LTS\lib\</path>
         <kind>archive</kind>
         <file>rtsv7M4_T_le_v4SPD16_eabi.lib</file>
         <name>copy_zero_init.c.obj</name>
      </input_file>
      <input_file id="fl-d6">
         <path>C:\ti\ccs1010\ccs\tools\compiler\ti-cgt-arm_20.2.1.LTS\lib\</path>
         <kind>archive</kind>
         <file>rtsv7M4_T_le_v4SPD16_eabi.lib</file>
         <name>copy_decompress_none.c.obj</name>
      </input_file>
      <input_file id="fl-d7">
         <path>C:\ti\ccs1010\ccs\tools\compiler\ti-cgt-arm_20.2.1.LTS\lib\</path>
         <kind>archive</kind>
         <file>rtsv7M4_T_le_v4SPD16_eabi.lib</file>
         <name>copy_decompress_lzss.c.obj</name>
      </input_file>
      <input_file id="fl-d8">
         <path>C:\ti\ccs1010\ccs\tools\compiler\ti-cgt-arm_20.2.1.LTS\lib\</path>
         <kind>archive</kind>
         <file>rtsv7M4_T_le_v4SPD16_eabi.lib</file>
         <name>memory.c.obj</name>
      </input_file>
      <input_file id="fl-d9">
         <path>C:\ti\ccs1010\ccs\tools\compiler\ti-cgt-arm_20.2.1.LTS\lib\</path>
         <kind>archive</kind>
         <file>rtsv7M4_T_le_v4SPD16_eabi.lib</file>
         <name>strcmp.c.obj</name>
      </input_file>
      <input_file id="fl-da">
         <path>C:\ti\ccs1010\ccs\tools\compiler\ti-cgt-arm_20.2.1.LTS\lib\</path>
         <kind>archive</kind>
         <file>rtsv7M4_T_le_v4SPD16_eabi.lib</file>
         <name>strcpy.c.obj</name>
      </input_file>
      <input_file id="fl-db">
         <path>C:\ti\ccs1010\ccs\tools\compiler\ti-cgt-arm_20.2.1.LTS\lib\</path>
         <kind>archive</kind>
         <file>rtsv7M4_T_le_v4SPD16_eabi.lib</file>
         <name>strlen.c.obj</name>
      </input_file>
      <input_file id="fl-dc">
         <path>C:\ti\ccs1010\ccs\tools\compiler\ti-cgt-arm_20.2.1.LTS\lib\</path>
         <kind>archive</kind>
         <file>rtsv7M4_T_le_v4SPD16_eabi.lib</file>
         <name>boot_cortex_m.c.obj</name>
      </input_file>
      <input_file id="fl-dd">
         <path>C:\ti\ccs1010\ccs\tools\compiler\ti-cgt-arm_20.2.1.LTS\lib\</path>
         <kind>archive</kind>
         <file>rtsv7M4_T_le_v4SPD16_eabi.lib</file>
         <name>_printfi.c.obj</name>
      </input_file>
      <input_file id="fl-de">
         <path>C:\ti\ccs1010\ccs\tools\compiler\ti-cgt-arm_20.2.1.LTS\lib\</path>
         <kind>archive</kind>
         <file>rtsv7M4_T_le_v4SPD16_eabi.lib</file>
         <name>memset_t2.asm.obj</name>
      </input_file>
      <input_file id="fl-df">
         <path>C:\ti\ccs1010\ccs\tools\compiler\ti-cgt-arm_20.2.1.LTS\lib\</path>
         <kind>archive</kind>
         <file>rtsv7M4_T_le_v4SPD16_eabi.lib</file>
         <name>fd_toi_t2.asm.obj</name>
      </input_file>
      <input_file id="fl-e0">
         <path>C:\ti\ccs1010\ccs\tools\compiler\ti-cgt-arm_20.2.1.LTS\lib\</path>
         <kind>archive</kind>
         <file>rtsv7M4_T_le_v4SPD16_eabi.lib</file>
         <name>ull_div_t2.asm.obj</name>
      </input_file>
      <input_file id="fl-e1">
         <path>C:\ti\ccs1010\ccs\tools\compiler\ti-cgt-arm_20.2.1.LTS\lib\</path>
         <kind>archive</kind>
         <file>rtsv7M4_T_le_v4SPD16_eabi.lib</file>
         <name>autoinit.c.obj</name>
      </input_file>
      <input_file id="fl-e2">
         <path>C:\ti\ccs1010\ccs\tools\compiler\ti-cgt-arm_20.2.1.LTS\lib\</path>
         <kind>archive</kind>
         <file>rtsv7M4_T_le_v4SPD16_eabi.lib</file>
         <name>pre_init.c.obj</name>
      </input_file>
      <input_file id="fl-e3">
         <path>C:\ti\ccs1010\ccs\tools\compiler\ti-cgt-arm_20.2.1.LTS\lib\</path>
         <kind>archive</kind>
         <file>rtsv7M4_T_le_v4SPD16_eabi.lib</file>
         <name>cpy_tbl.c.obj</name>
      </input_file>
      <input_file id="fl-e4">
         <path>C:\ti\ccs1010\ccs\tools\compiler\ti-cgt-arm_20.2.1.LTS\lib\</path>
         <kind>archive</kind>
         <file>rtsv7M4_T_le_v4SPD16_eabi.lib</file>
         <name>exit.c.obj</name>
      </input_file>
      <input_file id="fl-e5">
         <path>C:\ti\ccs1010\ccs\tools\compiler\ti-cgt-arm_20.2.1.LTS\lib\</path>
         <kind>archive</kind>
         <file>rtsv7M4_T_le_v4SPD16_eabi.lib</file>
         <name>_lock.c.obj</name>
      </input_file>
      <input_file id="fl-e6">
         <path>C:\ti\ccs1010\ccs\tools\compiler\ti-cgt-arm_20.2.1.LTS\lib\</path>
         <kind>archive</kind>
         <file>rtsv7M4_T_le_v4SPD16_eabi.lib</file>
         <name>_ltoa.c.obj</name>
      </input_file>
      <input_file id="fl-e7">
         <path>C:\ti\ccs1010\ccs\tools\compiler\ti-cgt-arm_20.2.1.LTS\lib\</path>
         <kind>archive</kind>
         <file>rtsv7M4_T_le_v4SPD16_eabi.lib</file>
         <name>args_main.c.obj</name>
      </input_file>
      <input_file id="fl-e8">
         <path>C:\ti\ccs1010\ccs\tools\compiler\ti-cgt-arm_20.2.1.LTS\lib\</path>
         <kind>archive</kind>
         <file>rtsv7M4_T_le_v4SPD16_eabi.lib</file>
         <name>atoi.c.obj</name>
      </input_file>
      <input_file id="fl-e9">
         <path>C:\ti\ccs1010\ccs\tools\compiler\ti-cgt-arm_20.2.1.LTS\lib\</path>
         <kind>archive</kind>
         <file>rtsv7M4_T_le_v4SPD16_eabi.lib</file>
         <name>ctype.c.obj</name>
      </input_file>
      <input_file id="fl-ea">
         <path>C:\ti\ccs1010\ccs\tools\compiler\ti-cgt-arm_20.2.1.LTS\lib\</path>
         <kind>archive</kind>
         <file>rtsv7M4_T_le_v4SPD16_eabi.lib</file>
         <name>memccpy.c.obj</name>
      </input_file>
      <input_file id="fl-eb">
         <path>C:\ti\ccs1010\ccs\tools\compiler\ti-cgt-arm_20.2.1.LTS\lib\</path>
         <kind>archive</kind>
         <file>rtsv7M4_T_le_v4SPD16_eabi.lib</file>
         <name>strchr.c.obj</name>
      </input_file>
      <input_file id="fl-ec">
         <path>C:\ti\ccs1010\ccs\tools\compiler\ti-cgt-arm_20.2.1.LTS\lib\</path>
         <kind>archive</kind>
         <file>rtsv7M4_T_le_v4SPD16_eabi.lib</file>
         <name>errno.c.obj</name>
      </input_file>
      <input_file id="fl-ed">
         <path>C:\ti\ccs1010\ccs\tools\compiler\ti-cgt-arm_20.2.1.LTS\lib\</path>
         <kind>archive</kind>
         <file>rtsv7M4_T_le_v4SPD16_eabi.lib</file>
         <name>s_frexp.c.obj</name>
      </input_file>
      <input_file id="fl-ee">
         <path>C:\ti\ccs1010\ccs\tools\compiler\ti-cgt-arm_20.2.1.LTS\lib\</path>
         <kind>archive</kind>
         <file>rtsv7M4_T_le_v4SPD16_eabi.lib</file>
         <name>s_scalbn.c.obj</name>
      </input_file>
      <input_file id="fl-ef">
         <path>C:\ti\ccs1010\ccs\tools\compiler\ti-cgt-arm_20.2.1.LTS\lib\</path>
         <kind>archive</kind>
         <file>rtsv7M4_T_le_v4SPD16_eabi.lib</file>
         <name>wcslen.c.obj</name>
      </input_file>
      <input_file id="fl-f0">
         <path>C:\ti\ccs1010\ccs\tools\compiler\ti-cgt-arm_20.2.1.LTS\lib\</path>
         <kind>archive</kind>
         <file>rtsv7M4_T_le_v4SPD16_eabi.lib</file>
         <name>div0.asm.obj</name>
      </input_file>
      <input_file id="fl-f1">
         <path>C:\ti\ccs1010\ccs\tools\compiler\ti-cgt-arm_20.2.1.LTS\lib\</path>
         <kind>archive</kind>
         <file>rtsv7M4_T_le_v4SPD16_eabi.lib</file>
         <name>s_copysign.c.obj</name>
      </input_file>
      <input_file id="fl-f2">
         <path>C:\ti\TivaWare_C_Series-2.1.4.178\driverlib\ccs\Debug\</path>
         <kind>archive</kind>
         <file>driverlib.lib</file>
         <name>interrupt.obj</name>
      </input_file>
      <input_file id="fl-f3">
         <path>C:\ti\TivaWare_C_Series-2.1.4.178\driverlib\ccs\Debug\</path>
         <kind>archive</kind>
         <file>driverlib.lib</file>
         <name>cpu.obj</name>
      </input_file>
   </input_file_list>
   <object_component_list>
      <object_component id="oc-12">
         <name>.intvecs</name>
         <load_address>0x0</load_address>
         <run_address>0x0</run_address>
         <size>0x26c</size>
         <input_file_ref idref="fl-9"/>
      </object_component>
      <object_component id="oc-ef">
         <name>.text</name>
         <load_address>0x26c</load_address>
         <run_address>0x26c</run_address>
         <size>0xc20</size>
         <input_file_ref idref="fl-7"/>
      </object_component>
      <object_component id="oc-1ea">
         <name>.text:__TI_printfi</name>
         <load_address>0xe8c</load_address>
         <run_address>0xe8c</run_address>
         <size>0xa4e</size>
         <input_file_ref idref="fl-dd"/>
      </object_component>
      <object_component id="oc-2f2">
         <name>.text:_nop</name>
         <load_address>0x18da</load_address>
         <run_address>0x18da</run_address>
         <size>0x2</size>
         <input_file_ref idref="fl-e5"/>
      </object_component>
      <object_component id="oc-10b">
         <name>.text</name>
         <load_address>0x18dc</load_address>
         <run_address>0x18dc</run_address>
         <size>0x790</size>
         <input_file_ref idref="fl-6"/>
      </object_component>
      <object_component id="oc-e3">
         <name>.text</name>
         <load_address>0x206c</load_address>
         <run_address>0x206c</run_address>
         <size>0x328</size>
         <input_file_ref idref="fl-4"/>
      </object_component>
      <object_component id="oc-2c3">
         <name>.text:_pconv_a</name>
         <load_address>0x2394</load_address>
         <run_address>0x2394</run_address>
         <size>0x270</size>
         <input_file_ref idref="fl-dd"/>
      </object_component>
      <object_component id="oc-dd">
         <name>.text</name>
         <load_address>0x2604</load_address>
         <run_address>0x2604</run_address>
         <size>0x248</size>
         <input_file_ref idref="fl-2"/>
      </object_component>
      <object_component id="oc-1d6">
         <name>.text</name>
         <load_address>0x284c</load_address>
         <run_address>0x284c</run_address>
         <size>0x1ec</size>
         <input_file_ref idref="fl-13"/>
      </object_component>
      <object_component id="oc-2b1">
         <name>.text:_pconv_g</name>
         <load_address>0x2a38</load_address>
         <run_address>0x2a38</run_address>
         <size>0x1d0</size>
         <input_file_ref idref="fl-dd"/>
      </object_component>
      <object_component id="oc-1bb">
         <name>.text</name>
         <load_address>0x2c08</load_address>
         <run_address>0x2c08</run_address>
         <size>0x1b6</size>
         <input_file_ref idref="fl-cd"/>
      </object_component>
      <object_component id="oc-3ae">
         <name>.text</name>
         <load_address>0x2dbe</load_address>
         <run_address>0x2dbe</run_address>
         <size>0x2</size>
         <input_file_ref idref="fl-f0"/>
      </object_component>
      <object_component id="oc-a2">
         <name>.text</name>
         <load_address>0x2dc0</load_address>
         <run_address>0x2dc0</run_address>
         <size>0x16a</size>
         <input_file_ref idref="fl-5"/>
      </object_component>
      <object_component id="oc-e9">
         <name>.text</name>
         <load_address>0x2f2c</load_address>
         <run_address>0x2f2c</run_address>
         <size>0x15c</size>
         <input_file_ref idref="fl-15"/>
      </object_component>
      <object_component id="oc-f5">
         <name>.text</name>
         <load_address>0x3088</load_address>
         <run_address>0x3088</run_address>
         <size>0x158</size>
         <input_file_ref idref="fl-11"/>
      </object_component>
      <object_component id="oc-2bd">
         <name>.text:_pconv_e</name>
         <load_address>0x31e0</load_address>
         <run_address>0x31e0</run_address>
         <size>0x13c</size>
         <input_file_ref idref="fl-dd"/>
      </object_component>
      <object_component id="oc-1b1">
         <name>.text</name>
         <load_address>0x331c</load_address>
         <run_address>0x331c</run_address>
         <size>0x136</size>
         <input_file_ref idref="fl-cf"/>
      </object_component>
      <object_component id="oc-356">
         <name>.text:fcvt</name>
         <load_address>0x3454</load_address>
         <run_address>0x3454</run_address>
         <size>0x124</size>
         <input_file_ref idref="fl-dd"/>
      </object_component>
      <object_component id="oc-1d0">
         <name>.text</name>
         <load_address>0x3578</load_address>
         <run_address>0x3578</run_address>
         <size>0x124</size>
         <input_file_ref idref="fl-14"/>
      </object_component>
      <object_component id="oc-1dc">
         <name>.text</name>
         <load_address>0x369c</load_address>
         <run_address>0x369c</run_address>
         <size>0x118</size>
         <input_file_ref idref="fl-12"/>
      </object_component>
      <object_component id="oc-36a">
         <name>.text:scalbn</name>
         <load_address>0x37b4</load_address>
         <run_address>0x37b4</run_address>
         <size>0x110</size>
         <input_file_ref idref="fl-ee"/>
      </object_component>
      <object_component id="oc-322">
         <name>.text:aligned_alloc</name>
         <load_address>0x38c4</load_address>
         <run_address>0x38c4</run_address>
         <size>0x108</size>
         <input_file_ref idref="fl-d8"/>
      </object_component>
      <object_component id="oc-1ac">
         <name>.text</name>
         <load_address>0x39cc</load_address>
         <run_address>0x39cc</run_address>
         <size>0xfc</size>
         <input_file_ref idref="fl-d0"/>
      </object_component>
      <object_component id="oc-196">
         <name>.text:free</name>
         <load_address>0x3ac8</load_address>
         <run_address>0x3ac8</run_address>
         <size>0xe4</size>
         <input_file_ref idref="fl-d8"/>
      </object_component>
      <object_component id="oc-2ab">
         <name>.text:_ltostr</name>
         <load_address>0x3bac</load_address>
         <run_address>0x3bac</run_address>
         <size>0xb1</size>
         <input_file_ref idref="fl-dd"/>
      </object_component>
      <object_component id="oc-3e">
         <name>.text</name>
         <load_address>0x3c5e</load_address>
         <run_address>0x3c5e</run_address>
         <size>0x9c</size>
         <input_file_ref idref="fl-d4"/>
      </object_component>
      <object_component id="oc-338">
         <name>.text</name>
         <load_address>0x3cfa</load_address>
         <run_address>0x3cfa</run_address>
         <size>0x96</size>
         <input_file_ref idref="fl-e0"/>
      </object_component>
      <object_component id="oc-d7">
         <name>.text</name>
         <load_address>0x3d90</load_address>
         <run_address>0x3d90</run_address>
         <size>0x8c</size>
         <input_file_ref idref="fl-3"/>
      </object_component>
      <object_component id="oc-106">
         <name>.text:__aeabi_cdcmple</name>
         <load_address>0x3e1c</load_address>
         <run_address>0x3e1c</run_address>
         <size>0x86</size>
         <input_file_ref idref="fl-ce"/>
      </object_component>
      <object_component id="oc-1ff">
         <name>.text:__aeabi_cdrcmple</name>
         <load_address>0x3ea2</load_address>
         <run_address>0x3ea2</run_address>
         <size>0x86</size>
         <input_file_ref idref="fl-ce"/>
      </object_component>
      <object_component id="oc-96">
         <name>.text</name>
         <load_address>0x3f28</load_address>
         <run_address>0x3f28</run_address>
         <size>0x7a</size>
         <input_file_ref idref="fl-de"/>
      </object_component>
      <object_component id="oc-3a0">
         <name>.text:split</name>
         <load_address>0x3fa4</load_address>
         <run_address>0x3fa4</run_address>
         <size>0x70</size>
         <input_file_ref idref="fl-d8"/>
      </object_component>
      <object_component id="oc-34f">
         <name>.text:_mcpy</name>
         <load_address>0x4014</load_address>
         <run_address>0x4014</run_address>
         <size>0x6e</size>
         <input_file_ref idref="fl-dd"/>
      </object_component>
      <object_component id="oc-1c3">
         <name>.text</name>
         <load_address>0x4082</load_address>
         <run_address>0x4082</run_address>
         <size>0x6e</size>
         <input_file_ref idref="fl-d1"/>
      </object_component>
      <object_component id="oc-15">
         <name>.text:decompress:lzss:__TI_decompress_lzss</name>
         <load_address>0x40f0</load_address>
         <run_address>0x40f0</run_address>
         <size>0x68</size>
         <input_file_ref idref="fl-d7"/>
      </object_component>
      <object_component id="oc-364">
         <name>.text:frexp</name>
         <load_address>0x4158</load_address>
         <run_address>0x4158</run_address>
         <size>0x64</size>
         <input_file_ref idref="fl-ed"/>
      </object_component>
      <object_component id="oc-2b7">
         <name>.text:_pconv_f</name>
         <load_address>0x41bc</load_address>
         <run_address>0x41bc</run_address>
         <size>0x56</size>
         <input_file_ref idref="fl-dd"/>
      </object_component>
      <object_component id="oc-343">
         <name>.text:__TI_ltoa</name>
         <load_address>0x4212</load_address>
         <run_address>0x4212</run_address>
         <size>0x54</size>
         <input_file_ref idref="fl-e6"/>
      </object_component>
      <object_component id="oc-349">
         <name>.text:_ecpy</name>
         <load_address>0x4266</load_address>
         <run_address>0x4266</run_address>
         <size>0x52</size>
         <input_file_ref idref="fl-dd"/>
      </object_component>
      <object_component id="oc-2a5">
         <name>.text:atoi</name>
         <load_address>0x42b8</load_address>
         <run_address>0x42b8</run_address>
         <size>0x4c</size>
         <input_file_ref idref="fl-e8"/>
      </object_component>
      <object_component id="oc-33e">
         <name>.text</name>
         <load_address>0x4304</load_address>
         <run_address>0x4304</run_address>
         <size>0x48</size>
         <input_file_ref idref="fl-df"/>
      </object_component>
      <object_component id="oc-125">
         <name>.text:__TI_auto_init_nobinit_nopinit:__TI_auto_init_nobinit_nopinit</name>
         <load_address>0x434c</load_address>
         <run_address>0x434c</run_address>
         <size>0x44</size>
         <input_file_ref idref="fl-e1"/>
      </object_component>
      <object_component id="oc-100">
         <name>.text:sprintf</name>
         <load_address>0x4390</load_address>
         <run_address>0x4390</run_address>
         <size>0x40</size>
         <input_file_ref idref="fl-cb"/>
      </object_component>
      <object_component id="oc-16d">
         <name>.text:vsnprintf</name>
         <load_address>0x43d0</load_address>
         <run_address>0x43d0</run_address>
         <size>0x40</size>
         <input_file_ref idref="fl-cc"/>
      </object_component>
      <object_component id="oc-35c">
         <name>.text:_fcpy</name>
         <load_address>0x4410</load_address>
         <run_address>0x4410</run_address>
         <size>0x3e</size>
         <input_file_ref idref="fl-dd"/>
      </object_component>
      <object_component id="oc-190">
         <name>.text:calloc</name>
         <load_address>0x4450</load_address>
         <run_address>0x4450</run_address>
         <size>0x38</size>
         <input_file_ref idref="fl-d8"/>
      </object_component>
      <object_component id="oc-fb">
         <name>.text</name>
         <load_address>0x4488</load_address>
         <run_address>0x4488</run_address>
         <size>0x38</size>
         <input_file_ref idref="fl-d2"/>
      </object_component>
      <object_component id="oc-15b">
         <name>.text:IntRegister</name>
         <load_address>0x44c0</load_address>
         <run_address>0x44c0</run_address>
         <size>0x34</size>
         <input_file_ref idref="fl-f2"/>
      </object_component>
      <object_component id="oc-5c">
         <name>.text:_c_int00_noargs:_c_int00_noargs</name>
         <load_address>0x44f4</load_address>
         <run_address>0x44f4</run_address>
         <size>0x34</size>
         <input_file_ref idref="fl-dc"/>
      </object_component>
      <object_component id="oc-245">
         <name>.text:_outs</name>
         <load_address>0x4528</load_address>
         <run_address>0x4528</run_address>
         <size>0x30</size>
         <input_file_ref idref="fl-cc"/>
      </object_component>
      <object_component id="oc-1b6">
         <name>.text</name>
         <load_address>0x4558</load_address>
         <run_address>0x4558</run_address>
         <size>0x2e</size>
         <input_file_ref idref="fl-d3"/>
      </object_component>
      <object_component id="oc-27e">
         <name>.text:free_list_insert</name>
         <load_address>0x4588</load_address>
         <run_address>0x4588</run_address>
         <size>0x28</size>
         <input_file_ref idref="fl-d8"/>
      </object_component>
      <object_component id="oc-4a">
         <name>.text:decompress:ZI:__TI_zero_init_nomemset:__TI_zero_init_nomemset</name>
         <load_address>0x45b0</load_address>
         <run_address>0x45b0</run_address>
         <size>0x1c</size>
         <input_file_ref idref="fl-d5"/>
      </object_component>
      <object_component id="oc-278">
         <name>.text:free_list_remove</name>
         <load_address>0x45cc</load_address>
         <run_address>0x45cc</run_address>
         <size>0x1c</size>
         <input_file_ref idref="fl-d8"/>
      </object_component>
      <object_component id="oc-2c9">
         <name>.text:memccpy</name>
         <load_address>0x45e8</load_address>
         <run_address>0x45e8</run_address>
         <size>0x1c</size>
         <input_file_ref idref="fl-ea"/>
      </object_component>
      <object_component id="oc-3c2">
         <name>.text:copysign</name>
         <load_address>0x4604</load_address>
         <run_address>0x4604</run_address>
         <size>0x1a</size>
         <input_file_ref idref="fl-f1"/>
      </object_component>
      <object_component id="oc-24b">
         <name>.text:_outc</name>
         <load_address>0x461e</load_address>
         <run_address>0x461e</run_address>
         <size>0x18</size>
         <input_file_ref idref="fl-cc"/>
      </object_component>
      <object_component id="oc-1f0">
         <name>.text:_outs</name>
         <load_address>0x4636</load_address>
         <run_address>0x4636</run_address>
         <size>0x18</size>
         <input_file_ref idref="fl-cb"/>
      </object_component>
      <object_component id="oc-19c">
         <name>.text:oi_parseInt</name>
         <load_address>0x464e</load_address>
         <run_address>0x464e</run_address>
         <size>0x18</size>
         <input_file_ref idref="fl-7"/>
      </object_component>
      <object_component id="oc-173">
         <name>.text:strcmp</name>
         <load_address>0x4666</load_address>
         <run_address>0x4666</run_address>
         <size>0x18</size>
         <input_file_ref idref="fl-d9"/>
      </object_component>
      <object_component id="oc-370">
         <name>.text:strchr</name>
         <load_address>0x467e</load_address>
         <run_address>0x467e</run_address>
         <size>0x16</size>
         <input_file_ref idref="fl-eb"/>
      </object_component>
      <object_component id="oc-179">
         <name>.text:strcpy</name>
         <load_address>0x4694</load_address>
         <run_address>0x4694</run_address>
         <size>0x14</size>
         <input_file_ref idref="fl-da"/>
      </object_component>
      <object_component id="oc-111">
         <name>.text:strlen</name>
         <load_address>0x46a8</load_address>
         <run_address>0x46a8</run_address>
         <size>0x14</size>
         <input_file_ref idref="fl-db"/>
      </object_component>
      <object_component id="oc-2cf">
         <name>.text:wcslen</name>
         <load_address>0x46bc</load_address>
         <run_address>0x46bc</run_address>
         <size>0x12</size>
         <input_file_ref idref="fl-ef"/>
      </object_component>
      <object_component id="oc-1a3">
         <name>.text:IntMasterEnable</name>
         <load_address>0x46ce</load_address>
         <run_address>0x46ce</run_address>
         <size>0x10</size>
         <input_file_ref idref="fl-f2"/>
      </object_component>
      <object_component id="oc-166">
         <name>.text:lcd_clear</name>
         <load_address>0x46de</load_address>
         <run_address>0x46de</run_address>
         <size>0x10</size>
         <input_file_ref idref="fl-4"/>
      </object_component>
      <object_component id="oc-1b">
         <name>.text:decompress:none:__TI_decompress_none</name>
         <load_address>0x46ee</load_address>
         <run_address>0x46ee</run_address>
         <size>0xe</size>
         <input_file_ref idref="fl-d6"/>
      </object_component>
      <object_component id="oc-285">
         <name>.text:CPUcpsie</name>
         <load_address>0x46fc</load_address>
         <run_address>0x46fc</run_address>
         <size>0xc</size>
         <input_file_ref idref="fl-f3"/>
      </object_component>
      <object_component id="oc-2a">
         <name>.text</name>
         <load_address>0x4708</load_address>
         <run_address>0x4708</run_address>
         <size>0xc</size>
         <input_file_ref idref="fl-9"/>
      </object_component>
      <object_component id="oc-1f6">
         <name>.text:_outc</name>
         <load_address>0x4714</load_address>
         <run_address>0x4714</run_address>
         <size>0xa</size>
         <input_file_ref idref="fl-cb"/>
      </object_component>
      <object_component id="oc-2d5">
         <name>.text:__aeabi_errno_addr</name>
         <load_address>0x4720</load_address>
         <run_address>0x4720</run_address>
         <size>0x8</size>
         <input_file_ref idref="fl-ec"/>
      </object_component>
      <object_component id="oc-271">
         <name>.text:malloc</name>
         <load_address>0x4728</load_address>
         <run_address>0x4728</run_address>
         <size>0x8</size>
         <input_file_ref idref="fl-d8"/>
      </object_component>
      <object_component id="oc-9c">
         <name>.text:_system_pre_init</name>
         <load_address>0x4730</load_address>
         <run_address>0x4730</run_address>
         <size>0x4</size>
         <input_file_ref idref="fl-e2"/>
      </object_component>
      <object_component id="oc-119">
         <name>.text:abort:abort</name>
         <load_address>0x4734</load_address>
         <run_address>0x4734</run_address>
         <size>0x4</size>
         <input_file_ref idref="fl-e4"/>
      </object_component>
      <object_component id="oc-333">
         <name>.const:.string:_ctypes_</name>
         <load_address>0x4738</load_address>
         <run_address>0x4738</run_address>
         <size>0x101</size>
         <input_file_ref idref="fl-e9"/>
      </object_component>
      <object_component id="oc-1c0">
         <name>.const:.string:$P$T0$3</name>
         <load_address>0x4839</load_address>
         <run_address>0x4839</run_address>
         <size>0xf</size>
         <input_file_ref idref="fl-7"/>
      </object_component>
      <object_component id="oc-17f">
         <name>.const:.string:lineAddress$1</name>
         <load_address>0x4848</load_address>
         <run_address>0x4848</run_address>
         <size>0x4</size>
         <input_file_ref idref="fl-4"/>
      </object_component>
      <object_component id="oc-180">
         <name>.const:.string:lineAddresses$2</name>
         <load_address>0x484c</load_address>
         <run_address>0x484c</run_address>
         <size>0x4</size>
         <input_file_ref idref="fl-4"/>
      </object_component>
      <object_component id="oc-41c">
         <name>.cinit..data.load</name>
         <load_address>0x4850</load_address>
         <run_address>0x4850</run_address>
         <size>0x19</size>
      </object_component>
      <object_component id="oc-419">
         <name>__TI_handler_table</name>
         <load_address>0x486c</load_address>
         <run_address>0x486c</run_address>
         <size>0xc</size>
      </object_component>
      <object_component id="oc-41d">
         <name>.cinit..bss.load</name>
         <load_address>0x4878</load_address>
         <run_address>0x4878</run_address>
         <size>0x8</size>
      </object_component>
      <object_component id="oc-41b">
         <name>.cinit..vtable.load</name>
         <load_address>0x4880</load_address>
         <run_address>0x4880</run_address>
         <size>0x8</size>
      </object_component>
      <object_component id="oc-41a">
         <name>__TI_cinit_table</name>
         <load_address>0x4888</load_address>
         <run_address>0x4888</run_address>
         <size>0x18</size>
      </object_component>
      <object_component id="oc-239">
         <name>.vtable</name>
         <uninitialized>true</uninitialized>
         <run_address>0x20000000</run_address>
         <size>0x26c</size>
         <input_file_ref idref="fl-f2"/>
      </object_component>
      <object_component id="oc-161">
         <name>.data</name>
         <load_address>0x20002360</load_address>
         <run_address>0x20002360</run_address>
         <size>0x1</size>
         <input_file_ref idref="fl-2"/>
      </object_component>
      <object_component id="oc-159">
         <name>.data</name>
         <load_address>0x20002361</load_address>
         <run_address>0x20002361</run_address>
         <size>0x1</size>
         <input_file_ref idref="fl-3"/>
      </object_component>
      <object_component id="oc-1a9">
         <name>.data</name>
         <load_address>0x20002328</load_address>
         <run_address>0x20002328</run_address>
         <size>0x20</size>
         <input_file_ref idref="fl-7"/>
      </object_component>
      <object_component id="oc-18c">
         <name>.data</name>
         <load_address>0x20002358</load_address>
         <run_address>0x20002358</run_address>
         <size>0x4</size>
         <input_file_ref idref="fl-15"/>
      </object_component>
      <object_component id="oc-329">
         <name>.data:$O1$$</name>
         <load_address>0x20002350</load_address>
         <run_address>0x20002350</run_address>
         <size>0x8</size>
         <input_file_ref idref="fl-d8"/>
      </object_component>
      <object_component id="oc-21d">
         <name>.data:$O1$$</name>
         <load_address>0x20002348</load_address>
         <run_address>0x20002348</run_address>
         <size>0x8</size>
         <input_file_ref idref="fl-e5"/>
      </object_component>
      <object_component id="oc-380">
         <name>.data</name>
         <load_address>0x2000235c</load_address>
         <run_address>0x2000235c</run_address>
         <size>0x4</size>
         <input_file_ref idref="fl-ec"/>
      </object_component>
      <object_component id="oc-181">
         <name>.bss:lastbuffer$3</name>
         <uninitialized>true</uninitialized>
         <run_address>0x20002270</run_address>
         <size>0x54</size>
         <input_file_ref idref="fl-4"/>
      </object_component>
      <object_component id="oc-1c8">
         <name>.bss:firmware$2</name>
         <uninitialized>true</uninitialized>
         <run_address>0x200022f8</run_address>
         <size>0x18</size>
         <input_file_ref idref="fl-7"/>
      </object_component>
      <object_component id="oc-164">
         <name>.common:_timeout_ticks</name>
         <uninitialized>true</uninitialized>
         <run_address>0x20002310</run_address>
         <size>0x4</size>
      </object_component>
      <object_component id="oc-29f">
         <name>.common:isr_int_value</name>
         <uninitialized>true</uninitialized>
         <run_address>0x20002318</run_address>
         <size>0x4</size>
      </object_component>
      <object_component id="oc-29b">
         <name>.common:risingEdge</name>
         <uninitialized>true</uninitialized>
         <run_address>0x20002320</run_address>
         <size>0x4</size>
      </object_component>
      <object_component id="oc-29c">
         <name>.common:fallingEdge</name>
         <uninitialized>true</uninitialized>
         <run_address>0x20002314</run_address>
         <size>0x4</size>
      </object_component>
      <object_component id="oc-29d">
         <name>.common:pulseLength</name>
         <uninitialized>true</uninitialized>
         <run_address>0x2000231c</run_address>
         <size>0x4</size>
      </object_component>
      <object_component id="oc-298">
         <name>.common:isRisingEdge</name>
         <uninitialized>true</uninitialized>
         <run_address>0x20002324</run_address>
         <size>0x1</size>
      </object_component>
      <object_component id="oc-189">
         <name>.common:isr_char_buffer</name>
         <uninitialized>true</uninitialized>
         <run_address>0x200022c4</run_address>
         <size>0x34</size>
      </object_component>
      <object_component id="oc-24">
         <name>.sysmem</name>
         <uninitialized>true</uninitialized>
         <run_address>0x20001270</run_address>
         <size>0x10</size>
         <input_file_ref idref="fl-d8"/>
      </object_component>
      <object_component id="oc-420">
         <name>.sysmem</name>
         <uninitialized>true</uninitialized>
         <run_address>0x20001270</run_address>
         <size>0x0</size>
      </object_component>
      <object_component id="oc-27">
         <name>.stack</name>
         <uninitialized>true</uninitialized>
         <run_address>0x20000270</run_address>
         <size>0x4</size>
         <input_file_ref idref="fl-dc"/>
      </object_component>
      <object_component id="oc-41f">
         <name>.stack</name>
         <uninitialized>true</uninitialized>
         <run_address>0x20000270</run_address>
         <size>0x0</size>
      </object_component>
      <object_component id="oc-c5">
         <name>.debug_info</name>
         <load_address>0x0</load_address>
         <run_address>0x0</run_address>
         <size>0x2b1</size>
         <input_file_ref idref="fl-2"/>
      </object_component>
      <object_component id="oc-162">
         <name>.debug_info</name>
         <load_address>0x2b1</load_address>
         <run_address>0x2b1</run_address>
         <size>0xbf</size>
         <input_file_ref idref="fl-2"/>
      </object_component>
      <object_component id="oc-de">
         <name>.debug_info</name>
         <load_address>0x370</load_address>
         <run_address>0x370</run_address>
         <size>0x507</size>
         <input_file_ref idref="fl-2"/>
      </object_component>
      <object_component id="oc-77">
         <name>.debug_info</name>
         <load_address>0x877</load_address>
         <run_address>0x877</run_address>
         <size>0x26b</size>
         <input_file_ref idref="fl-2"/>
      </object_component>
      <object_component id="oc-39">
         <name>.debug_info</name>
         <load_address>0xae2</load_address>
         <run_address>0xae2</run_address>
         <size>0x84</size>
         <input_file_ref idref="fl-2"/>
      </object_component>
      <object_component id="oc-c0">
         <name>.debug_info</name>
         <load_address>0xb66</load_address>
         <run_address>0xb66</run_address>
         <size>0x2a4</size>
         <input_file_ref idref="fl-2"/>
      </object_component>
      <object_component id="oc-7c">
         <name>.debug_info</name>
         <load_address>0xe0a</load_address>
         <run_address>0xe0a</run_address>
         <size>0xbb</size>
         <input_file_ref idref="fl-2"/>
      </object_component>
      <object_component id="oc-da">
         <name>.debug_info</name>
         <load_address>0xec5</load_address>
         <run_address>0xec5</run_address>
         <size>0x188</size>
         <input_file_ref idref="fl-3"/>
      </object_component>
      <object_component id="oc-183">
         <name>.debug_info</name>
         <load_address>0x104d</load_address>
         <run_address>0x104d</run_address>
         <size>0x379</size>
         <input_file_ref idref="fl-4"/>
      </object_component>
      <object_component id="oc-167">
         <name>.debug_info</name>
         <load_address>0x13c6</load_address>
         <run_address>0x13c6</run_address>
         <size>0x114</size>
         <input_file_ref idref="fl-4"/>
      </object_component>
      <object_component id="oc-e5">
         <name>.debug_info</name>
         <load_address>0x14da</load_address>
         <run_address>0x14da</run_address>
         <size>0x8a0</size>
         <input_file_ref idref="fl-4"/>
      </object_component>
      <object_component id="oc-214">
         <name>.debug_info</name>
         <load_address>0x1d7a</load_address>
         <run_address>0x1d7a</run_address>
         <size>0xcc</size>
         <input_file_ref idref="fl-4"/>
      </object_component>
      <object_component id="oc-184">
         <name>.debug_info</name>
         <load_address>0x1e46</load_address>
         <run_address>0x1e46</run_address>
         <size>0x2c</size>
         <input_file_ref idref="fl-4"/>
      </object_component>
      <object_component id="oc-118">
         <name>.debug_info</name>
         <load_address>0x1e72</load_address>
         <run_address>0x1e72</run_address>
         <size>0x44f</size>
         <input_file_ref idref="fl-5"/>
      </object_component>
      <object_component id="oc-a4">
         <name>.debug_info</name>
         <load_address>0x22c1</load_address>
         <run_address>0x22c1</run_address>
         <size>0x38d</size>
         <input_file_ref idref="fl-5"/>
      </object_component>
      <object_component id="oc-20a">
         <name>.debug_info</name>
         <load_address>0x264e</load_address>
         <run_address>0x264e</run_address>
         <size>0x5aa</size>
         <input_file_ref idref="fl-5"/>
      </object_component>
      <object_component id="oc-20f">
         <name>.debug_info</name>
         <load_address>0x2bf8</load_address>
         <run_address>0x2bf8</run_address>
         <size>0x72</size>
         <input_file_ref idref="fl-5"/>
      </object_component>
      <object_component id="oc-205">
         <name>.debug_info</name>
         <load_address>0x2c6a</load_address>
         <run_address>0x2c6a</run_address>
         <size>0x32b</size>
         <input_file_ref idref="fl-6"/>
      </object_component>
      <object_component id="oc-10c">
         <name>.debug_info</name>
         <load_address>0x2f95</load_address>
         <run_address>0x2f95</run_address>
         <size>0xf38</size>
         <input_file_ref idref="fl-6"/>
      </object_component>
      <object_component id="oc-1ca">
         <name>.debug_info</name>
         <load_address>0x3ecd</load_address>
         <run_address>0x3ecd</run_address>
         <size>0x3f6</size>
         <input_file_ref idref="fl-7"/>
      </object_component>
      <object_component id="oc-1aa">
         <name>.debug_info</name>
         <load_address>0x42c3</load_address>
         <run_address>0x42c3</run_address>
         <size>0x111</size>
         <input_file_ref idref="fl-7"/>
      </object_component>
      <object_component id="oc-1c1">
         <name>.debug_info</name>
         <load_address>0x43d4</load_address>
         <run_address>0x43d4</run_address>
         <size>0xc6</size>
         <input_file_ref idref="fl-7"/>
      </object_component>
      <object_component id="oc-19d">
         <name>.debug_info</name>
         <load_address>0x449a</load_address>
         <run_address>0x449a</run_address>
         <size>0x13e</size>
         <input_file_ref idref="fl-7"/>
      </object_component>
      <object_component id="oc-f0">
         <name>.debug_info</name>
         <load_address>0x45d8</load_address>
         <run_address>0x45d8</run_address>
         <size>0x1988</size>
         <input_file_ref idref="fl-7"/>
      </object_component>
      <object_component id="oc-1cb">
         <name>.debug_info</name>
         <load_address>0x5f60</load_address>
         <run_address>0x5f60</run_address>
         <size>0x8b</size>
         <input_file_ref idref="fl-7"/>
      </object_component>
      <object_component id="oc-32">
         <name>.debug_info</name>
         <load_address>0x5feb</load_address>
         <run_address>0x5feb</run_address>
         <size>0x29b</size>
         <input_file_ref idref="fl-9"/>
      </object_component>
      <object_component id="oc-13">
         <name>.debug_info</name>
         <load_address>0x6286</load_address>
         <run_address>0x6286</run_address>
         <size>0xda</size>
         <input_file_ref idref="fl-9"/>
      </object_component>
      <object_component id="oc-2b">
         <name>.debug_info</name>
         <load_address>0x6360</load_address>
         <run_address>0x6360</run_address>
         <size>0x256</size>
         <input_file_ref idref="fl-9"/>
      </object_component>
      <object_component id="oc-1e3">
         <name>.debug_info</name>
         <load_address>0x65b6</load_address>
         <run_address>0x65b6</run_address>
         <size>0x386</size>
         <input_file_ref idref="fl-11"/>
      </object_component>
      <object_component id="oc-f7">
         <name>.debug_info</name>
         <load_address>0x693c</load_address>
         <run_address>0x693c</run_address>
         <size>0x4a3</size>
         <input_file_ref idref="fl-11"/>
      </object_component>
      <object_component id="oc-1e4">
         <name>.debug_info</name>
         <load_address>0x6ddf</load_address>
         <run_address>0x6ddf</run_address>
         <size>0x5e</size>
         <input_file_ref idref="fl-11"/>
      </object_component>
      <object_component id="oc-2a0">
         <name>.debug_info</name>
         <load_address>0x6e3d</load_address>
         <run_address>0x6e3d</run_address>
         <size>0x289</size>
         <input_file_ref idref="fl-12"/>
      </object_component>
      <object_component id="oc-1e0">
         <name>.debug_info</name>
         <load_address>0x70c6</load_address>
         <run_address>0x70c6</run_address>
         <size>0x238</size>
         <input_file_ref idref="fl-12"/>
      </object_component>
      <object_component id="oc-299">
         <name>.debug_info</name>
         <load_address>0x72fe</load_address>
         <run_address>0x72fe</run_address>
         <size>0x38c</size>
         <input_file_ref idref="fl-13"/>
      </object_component>
      <object_component id="oc-1d9">
         <name>.debug_info</name>
         <load_address>0x768a</load_address>
         <run_address>0x768a</run_address>
         <size>0x242</size>
         <input_file_ref idref="fl-13"/>
      </object_component>
      <object_component id="oc-1d4">
         <name>.debug_info</name>
         <load_address>0x78cc</load_address>
         <run_address>0x78cc</run_address>
         <size>0x268</size>
         <input_file_ref idref="fl-14"/>
      </object_component>
      <object_component id="oc-18a">
         <name>.debug_info</name>
         <load_address>0x7b34</load_address>
         <run_address>0x7b34</run_address>
         <size>0x326</size>
         <input_file_ref idref="fl-15"/>
      </object_component>
      <object_component id="oc-18d">
         <name>.debug_info</name>
         <load_address>0x7e5a</load_address>
         <run_address>0x7e5a</run_address>
         <size>0xee</size>
         <input_file_ref idref="fl-15"/>
      </object_component>
      <object_component id="oc-ea">
         <name>.debug_info</name>
         <load_address>0x7f48</load_address>
         <run_address>0x7f48</run_address>
         <size>0x43b</size>
         <input_file_ref idref="fl-15"/>
      </object_component>
      <object_component id="oc-26a">
         <name>.debug_info</name>
         <load_address>0x8383</load_address>
         <run_address>0x8383</run_address>
         <size>0x26b</size>
         <input_file_ref idref="fl-15"/>
      </object_component>
      <object_component id="oc-31d">
         <name>.debug_info</name>
         <load_address>0x85ee</load_address>
         <run_address>0x85ee</run_address>
         <size>0x297</size>
         <input_file_ref idref="fl-15"/>
      </object_component>
      <object_component id="oc-265">
         <name>.debug_info</name>
         <load_address>0x8885</load_address>
         <run_address>0x8885</run_address>
         <size>0xbb</size>
         <input_file_ref idref="fl-15"/>
      </object_component>
      <object_component id="oc-1fd">
         <name>.debug_info</name>
         <load_address>0x8940</load_address>
         <run_address>0x8940</run_address>
         <size>0x333</size>
         <input_file_ref idref="fl-cb"/>
      </object_component>
      <object_component id="oc-101">
         <name>.debug_info</name>
         <load_address>0x8c73</load_address>
         <run_address>0x8c73</run_address>
         <size>0x1d1</size>
         <input_file_ref idref="fl-cb"/>
      </object_component>
      <object_component id="oc-1f1">
         <name>.debug_info</name>
         <load_address>0x8e44</load_address>
         <run_address>0x8e44</run_address>
         <size>0x18d</size>
         <input_file_ref idref="fl-cb"/>
      </object_component>
      <object_component id="oc-1f7">
         <name>.debug_info</name>
         <load_address>0x8fd1</load_address>
         <run_address>0x8fd1</run_address>
         <size>0x16d</size>
         <input_file_ref idref="fl-cb"/>
      </object_component>
      <object_component id="oc-253">
         <name>.debug_info</name>
         <load_address>0x913e</load_address>
         <run_address>0x913e</run_address>
         <size>0x2c</size>
         <input_file_ref idref="fl-cb"/>
      </object_component>
      <object_component id="oc-252">
         <name>.debug_info</name>
         <load_address>0x916a</load_address>
         <run_address>0x916a</run_address>
         <size>0x340</size>
         <input_file_ref idref="fl-cc"/>
      </object_component>
      <object_component id="oc-16e">
         <name>.debug_info</name>
         <load_address>0x94aa</load_address>
         <run_address>0x94aa</run_address>
         <size>0x208</size>
         <input_file_ref idref="fl-cc"/>
      </object_component>
      <object_component id="oc-246">
         <name>.debug_info</name>
         <load_address>0x96b2</load_address>
         <run_address>0x96b2</run_address>
         <size>0x1c6</size>
         <input_file_ref idref="fl-cc"/>
      </object_component>
      <object_component id="oc-24d">
         <name>.debug_info</name>
         <load_address>0x9878</load_address>
         <run_address>0x9878</run_address>
         <size>0x179</size>
         <input_file_ref idref="fl-cc"/>
      </object_component>
      <object_component id="oc-258">
         <name>.debug_info</name>
         <load_address>0x99f1</load_address>
         <run_address>0x99f1</run_address>
         <size>0x69</size>
         <input_file_ref idref="fl-cc"/>
      </object_component>
      <object_component id="oc-1bd">
         <name>.debug_info</name>
         <load_address>0x9a5a</load_address>
         <run_address>0x9a5a</run_address>
         <size>0x14c</size>
         <input_file_ref idref="fl-cd"/>
      </object_component>
      <object_component id="oc-108">
         <name>.debug_info</name>
         <load_address>0x9ba6</load_address>
         <run_address>0x9ba6</run_address>
         <size>0x128</size>
         <input_file_ref idref="fl-ce"/>
      </object_component>
      <object_component id="oc-202">
         <name>.debug_info</name>
         <load_address>0x9cce</load_address>
         <run_address>0x9cce</run_address>
         <size>0x12a</size>
         <input_file_ref idref="fl-ce"/>
      </object_component>
      <object_component id="oc-1b2">
         <name>.debug_info</name>
         <load_address>0x9df8</load_address>
         <run_address>0x9df8</run_address>
         <size>0x13a</size>
         <input_file_ref idref="fl-cf"/>
      </object_component>
      <object_component id="oc-1ad">
         <name>.debug_info</name>
         <load_address>0x9f32</load_address>
         <run_address>0x9f32</run_address>
         <size>0x13a</size>
         <input_file_ref idref="fl-d0"/>
      </object_component>
      <object_component id="oc-1c6">
         <name>.debug_info</name>
         <load_address>0xa06c</load_address>
         <run_address>0xa06c</run_address>
         <size>0x13e</size>
         <input_file_ref idref="fl-d1"/>
      </object_component>
      <object_component id="oc-fc">
         <name>.debug_info</name>
         <load_address>0xa1aa</load_address>
         <run_address>0xa1aa</run_address>
         <size>0x12c</size>
         <input_file_ref idref="fl-d2"/>
      </object_component>
      <object_component id="oc-1b8">
         <name>.debug_info</name>
         <load_address>0xa2d6</load_address>
         <run_address>0xa2d6</run_address>
         <size>0x12c</size>
         <input_file_ref idref="fl-d3"/>
      </object_component>
      <object_component id="oc-41">
         <name>.debug_info</name>
         <load_address>0xa402</load_address>
         <run_address>0xa402</run_address>
         <size>0x119</size>
         <input_file_ref idref="fl-d4"/>
      </object_component>
      <object_component id="oc-95">
         <name>.debug_info</name>
         <load_address>0xa51b</load_address>
         <run_address>0xa51b</run_address>
         <size>0x2d4</size>
         <input_file_ref idref="fl-d5"/>
      </object_component>
      <object_component id="oc-4e">
         <name>.debug_info</name>
         <load_address>0xa7ef</load_address>
         <run_address>0xa7ef</run_address>
         <size>0x1d2</size>
         <input_file_ref idref="fl-d5"/>
      </object_component>
      <object_component id="oc-90">
         <name>.debug_info</name>
         <load_address>0xa9c1</load_address>
         <run_address>0xa9c1</run_address>
         <size>0x46</size>
         <input_file_ref idref="fl-d5"/>
      </object_component>
      <object_component id="oc-ce">
         <name>.debug_info</name>
         <load_address>0xaa07</load_address>
         <run_address>0xaa07</run_address>
         <size>0x2c</size>
         <input_file_ref idref="fl-d5"/>
      </object_component>
      <object_component id="oc-49">
         <name>.debug_info</name>
         <load_address>0xaa33</load_address>
         <run_address>0xaa33</run_address>
         <size>0x2a8</size>
         <input_file_ref idref="fl-d6"/>
      </object_component>
      <object_component id="oc-1c">
         <name>.debug_info</name>
         <load_address>0xacdb</load_address>
         <run_address>0xacdb</run_address>
         <size>0x1ea</size>
         <input_file_ref idref="fl-d6"/>
      </object_component>
      <object_component id="oc-44">
         <name>.debug_info</name>
         <load_address>0xaec5</load_address>
         <run_address>0xaec5</run_address>
         <size>0x46</size>
         <input_file_ref idref="fl-d6"/>
      </object_component>
      <object_component id="oc-88">
         <name>.debug_info</name>
         <load_address>0xaf0b</load_address>
         <run_address>0xaf0b</run_address>
         <size>0x2c</size>
         <input_file_ref idref="fl-d6"/>
      </object_component>
      <object_component id="oc-86">
         <name>.debug_info</name>
         <load_address>0xaf37</load_address>
         <run_address>0xaf37</run_address>
         <size>0x29e</size>
         <input_file_ref idref="fl-d7"/>
      </object_component>
      <object_component id="oc-16">
         <name>.debug_info</name>
         <load_address>0xb1d5</load_address>
         <run_address>0xb1d5</run_address>
         <size>0x250</size>
         <input_file_ref idref="fl-d7"/>
      </object_component>
      <object_component id="oc-34">
         <name>.debug_info</name>
         <load_address>0xb425</load_address>
         <run_address>0xb425</run_address>
         <size>0x60</size>
         <input_file_ref idref="fl-d7"/>
      </object_component>
      <object_component id="oc-c7">
         <name>.debug_info</name>
         <load_address>0xb485</load_address>
         <run_address>0xb485</run_address>
         <size>0x46</size>
         <input_file_ref idref="fl-d7"/>
      </object_component>
      <object_component id="oc-81">
         <name>.debug_info</name>
         <load_address>0xb4cb</load_address>
         <run_address>0xb4cb</run_address>
         <size>0x39</size>
         <input_file_ref idref="fl-d7"/>
      </object_component>
      <object_component id="oc-70">
         <name>.debug_info</name>
         <load_address>0xb504</load_address>
         <run_address>0xb504</run_address>
         <size>0x3b2</size>
         <input_file_ref idref="fl-d8"/>
      </object_component>
      <object_component id="oc-25">
         <name>.debug_info</name>
         <load_address>0xb8b6</load_address>
         <run_address>0xb8b6</run_address>
         <size>0x10c</size>
         <input_file_ref idref="fl-d8"/>
      </object_component>
      <object_component id="oc-32a">
         <name>.debug_info</name>
         <load_address>0xb9c2</load_address>
         <run_address>0xb9c2</run_address>
         <size>0x13f</size>
         <input_file_ref idref="fl-d8"/>
      </object_component>
      <object_component id="oc-275">
         <name>.debug_info</name>
         <load_address>0xbb01</load_address>
         <run_address>0xbb01</run_address>
         <size>0x168</size>
         <input_file_ref idref="fl-d8"/>
      </object_component>
      <object_component id="oc-27c">
         <name>.debug_info</name>
         <load_address>0xbc69</load_address>
         <run_address>0xbc69</run_address>
         <size>0x18e</size>
         <input_file_ref idref="fl-d8"/>
      </object_component>
      <object_component id="oc-282">
         <name>.debug_info</name>
         <load_address>0xbdf7</load_address>
         <run_address>0xbdf7</run_address>
         <size>0x19f</size>
         <input_file_ref idref="fl-d8"/>
      </object_component>
      <object_component id="oc-19a">
         <name>.debug_info</name>
         <load_address>0xbf96</load_address>
         <run_address>0xbf96</run_address>
         <size>0x203</size>
         <input_file_ref idref="fl-d8"/>
      </object_component>
      <object_component id="oc-3a4">
         <name>.debug_info</name>
         <load_address>0xc199</load_address>
         <run_address>0xc199</run_address>
         <size>0x1db</size>
         <input_file_ref idref="fl-d8"/>
      </object_component>
      <object_component id="oc-194">
         <name>.debug_info</name>
         <load_address>0xc374</load_address>
         <run_address>0xc374</run_address>
         <size>0x1a5</size>
         <input_file_ref idref="fl-d8"/>
      </object_component>
      <object_component id="oc-326">
         <name>.debug_info</name>
         <load_address>0xc519</load_address>
         <run_address>0xc519</run_address>
         <size>0x299</size>
         <input_file_ref idref="fl-d8"/>
      </object_component>
      <object_component id="oc-bb">
         <name>.debug_info</name>
         <load_address>0xc7b2</load_address>
         <run_address>0xc7b2</run_address>
         <size>0xb2</size>
         <input_file_ref idref="fl-d8"/>
      </object_component>
      <object_component id="oc-b6">
         <name>.debug_info</name>
         <load_address>0xc864</load_address>
         <run_address>0xc864</run_address>
         <size>0x2c</size>
         <input_file_ref idref="fl-d8"/>
      </object_component>
      <object_component id="oc-25e">
         <name>.debug_info</name>
         <load_address>0xc890</load_address>
         <run_address>0xc890</run_address>
         <size>0x28a</size>
         <input_file_ref idref="fl-d9"/>
      </object_component>
      <object_component id="oc-175">
         <name>.debug_info</name>
         <load_address>0xcb1a</load_address>
         <run_address>0xcb1a</run_address>
         <size>0x273</size>
         <input_file_ref idref="fl-d9"/>
      </object_component>
      <object_component id="oc-260">
         <name>.debug_info</name>
         <load_address>0xcd8d</load_address>
         <run_address>0xcd8d</run_address>
         <size>0x2a4</size>
         <input_file_ref idref="fl-da"/>
      </object_component>
      <object_component id="oc-17c">
         <name>.debug_info</name>
         <load_address>0xd031</load_address>
         <run_address>0xd031</run_address>
         <size>0x24d</size>
         <input_file_ref idref="fl-da"/>
      </object_component>
      <object_component id="oc-207">
         <name>.debug_info</name>
         <load_address>0xd27e</load_address>
         <run_address>0xd27e</run_address>
         <size>0x28f</size>
         <input_file_ref idref="fl-db"/>
      </object_component>
      <object_component id="oc-113">
         <name>.debug_info</name>
         <load_address>0xd50d</load_address>
         <run_address>0xd50d</run_address>
         <size>0x245</size>
         <input_file_ref idref="fl-db"/>
      </object_component>
      <object_component id="oc-28">
         <name>.debug_info</name>
         <load_address>0xd752</load_address>
         <run_address>0xd752</run_address>
         <size>0x10b</size>
         <input_file_ref idref="fl-dc"/>
      </object_component>
      <object_component id="oc-5e">
         <name>.debug_info</name>
         <load_address>0xd85d</load_address>
         <run_address>0xd85d</run_address>
         <size>0x1a9</size>
         <input_file_ref idref="fl-dc"/>
      </object_component>
      <object_component id="oc-2dc">
         <name>.debug_info</name>
         <load_address>0xda06</load_address>
         <run_address>0xda06</run_address>
         <size>0x590</size>
         <input_file_ref idref="fl-dd"/>
      </object_component>
      <object_component id="oc-2ac">
         <name>.debug_info</name>
         <load_address>0xdf96</load_address>
         <run_address>0xdf96</run_address>
         <size>0x21e</size>
         <input_file_ref idref="fl-dd"/>
      </object_component>
      <object_component id="oc-34b">
         <name>.debug_info</name>
         <load_address>0xe1b4</load_address>
         <run_address>0xe1b4</run_address>
         <size>0x1b3</size>
         <input_file_ref idref="fl-dd"/>
      </object_component>
      <object_component id="oc-351">
         <name>.debug_info</name>
         <load_address>0xe367</load_address>
         <run_address>0xe367</run_address>
         <size>0x21b</size>
         <input_file_ref idref="fl-dd"/>
      </object_component>
      <object_component id="oc-2b3">
         <name>.debug_info</name>
         <load_address>0xe582</load_address>
         <run_address>0xe582</run_address>
         <size>0x3c0</size>
         <input_file_ref idref="fl-dd"/>
      </object_component>
      <object_component id="oc-358">
         <name>.debug_info</name>
         <load_address>0xe942</load_address>
         <run_address>0xe942</run_address>
         <size>0x30a</size>
         <input_file_ref idref="fl-dd"/>
      </object_component>
      <object_component id="oc-35f">
         <name>.debug_info</name>
         <load_address>0xec4c</load_address>
         <run_address>0xec4c</run_address>
         <size>0x215</size>
         <input_file_ref idref="fl-dd"/>
      </object_component>
      <object_component id="oc-2ba">
         <name>.debug_info</name>
         <load_address>0xee61</load_address>
         <run_address>0xee61</run_address>
         <size>0x215</size>
         <input_file_ref idref="fl-dd"/>
      </object_component>
      <object_component id="oc-2bf">
         <name>.debug_info</name>
         <load_address>0xf076</load_address>
         <run_address>0xf076</run_address>
         <size>0x304</size>
         <input_file_ref idref="fl-dd"/>
      </object_component>
      <object_component id="oc-2c5">
         <name>.debug_info</name>
         <load_address>0xf37a</load_address>
         <run_address>0xf37a</run_address>
         <size>0x4b5</size>
         <input_file_ref idref="fl-dd"/>
      </object_component>
      <object_component id="oc-1eb">
         <name>.debug_info</name>
         <load_address>0xf82f</load_address>
         <run_address>0xf82f</run_address>
         <size>0x5f4</size>
         <input_file_ref idref="fl-dd"/>
      </object_component>
      <object_component id="oc-2dd">
         <name>.debug_info</name>
         <load_address>0xfe23</load_address>
         <run_address>0xfe23</run_address>
         <size>0x86</size>
         <input_file_ref idref="fl-dd"/>
      </object_component>
      <object_component id="oc-387">
         <name>.debug_info</name>
         <load_address>0xfea9</load_address>
         <run_address>0xfea9</run_address>
         <size>0x39</size>
         <input_file_ref idref="fl-dd"/>
      </object_component>
      <object_component id="oc-3d9">
         <name>.debug_info</name>
         <load_address>0xfee2</load_address>
         <run_address>0xfee2</run_address>
         <size>0xb6</size>
         <input_file_ref idref="fl-dd"/>
      </object_component>
      <object_component id="oc-38c">
         <name>.debug_info</name>
         <load_address>0xff98</load_address>
         <run_address>0xff98</run_address>
         <size>0x46</size>
         <input_file_ref idref="fl-dd"/>
      </object_component>
      <object_component id="oc-2e2">
         <name>.debug_info</name>
         <load_address>0xffde</load_address>
         <run_address>0xffde</run_address>
         <size>0x46</size>
         <input_file_ref idref="fl-dd"/>
      </object_component>
      <object_component id="oc-97">
         <name>.debug_info</name>
         <load_address>0x10024</load_address>
         <run_address>0x10024</run_address>
         <size>0x147</size>
         <input_file_ref idref="fl-de"/>
      </object_component>
      <object_component id="oc-340">
         <name>.debug_info</name>
         <load_address>0x1016b</load_address>
         <run_address>0x1016b</run_address>
         <size>0x12e</size>
         <input_file_ref idref="fl-df"/>
      </object_component>
      <object_component id="oc-339">
         <name>.debug_info</name>
         <load_address>0x10299</load_address>
         <run_address>0x10299</run_address>
         <size>0x134</size>
         <input_file_ref idref="fl-e0"/>
      </object_component>
      <object_component id="oc-224">
         <name>.debug_info</name>
         <load_address>0x103cd</load_address>
         <run_address>0x103cd</run_address>
         <size>0x4b3</size>
         <input_file_ref idref="fl-e1"/>
      </object_component>
      <object_component id="oc-127">
         <name>.debug_info</name>
         <load_address>0x10880</load_address>
         <run_address>0x10880</run_address>
         <size>0x1a6</size>
         <input_file_ref idref="fl-e1"/>
      </object_component>
      <object_component id="oc-300">
         <name>.debug_info</name>
         <load_address>0x10a26</load_address>
         <run_address>0x10a26</run_address>
         <size>0x39</size>
         <input_file_ref idref="fl-e1"/>
      </object_component>
      <object_component id="oc-394">
         <name>.debug_info</name>
         <load_address>0x10a5f</load_address>
         <run_address>0x10a5f</run_address>
         <size>0x39</size>
         <input_file_ref idref="fl-e1"/>
      </object_component>
      <object_component id="oc-305">
         <name>.debug_info</name>
         <load_address>0x10a98</load_address>
         <run_address>0x10a98</run_address>
         <size>0x39</size>
         <input_file_ref idref="fl-e1"/>
      </object_component>
      <object_component id="oc-30a">
         <name>.debug_info</name>
         <load_address>0x10ad1</load_address>
         <run_address>0x10ad1</run_address>
         <size>0xcd</size>
         <input_file_ref idref="fl-e1"/>
      </object_component>
      <object_component id="oc-9f">
         <name>.debug_info</name>
         <load_address>0x10b9e</load_address>
         <run_address>0x10b9e</run_address>
         <size>0x153</size>
         <input_file_ref idref="fl-e2"/>
      </object_component>
      <object_component id="oc-11b">
         <name>.debug_info</name>
         <load_address>0x10cf1</load_address>
         <run_address>0x10cf1</run_address>
         <size>0x122</size>
         <input_file_ref idref="fl-e4"/>
      </object_component>
      <object_component id="oc-2fa">
         <name>.debug_info</name>
         <load_address>0x10e13</load_address>
         <run_address>0x10e13</run_address>
         <size>0x2c9</size>
         <input_file_ref idref="fl-e5"/>
      </object_component>
      <object_component id="oc-21e">
         <name>.debug_info</name>
         <load_address>0x110dc</load_address>
         <run_address>0x110dc</run_address>
         <size>0x11e</size>
         <input_file_ref idref="fl-e5"/>
      </object_component>
      <object_component id="oc-2f3">
         <name>.debug_info</name>
         <load_address>0x111fa</load_address>
         <run_address>0x111fa</run_address>
         <size>0x12e</size>
         <input_file_ref idref="fl-e5"/>
      </object_component>
      <object_component id="oc-3b6">
         <name>.debug_info</name>
         <load_address>0x11328</load_address>
         <run_address>0x11328</run_address>
         <size>0x29c</size>
         <input_file_ref idref="fl-e6"/>
      </object_component>
      <object_component id="oc-346">
         <name>.debug_info</name>
         <load_address>0x115c4</load_address>
         <run_address>0x115c4</run_address>
         <size>0x1da</size>
         <input_file_ref idref="fl-e6"/>
      </object_component>
      <object_component id="oc-337">
         <name>.debug_info</name>
         <load_address>0x1179e</load_address>
         <run_address>0x1179e</run_address>
         <size>0x2b9</size>
         <input_file_ref idref="fl-e8"/>
      </object_component>
      <object_component id="oc-2a8">
         <name>.debug_info</name>
         <load_address>0x11a57</load_address>
         <run_address>0x11a57</run_address>
         <size>0x17c</size>
         <input_file_ref idref="fl-e8"/>
      </object_component>
      <object_component id="oc-3ab">
         <name>.debug_info</name>
         <load_address>0x11bd3</load_address>
         <run_address>0x11bd3</run_address>
         <size>0xf9</size>
         <input_file_ref idref="fl-e9"/>
      </object_component>
      <object_component id="oc-334">
         <name>.debug_info</name>
         <load_address>0x11ccc</load_address>
         <run_address>0x11ccc</run_address>
         <size>0x105</size>
         <input_file_ref idref="fl-e9"/>
      </object_component>
      <object_component id="oc-378">
         <name>.debug_info</name>
         <load_address>0x11dd1</load_address>
         <run_address>0x11dd1</run_address>
         <size>0x2a7</size>
         <input_file_ref idref="fl-ea"/>
      </object_component>
      <object_component id="oc-2cb">
         <name>.debug_info</name>
         <load_address>0x12078</load_address>
         <run_address>0x12078</run_address>
         <size>0x1b8</size>
         <input_file_ref idref="fl-ea"/>
      </object_component>
      <object_component id="oc-3cb">
         <name>.debug_info</name>
         <load_address>0x12230</load_address>
         <run_address>0x12230</run_address>
         <size>0x29a</size>
         <input_file_ref idref="fl-eb"/>
      </object_component>
      <object_component id="oc-371">
         <name>.debug_info</name>
         <load_address>0x124ca</load_address>
         <run_address>0x124ca</run_address>
         <size>0x262</size>
         <input_file_ref idref="fl-eb"/>
      </object_component>
      <object_component id="oc-384">
         <name>.debug_info</name>
         <load_address>0x1272c</load_address>
         <run_address>0x1272c</run_address>
         <size>0x289</size>
         <input_file_ref idref="fl-ec"/>
      </object_component>
      <object_component id="oc-381">
         <name>.debug_info</name>
         <load_address>0x129b5</load_address>
         <run_address>0x129b5</run_address>
         <size>0x10e</size>
         <input_file_ref idref="fl-ec"/>
      </object_component>
      <object_component id="oc-2d9">
         <name>.debug_info</name>
         <load_address>0x12ac3</load_address>
         <run_address>0x12ac3</run_address>
         <size>0x14e</size>
         <input_file_ref idref="fl-ec"/>
      </object_component>
      <object_component id="oc-3bc">
         <name>.debug_info</name>
         <load_address>0x12c11</load_address>
         <run_address>0x12c11</run_address>
         <size>0x29a</size>
         <input_file_ref idref="fl-ed"/>
      </object_component>
      <object_component id="oc-365">
         <name>.debug_info</name>
         <load_address>0x12eab</load_address>
         <run_address>0x12eab</run_address>
         <size>0x195</size>
         <input_file_ref idref="fl-ed"/>
      </object_component>
      <object_component id="oc-3e6">
         <name>.debug_info</name>
         <load_address>0x13040</load_address>
         <run_address>0x13040</run_address>
         <size>0x39</size>
         <input_file_ref idref="fl-ed"/>
      </object_component>
      <object_component id="oc-3bd">
         <name>.debug_info</name>
         <load_address>0x13079</load_address>
         <run_address>0x13079</run_address>
         <size>0x2c</size>
         <input_file_ref idref="fl-ed"/>
      </object_component>
      <object_component id="oc-3c9">
         <name>.debug_info</name>
         <load_address>0x130a5</load_address>
         <run_address>0x130a5</run_address>
         <size>0x2fd</size>
         <input_file_ref idref="fl-ee"/>
      </object_component>
      <object_component id="oc-36b">
         <name>.debug_info</name>
         <load_address>0x133a2</load_address>
         <run_address>0x133a2</run_address>
         <size>0x225</size>
         <input_file_ref idref="fl-ee"/>
      </object_component>
      <object_component id="oc-37f">
         <name>.debug_info</name>
         <load_address>0x135c7</load_address>
         <run_address>0x135c7</run_address>
         <size>0x28f</size>
         <input_file_ref idref="fl-ef"/>
      </object_component>
      <object_component id="oc-2d2">
         <name>.debug_info</name>
         <load_address>0x13856</load_address>
         <run_address>0x13856</run_address>
         <size>0x15a</size>
         <input_file_ref idref="fl-ef"/>
      </object_component>
      <object_component id="oc-3ce">
         <name>.debug_info</name>
         <load_address>0x139b0</load_address>
         <run_address>0x139b0</run_address>
         <size>0x46</size>
         <input_file_ref idref="fl-ef"/>
      </object_component>
      <object_component id="oc-37a">
         <name>.debug_info</name>
         <load_address>0x139f6</load_address>
         <run_address>0x139f6</run_address>
         <size>0x39</size>
         <input_file_ref idref="fl-ef"/>
      </object_component>
      <object_component id="oc-3b0">
         <name>.debug_info</name>
         <load_address>0x13a2f</load_address>
         <run_address>0x13a2f</run_address>
         <size>0x115</size>
         <input_file_ref idref="fl-f0"/>
      </object_component>
      <object_component id="oc-3c4">
         <name>.debug_info</name>
         <load_address>0x13b44</load_address>
         <run_address>0x13b44</run_address>
         <size>0x161</size>
         <input_file_ref idref="fl-f1"/>
      </object_component>
      <object_component id="oc-242">
         <name>.debug_info</name>
         <load_address>0x13ca5</load_address>
         <run_address>0x13ca5</run_address>
         <size>0x20e</size>
         <input_file_ref idref="fl-f2"/>
      </object_component>
      <object_component id="oc-23a">
         <name>.debug_info</name>
         <load_address>0x13eb3</load_address>
         <run_address>0x13eb3</run_address>
         <size>0x157</size>
         <input_file_ref idref="fl-f2"/>
      </object_component>
      <object_component id="oc-15d">
         <name>.debug_info</name>
         <load_address>0x1400a</load_address>
         <run_address>0x1400a</run_address>
         <size>0x2c1</size>
[...]
         <name>oi_uartReceive</name>
         <value>0xa31</value>
         <object_component_ref idref="oc-ef"/>
      </symbol>
      <symbol id="sm-22b">
         <name>oi_setWheels</name>
         <value>0x88f</value>
         <object_component_ref idref="oc-ef"/>
      </symbol>
      <symbol id="sm-22c">
         <name>oi_shutoff_init</name>
         <value>0xb51</value>
         <object_component_ref idref="oc-ef"/>
      </symbol>
      <symbol id="sm-22d">
         <name>motor_cal_factor_L</name>
         <value>0x20002328</value>
         <object_component_ref idref="oc-1a9"/>
      </symbol>
      <symbol id="sm-22e">
         <name>motor_cal_factor_R</name>
         <value>0x2000232c</value>
         <object_component_ref idref="oc-1a9"/>
      </symbol>
      <symbol id="sm-22f">
         <name>oi_parseInt</name>
         <value>0x464f</value>
         <object_component_ref idref="oc-19c"/>
      </symbol>
      <symbol id="sm-230">
         <name>oi_setMotorCalibration</name>
         <value>0xdb1</value>
         <object_component_ref idref="oc-ef"/>
      </symbol>
      <symbol id="sm-231">
         <name>oi_uartSendStr</name>
         <value>0xa59</value>
         <object_component_ref idref="oc-ef"/>
      </symbol>
      <symbol id="sm-232">
         <name>oi_close</name>
         <value>0x2c7</value>
         <object_component_ref idref="oc-ef"/>
      </symbol>
      <symbol id="sm-233">
         <name>oi_uartSendBuff</name>
         <value>0xa77</value>
         <object_component_ref idref="oc-ef"/>
      </symbol>
      <symbol id="sm-234">
         <name>oi_checkFirmware</name>
         <value>0xaa9</value>
         <object_component_ref idref="oc-ef"/>
      </symbol>
      <symbol id="sm-235">
         <name>oi_init_noupdate</name>
         <value>0x289</value>
         <object_component_ref idref="oc-ef"/>
      </symbol>
      <symbol id="sm-236">
         <name>oi_uartSendChar</name>
         <value>0xa15</value>
         <object_component_ref idref="oc-ef"/>
      </symbol>
      <symbol id="sm-237">
         <name>oi_alloc</name>
         <value>0x26d</value>
         <object_component_ref idref="oc-ef"/>
      </symbol>
      <symbol id="sm-238">
         <name>oi_getMotorCalibrationLeft</name>
         <value>0xded</value>
         <object_component_ref idref="oc-ef"/>
      </symbol>
      <symbol id="sm-239">
         <name>oi_loadSong</name>
         <value>0x915</value>
         <object_component_ref idref="oc-ef"/>
      </symbol>
      <symbol id="sm-23a">
         <name>oi_play_song</name>
         <value>0x96b</value>
         <object_component_ref idref="oc-ef"/>
      </symbol>
      <symbol id="sm-23b">
         <name>oi_parsePacket</name>
         <value>0x32b</value>
         <object_component_ref idref="oc-ef"/>
      </symbol>
      <symbol id="sm-23c">
         <name>oi_setLeds</name>
         <value>0x84b</value>
         <object_component_ref idref="oc-ef"/>
      </symbol>
      <symbol id="sm-23d">
         <name>oi_init</name>
         <value>0x2b1</value>
         <object_component_ref idref="oc-ef"/>
      </symbol>
      <symbol id="sm-23e">
         <name>oi_update</name>
         <value>0x2d9</value>
         <object_component_ref idref="oc-ef"/>
      </symbol>
      <symbol id="sm-23f">
         <name>oi_uartInit</name>
         <value>0x98d</value>
         <object_component_ref idref="oc-ef"/>
      </symbol>
      <symbol id="sm-25c">
         <name>ResetISR</name>
         <value>0x4709</value>
         <object_component_ref idref="oc-2a"/>
      </symbol>
      <symbol id="sm-25d">
         <name>g_pfnVectors</name>
         <value>0x0</value>
         <object_component_ref idref="oc-12"/>
      </symbol>
      <symbol id="sm-27a">
         <name>cyBot_FindObjects</name>
         <value>0x3089</value>
         <object_component_ref idref="oc-f5"/>
      </symbol>
      <symbol id="sm-27b">
         <name>cyBOT_Scan</name>
         <value>0x319f</value>
         <object_component_ref idref="oc-f5"/>
      </symbol>
      <symbol id="sm-27c">
         <name>cyBOT_init_Scan</name>
         <value>0x318f</value>
         <object_component_ref idref="oc-f5"/>
      </symbol>
      <symbol id="sm-2a3">
         <name>isr_int_value</name>
         <value>0x20002318</value>
      </symbol>
      <symbol id="sm-2a4">
         <name>ir_enableInterrupt</name>
         <value>0x374b</value>
         <object_component_ref idref="oc-1dc"/>
      </symbol>
      <symbol id="sm-2a5">
         <name>ir_getDistance</name>
         <value>0x372d</value>
         <object_component_ref idref="oc-1dc"/>
      </symbol>
      <symbol id="sm-2a6">
         <name>ir_init</name>
         <value>0x369d</value>
         <object_component_ref idref="oc-1dc"/>
      </symbol>
      <symbol id="sm-2a7">
         <name>ADC0SS0_Handler</name>
         <value>0x3735</value>
         <object_component_ref idref="oc-1dc"/>
      </symbol>
      <symbol id="sm-2a8">
         <name>ir_getValue</name>
         <value>0x3705</value>
         <object_component_ref idref="oc-1dc"/>
      </symbol>
      <symbol id="sm-2d7">
         <name>risingEdge</name>
         <value>0x20002320</value>
      </symbol>
      <symbol id="sm-2d8">
         <name>fallingEdge</name>
         <value>0x20002314</value>
      </symbol>
      <symbol id="sm-2d9">
         <name>pulseLength</name>
         <value>0x2000231c</value>
      </symbol>
      <symbol id="sm-2da">
         <name>isRisingEdge</name>
         <value>0x20002324</value>
      </symbol>
      <symbol id="sm-2db">
         <name>TIMER3B_Handler</name>
         <value>0x293d</value>
         <object_component_ref idref="oc-1d6"/>
      </symbol>
      <symbol id="sm-2dc">
         <name>ping_init</name>
         <value>0x284d</value>
         <object_component_ref idref="oc-1d6"/>
      </symbol>
      <symbol id="sm-2dd">
         <name>ping_getDistance</name>
         <value>0x298f</value>
         <object_component_ref idref="oc-1d6"/>
      </symbol>
      <symbol id="sm-2de">
         <name>ping_trigger</name>
         <value>0x28d3</value>
         <object_component_ref idref="oc-1d6"/>
      </symbol>
      <symbol id="sm-2fc">
         <name>servo_move</name>
         <value>0x35fd</value>
         <object_component_ref idref="oc-1d0"/>
      </symbol>
      <symbol id="sm-2fd">
         <name>servo_init</name>
         <value>0x3579</value>
         <object_component_ref idref="oc-1d0"/>
      </symbol>
      <symbol id="sm-2fe">
         <name>servo_stop</name>
         <value>0x35f1</value>
         <object_component_ref idref="oc-1d0"/>
      </symbol>
      <symbol id="sm-2ff">
         <name>servo_setPWM</name>
         <value>0x3647</value>
         <object_component_ref idref="oc-1d0"/>
      </symbol>
      <symbol id="sm-33b">
         <name>isr_char_buffer</name>
         <value>0x200022c4</value>
      </symbol>
      <symbol id="sm-33c">
         <name>cyBot_getByte</name>
         <value>0x301b</value>
         <object_component_ref idref="oc-e9"/>
      </symbol>
      <symbol id="sm-33d">
         <name>cyBot_sendByte</name>
         <value>0x2f2d</value>
         <object_component_ref idref="oc-e9"/>
      </symbol>
      <symbol id="sm-33e">
         <name>cyBot_uart_sendStr</name>
         <value>0x2f39</value>
         <object_component_ref idref="oc-e9"/>
      </symbol>
      <symbol id="sm-33f">
         <name>isr_counter</name>
         <value>0x20002358</value>
         <object_component_ref idref="oc-18c"/>
      </symbol>
      <symbol id="sm-340">
         <name>cyBot_uart_sendBuffer</name>
         <value>0x2f53</value>
         <object_component_ref idref="oc-e9"/>
      </symbol>
      <symbol id="sm-341">
         <name>cyBot_uart_flush</name>
         <value>0x2ffd</value>
         <object_component_ref idref="oc-e9"/>
      </symbol>
      <symbol id="sm-342">
         <name>cyBot_UART1_Handler</name>
         <value>0x3035</value>
         <object_component_ref idref="oc-e9"/>
      </symbol>
      <symbol id="sm-343">
         <name>cyBot_uart_init</name>
         <value>0x2f6b</value>
         <object_component_ref idref="oc-e9"/>
      </symbol>
      <symbol id="sm-36a">
         <name>sprintf</name>
         <value>0x4391</value>
         <object_component_ref idref="oc-100"/>
      </symbol>
      <symbol id="sm-394">
         <name>vsnprintf</name>
         <value>0x43d1</value>
         <object_component_ref idref="oc-16d"/>
      </symbol>
      <symbol id="sm-3ab">
         <name>__aeabi_dsub</name>
         <value>0x2c09</value>
         <object_component_ref idref="oc-1bb"/>
      </symbol>
      <symbol id="sm-3ac">
         <name>__aeabi_dadd</name>
         <value>0x2c13</value>
         <object_component_ref idref="oc-1bb"/>
      </symbol>
      <symbol id="sm-3ce">
         <name>__aeabi_cdcmpeq</name>
         <value>0x3e1d</value>
         <object_component_ref idref="oc-106"/>
      </symbol>
      <symbol id="sm-3cf">
         <name>__aeabi_cdcmple</name>
         <value>0x3e1d</value>
         <object_component_ref idref="oc-106"/>
      </symbol>
      <symbol id="sm-3d0">
         <name>__aeabi_cdrcmple</name>
         <value>0x3ea3</value>
         <object_component_ref idref="oc-1ff"/>
      </symbol>
      <symbol id="sm-3e4">
         <name>__aeabi_ddiv</name>
         <value>0x331d</value>
         <object_component_ref idref="oc-1b1"/>
      </symbol>
      <symbol id="sm-3ef">
         <name>__aeabi_dmul</name>
         <value>0x39cd</value>
         <object_component_ref idref="oc-1ac"/>
      </symbol>
      <symbol id="sm-3fb">
         <name>__aeabi_d2f</name>
         <value>0x4083</value>
         <object_component_ref idref="oc-1c3"/>
      </symbol>
      <symbol id="sm-406">
         <name>__aeabi_f2d</name>
         <value>0x4489</value>
         <object_component_ref idref="oc-fb"/>
      </symbol>
      <symbol id="sm-410">
         <name>__aeabi_i2d</name>
         <value>0x4559</value>
         <object_component_ref idref="oc-1b6"/>
      </symbol>
      <symbol id="sm-42b">
         <name>memcpy</name>
         <value>0x3c5f</value>
         <object_component_ref idref="oc-3e"/>
      </symbol>
      <symbol id="sm-42c">
         <name>__aeabi_memcpy</name>
         <value>0x3c5f</value>
         <object_component_ref idref="oc-3e"/>
      </symbol>
      <symbol id="sm-42d">
         <name>__aeabi_memcpy8</name>
         <value>0x3c5f</value>
         <object_component_ref idref="oc-3e"/>
      </symbol>
      <symbol id="sm-42e">
         <name>__aeabi_memcpy4</name>
         <value>0x3c5f</value>
         <object_component_ref idref="oc-3e"/>
      </symbol>
      <symbol id="sm-447">
         <name>__TI_zero_init_nomemset</name>
         <value>0x45b1</value>
         <object_component_ref idref="oc-4a"/>
      </symbol>
      <symbol id="sm-45e">
         <name>__TI_decompress_none</name>
         <value>0x46ef</value>
         <object_component_ref idref="oc-1b"/>
      </symbol>
      <symbol id="sm-481">
         <name>__TI_decompress_lzss</name>
         <value>0x40f1</value>
         <object_component_ref idref="oc-15"/>
      </symbol>
      <symbol id="sm-516">
         <name>_sys_memory</name>
         <value>0x20001270</value>
         <object_component_ref idref="oc-24"/>
      </symbol>
      <symbol id="sm-517">
         <name>free</name>
         <value>0x3ac9</value>
         <object_component_ref idref="oc-196"/>
      </symbol>
      <symbol id="sm-518">
         <name>memalign</name>
         <value>0x38c5</value>
         <object_component_ref idref="oc-322"/>
      </symbol>
      <symbol id="sm-519">
         <name>calloc</name>
         <value>0x4451</value>
         <object_component_ref idref="oc-190"/>
      </symbol>
      <symbol id="sm-51a">
         <name>malloc</name>
         <value>0x4729</value>
         <object_component_ref idref="oc-271"/>
      </symbol>
      <symbol id="sm-51b">
         <name>aligned_alloc</name>
         <value>0x38c5</value>
         <object_component_ref idref="oc-322"/>
      </symbol>
      <symbol id="sm-52a">
         <name>strcmp</name>
         <value>0x4667</value>
         <object_component_ref idref="oc-173"/>
      </symbol>
      <symbol id="sm-538">
         <name>strcpy</name>
         <value>0x4695</value>
         <object_component_ref idref="oc-179"/>
      </symbol>
      <symbol id="sm-546">
         <name>strlen</name>
         <value>0x46a9</value>
         <object_component_ref idref="oc-111"/>
      </symbol>
      <symbol id="sm-559">
         <name>__stack</name>
         <value>0x20000270</value>
         <object_component_ref idref="oc-27"/>
      </symbol>
      <symbol id="sm-55a">
         <name>_c_int00_noargs</name>
         <value>0x44f5</value>
         <object_component_ref idref="oc-5c"/>
      </symbol>
      <symbol id="sm-6bf">
         <name>__TI_printfi</name>
         <value>0xe8d</value>
         <object_component_ref idref="oc-1ea"/>
      </symbol>
      <symbol id="sm-6ce">
         <name>__aeabi_memset</name>
         <value>0x3f2b</value>
         <object_component_ref idref="oc-96"/>
      </symbol>
      <symbol id="sm-6cf">
         <name>memset</name>
         <value>0x3f31</value>
         <object_component_ref idref="oc-96"/>
      </symbol>
      <symbol id="sm-6d0">
         <name>__aeabi_memset8</name>
         <value>0x3f2b</value>
         <object_component_ref idref="oc-96"/>
      </symbol>
      <symbol id="sm-6d1">
         <name>__aeabi_memset4</name>
         <value>0x3f2b</value>
         <object_component_ref idref="oc-96"/>
      </symbol>
      <symbol id="sm-6d2">
         <name>__aeabi_memclr8</name>
         <value>0x3f29</value>
         <object_component_ref idref="oc-96"/>
      </symbol>
      <symbol id="sm-6d3">
         <name>__aeabi_memclr4</name>
         <value>0x3f29</value>
         <object_component_ref idref="oc-96"/>
      </symbol>
      <symbol id="sm-6d4">
         <name>__aeabi_memclr</name>
         <value>0x3f29</value>
         <object_component_ref idref="oc-96"/>
      </symbol>
      <symbol id="sm-6de">
         <name>__aeabi_d2iz</name>
         <value>0x4305</value>
         <object_component_ref idref="oc-33e"/>
      </symbol>
      <symbol id="sm-6eb">
         <name>__aeabi_uldivmod</name>
         <value>0x3cfb</value>
         <object_component_ref idref="oc-338"/>
      </symbol>
      <symbol id="sm-713">
         <name>__TI_auto_init_nobinit_nopinit</name>
         <value>0x434d</value>
         <object_component_ref idref="oc-125"/>
      </symbol>
      <symbol id="sm-71d">
         <name>_system_pre_init</name>
         <value>0x4731</value>
         <object_component_ref idref="oc-9c"/>
      </symbol>
      <symbol id="sm-729">
         <name>C$$EXIT</name>
         <value>0x4735</value>
         <object_component_ref idref="oc-119"/>
      </symbol>
      <symbol id="sm-72a">
         <name>abort</name>
         <value>0x4735</value>
         <object_component_ref idref="oc-119"/>
      </symbol>
      <symbol id="sm-73f">
         <name>_nop</name>
         <value>0x18db</value>
         <object_component_ref idref="oc-2f2"/>
      </symbol>
      <symbol id="sm-740">
         <name>_lock</name>
         <value>0x20002348</value>
         <object_component_ref idref="oc-21d"/>
      </symbol>
      <symbol id="sm-741">
         <name>_unlock</name>
         <value>0x2000234c</value>
         <object_component_ref idref="oc-21d"/>
      </symbol>
      <symbol id="sm-750">
         <name>__TI_ltoa</name>
         <value>0x4213</value>
         <object_component_ref idref="oc-343"/>
      </symbol>
      <symbol id="sm-767">
         <name>atoi</name>
         <value>0x42b9</value>
         <object_component_ref idref="oc-2a5"/>
      </symbol>
      <symbol id="sm-772">
         <name>_ctypes_</name>
         <value>0x4738</value>
         <object_component_ref idref="oc-333"/>
      </symbol>
      <symbol id="sm-782">
         <name>memccpy</name>
         <value>0x45e9</value>
         <object_component_ref idref="oc-2c9"/>
      </symbol>
      <symbol id="sm-792">
         <name>strchr</name>
         <value>0x467f</value>
         <object_component_ref idref="oc-370"/>
      </symbol>
      <symbol id="sm-7a8">
         <name>__aeabi_errno_addr</name>
         <value>0x4721</value>
         <object_component_ref idref="oc-2d5"/>
      </symbol>
      <symbol id="sm-7a9">
         <name>errno</name>
         <value>0x2000235c</value>
         <object_component_ref idref="oc-380"/>
      </symbol>
      <symbol id="sm-7c9">
         <name>frexpl</name>
         <value>0x4159</value>
         <object_component_ref idref="oc-364"/>
      </symbol>
      <symbol id="sm-7ca">
         <name>frexp</name>
         <value>0x4159</value>
         <object_component_ref idref="oc-364"/>
      </symbol>
      <symbol id="sm-7e7">
         <name>scalbn</name>
         <value>0x37b5</value>
         <object_component_ref idref="oc-36a"/>
      </symbol>
      <symbol id="sm-7e8">
         <name>scalbnl</name>
         <value>0x37b5</value>
         <object_component_ref idref="oc-36a"/>
      </symbol>
      <symbol id="sm-7e9">
         <name>ldexpl</name>
         <value>0x37b5</value>
         <object_component_ref idref="oc-36a"/>
      </symbol>
      <symbol id="sm-7ea">
         <name>ldexp</name>
         <value>0x37b5</value>
         <object_component_ref idref="oc-36a"/>
      </symbol>
      <symbol id="sm-803">
         <name>wcslen</name>
         <value>0x46bd</value>
         <object_component_ref idref="oc-2cf"/>
      </symbol>
      <symbol id="sm-80d">
         <name>__aeabi_idiv0</name>
         <value>0x2dbf</value>
         <object_component_ref idref="oc-3ae"/>
      </symbol>
      <symbol id="sm-80e">
         <name>__aeabi_ldiv0</name>
         <value>0x2dbf</value>
         <object_component_ref idref="oc-3ae"/>
      </symbol>
      <symbol id="sm-818">
         <name>copysign</name>
         <value>0x4605</value>
         <object_component_ref idref="oc-3c2"/>
      </symbol>
      <symbol id="sm-819">
         <name>copysignl</name>
         <value>0x4605</value>
         <object_component_ref idref="oc-3c2"/>
      </symbol>
      <symbol id="sm-83e">
         <name>IntRegister</name>
         <value>0x44c1</value>
         <object_component_ref idref="oc-15b"/>
      </symbol>
      <symbol id="sm-83f">
         <name>g_pfnRAMVectors</name>
         <value>0x20000000</value>
         <object_component_ref idref="oc-239"/>
      </symbol>
      <symbol id="sm-840">
         <name>IntMasterEnable</name>
         <value>0x46cf</value>
         <object_component_ref idref="oc-1a3"/>
      </symbol>
      <symbol id="sm-84a">
         <name>CPUcpsie</name>
         <value>0x46fd</value>
         <object_component_ref idref="oc-285"/>
      </symbol>
      <symbol id="sm-84b">
         <name>__TI_static_base__</name>
         <value>0x0</value>
      </symbol>
      <symbol id="sm-84e">
         <name>__mpu_init</name>
         <value>0x0</value>
      </symbol>
      <symbol id="sm-84f">
         <name>_system_post_cinit</name>
         <value>0x0</value>
      </symbol>
   </symbol_table>
   <title>Link successful</title>
</link_info>
