******************************************************************************
                  TI ARM Linker PC v20.2.1                     
******************************************************************************
>> Linked Wed Feb 24 18:05:56 2021

OUTPUT FILE NAME:   <Lab4.out>
ENTRY POINT SYMBOL: "_c_int00_noargs"  address: 00002d99


MEMORY CONFIGURATION

         name            origin    length      used     unused   attr    fill
----------------------  --------  ---------  --------  --------  ----  --------
  FLASH                 00000000   00040000  0000309d  0003cf63  R  X
  SRAM                  20000000   00008000  00002313  00005ced  RW X


SEGMENT ALLOCATION MAP

run origin  load origin   length   init length attrs members
----------  ----------- ---------- ----------- ----- -------
00000000    00000000    000030a0   000030a0    r-x
  00000000    00000000    0000026c   0000026c    r-- .intvecs
  0000026c    0000026c    00002ce8   00002ce8    r-x .text
  00002f54    00002f54    00000109   00000109    r-- .const
  00003060    00003060    00000040   00000040    r-- .cinit
20000000    20000000    0000231a   00000000    rw-
  20000000    20000000    0000026c   00000000    rw- .vtable
  20000270    20000270    00001000   00000000    rw- .stack
  20001270    20001270    00001000   00000000    rw- .sysmem
  20002270    20002270    0000009d   00000000    rw- .bss
  20002310    20002310    0000000a   00000000    rw- .data


SECTION ALLOCATION MAP

 output                                  attributes/
section   page    origin      length       input sections
--------  ----  ----------  ----------   ----------------
.intvecs   0    00000000    0000026c     
                  00000000    0000026c     tm4c123gh6pm_startup_ccs.obj (.intvecs)

.text      0    0000026c    00002ce8     
                  0000026c    00000a4e     rtsv7M4_T_le_v4SPD16_eabi.lib : _printfi.c.obj (.text:__TI_printfi)
                  00000cba    00000002                                   : div0.asm.obj (.text)
                  00000cbc    00000328     lcd.obj (.text)
                  00000fe4    00000270     rtsv7M4_T_le_v4SPD16_eabi.lib : _printfi.c.obj (.text:_pconv_a)
                  00001254    00000248     Timer.obj (.text)
                  0000149c    000001ec     libcybotFindObjects.lib : ping.obj (.text)
                  00001688    000001d0     rtsv7M4_T_le_v4SPD16_eabi.lib : _printfi.c.obj (.text:_pconv_g)
                  00001858    000001b6                                   : fd_add_t2.asm.obj (.text)
                  00001a0e    00000002     --HOLE-- [fill = 0]
                  00001a10    0000015c     libcybotUART.lib : uart.obj (.text)
                  00001b6c    00000158     libcybotFindObjects.lib : cyBot_FindObjects.obj (.text)
                  00001cc4    0000013c     rtsv7M4_T_le_v4SPD16_eabi.lib : _printfi.c.obj (.text:_pconv_e)
                  00001e00    00000136                                   : fd_div_t2.asm.obj (.text)
                  00001f36    00000002     --HOLE-- [fill = 0]
                  00001f38    00000124                                   : _printfi.c.obj (.text:fcvt)
                  0000205c    00000124     libcybotFindObjects.lib : servo.obj (.text)
                  00002180    00000118                             : ir.obj (.text)
                  00002298    00000110     rtsv7M4_T_le_v4SPD16_eabi.lib : s_scalbn.c.obj (.text:scalbn)
                  000023a8    000000fc                                   : fd_mul_t2.asm.obj (.text)
                  000024a4    000000b1                                   : _printfi.c.obj (.text:_ltostr)
                  00002555    00000001     --HOLE-- [fill = 0]
                  00002556    0000009c                                   : memcpy_t2.asm.obj (.text)
                  000025f2    00000096                                   : ull_div_t2.asm.obj (.text)
                  00002688    00000092     lab3_template.obj (.text)
                  0000271a    00000002     --HOLE-- [fill = 0]
                  0000271c    0000008c     button.obj (.text)
                  000027a8    00000086     rtsv7M4_T_le_v4SPD16_eabi.lib : fd_cmp_t2.asm.obj (.text:__aeabi_cdcmple)
                  0000282e    00000086                                   : fd_cmp_t2.asm.obj (.text:__aeabi_cdrcmple)
                  000028b4    0000007a                                   : memset_t2.asm.obj (.text)
                  0000292e    0000006e                                   : _printfi.c.obj (.text:_mcpy)
                  0000299c    0000006e                                   : fd_tos_t2.asm.obj (.text)
                  00002a0a    00000068                                   : copy_decompress_lzss.c.obj (.text:decompress:lzss:__TI_decompress_lzss)
                  00002a72    00000002     --HOLE-- [fill = 0]
                  00002a74    00000064                                   : s_frexp.c.obj (.text:frexp)
                  00002ad8    00000056                                   : _printfi.c.obj (.text:_pconv_f)
                  00002b2e    00000054                                   : _ltoa.c.obj (.text:__TI_ltoa)
                  00002b82    00000052                                   : _printfi.c.obj (.text:_ecpy)
                  00002bd4    0000004c                                   : atoi.c.obj (.text:atoi)
                  00002c20    00000048                                   : fd_toi_t2.asm.obj (.text)
                  00002c68    00000044                                   : autoinit.c.obj (.text:__TI_auto_init_nobinit_nopinit:__TI_auto_init_nobinit_nopinit)
                  00002cac    00000040                                   : vsnprintf.c.obj (.text:vsnprintf)
                  00002cec    0000003e                                   : _printfi.c.obj (.text:_fcpy)
                  00002d2a    00000038                                   : fs_tod_t2.asm.obj (.text)
                  00002d62    00000002     --HOLE-- [fill = 0]
                  00002d64    00000034     driverlib.lib : interrupt.obj (.text:IntRegister)
                  00002d98    00000034     rtsv7M4_T_le_v4SPD16_eabi.lib : boot_cortex_m.c.obj (.text:_c_int00_noargs:_c_int00_noargs)
                  00002dcc    00000030                                   : vsnprintf.c.obj (.text:_outs)
                  00002dfc    0000002e                                   : i_tofd_t2.asm.obj (.text)
                  00002e2a    0000001c                                   : copy_zero_init.c.obj (.text:decompress:ZI:__TI_zero_init_nomemset:__TI_zero_init_nomemset)
                  00002e46    0000001c                                   : memccpy.c.obj (.text:memccpy)
                  00002e62    0000001a                                   : s_copysign.c.obj (.text:copysign)
                  00002e7c    00000018                                   : vsnprintf.c.obj (.text:_outc)
                  00002e94    00000018                                   : strcmp.c.obj (.text:strcmp)
                  00002eac    00000016                                   : strchr.c.obj (.text:strchr)
                  00002ec2    00000014                                   : strcpy.c.obj (.text:strcpy)
                  00002ed6    00000014                                   : strlen.c.obj (.text:strlen)
                  00002eea    00000012                                   : wcslen.c.obj (.text:wcslen)
                  00002efc    00000010     driverlib.lib : interrupt.obj (.text:IntMasterEnable)
                  00002f0c    00000010     lcd.obj (.text:lcd_clear)
                  00002f1c    0000000e     rtsv7M4_T_le_v4SPD16_eabi.lib : copy_decompress_none.c.obj (.text:decompress:none:__TI_decompress_none)
                  00002f2a    0000000c     driverlib.lib : cpu.obj (.text:CPUcpsie)
                  00002f36    0000000c     tm4c123gh6pm_startup_ccs.obj (.text)
                  00002f42    00000002     --HOLE-- [fill = 0]
                  00002f44    00000008     rtsv7M4_T_le_v4SPD16_eabi.lib : errno.c.obj (.text:__aeabi_errno_addr)
                  00002f4c    00000004                                   : pre_init.c.obj (.text:_system_pre_init)
                  00002f50    00000004                                   : exit.c.obj (.text:abort:abort)

.const     0    00002f54    00000109     
                  00002f54    00000101     rtsv7M4_T_le_v4SPD16_eabi.lib : ctype.c.obj (.const:.string:_ctypes_)
                  00003055    00000004     lcd.obj (.const:.string:lineAddress$1)
                  00003059    00000004     lcd.obj (.const:.string:lineAddresses$2)

.cinit     0    00003060    00000040     
                  00003060    0000000c     (__TI_handler_table)
                  0000306c    00000004     --HOLE-- [fill = 0]
                  00003070    00000008     (.cinit..bss.load) [load image, compression = zero_init]
                  00003078    00000008     (.cinit..vtable.load) [load image, compression = zero_init]
                  00003080    00000007     (.cinit..data.load) [load image, compression = lzss]
                  00003087    00000001     --HOLE-- [fill = 0]
                  00003088    00000018     (__TI_cinit_table)

.init_array 
*          0    00000000    00000000     UNINITIALIZED

.vtable    0    20000000    0000026c     UNINITIALIZED
                  20000000    0000026c     driverlib.lib : interrupt.obj (.vtable)

.stack     0    20000270    00001000     UNINITIALIZED
                  20000270    00000004     rtsv7M4_T_le_v4SPD16_eabi.lib : boot_cortex_m.c.obj (.stack)
                  20000274    00000ffc     --HOLE--

.sysmem    0    20001270    00001000     UNINITIALIZED
                  20001270    00000010     rtsv7M4_T_le_v4SPD16_eabi.lib : memory.c.obj (.sysmem)
                  20001280    00000ff0     --HOLE--

.bss       0    20002270    0000009d     UNINITIALIZED
                  20002270    00000054     lcd.obj (.bss:lastbuffer$3)
                  200022c4    00000034     (.common:isr_char_buffer)
                  200022f8    00000004     (.common:_timeout_ticks)
                  200022fc    00000004     (.common:fallingEdge)
                  20002300    00000004     (.common:isr_int_value)
                  20002304    00000004     (.common:pulseLength)
                  20002308    00000004     (.common:risingEdge)
                  2000230c    00000001     (.common:isRisingEdge)

.data      0    20002310    0000000a     UNINITIALIZED
                  20002310    00000004     libcybotUART.lib : uart.obj (.data)
                  20002314    00000004     rtsv7M4_T_le_v4SPD16_eabi.lib : errno.c.obj (.data)
                  20002318    00000001     Timer.obj (.data)
                  20002319    00000001     button.obj (.data)

__llvm_prf_cnts 
*          0    20000000    00000000     UNINITIALIZED

MODULE SUMMARY

       Module                         code    ro data   rw data
       ------                         ----    -------   -------
    .\
       lcd.obj                        824     8         84     
       tm4c123gh6pm_startup_ccs.obj   12      620       0      
       Timer.obj                      584     0         5      
       lab3_template.obj              146     0         0      
       button.obj                     140     0         1      
    +--+------------------------------+-------+---------+---------+
       Total:                         1706    628       90     
                                                               
    ../libcybotFindObjects.lib
       ping.obj                       492     0         13     
       cyBot_FindObjects.obj          344     0         0      
       servo.obj                      292     0         0      
       ir.obj                         280     0         4      
    +--+------------------------------+-------+---------+---------+
       Total:                         1408    0         17     
                                                               
    ../libcybotUART.lib
       uart.obj                       348     0         56     
    +--+------------------------------+-------+---------+---------+
       Total:                         348     0         56     
                                                               
    C:/ti/TivaWare_C_Series-2.1.4.178/driverlib/ccs/Debug/driverlib.lib
       interrupt.obj                  68      0         620    
       cpu.obj                        12      0         0      
    +--+------------------------------+-------+---------+---------+
       Total:                         80      0         620    
                                                               
    C:\ti\ccs1010\ccs\tools\compiler\ti-cgt-arm_20.2.1.LTS\lib\rtsv7M4_T_le_v4SPD16_eabi.lib
       _printfi.c.obj                 4851    0         0      
       fd_add_t2.asm.obj              438     0         0      
       fd_div_t2.asm.obj              310     0         0      
       s_scalbn.c.obj                 272     0         0      
       fd_cmp_t2.asm.obj              268     0         0      
       ctype.c.obj                    0       257       0      
       fd_mul_t2.asm.obj              252     0         0      
       memcpy_t2.asm.obj              156     0         0      
       ull_div_t2.asm.obj             150     0         0      
       vsnprintf.c.obj                136     0         0      
       memset_t2.asm.obj              122     0         0      
       fd_tos_t2.asm.obj              110     0         0      
       copy_decompress_lzss.c.obj     104     0         0      
       s_frexp.c.obj                  100     0         0      
       _ltoa.c.obj                    84      0         0      
       atoi.c.obj                     76      0         0      
       fd_toi_t2.asm.obj              72      0         0      
       autoinit.c.obj                 68      0         0      
       fs_tod_t2.asm.obj              56      0         0      
       boot_cortex_m.c.obj            52      0         0      
       i_tofd_t2.asm.obj              46      0         0      
       copy_zero_init.c.obj           28      0         0      
       memccpy.c.obj                  28      0         0      
       s_copysign.c.obj               26      0         0      
       strcmp.c.obj                   24      0         0      
       strchr.c.obj                   22      0         0      
       strcpy.c.obj                   20      0         0      
       strlen.c.obj                   20      0         0      
       wcslen.c.obj                   18      0         0      
       copy_decompress_none.c.obj     14      0         0      
       errno.c.obj                    8       0         4      
       exit.c.obj                     4       0         0      
       pre_init.c.obj                 4       0         0      
       div0.asm.obj                   2       0         0      
    +--+------------------------------+-------+---------+---------+
       Total:                         7941    257       4      
                                                               
       Heap:                          0       0         4096   
       Stack:                         0       0         4096   
       Linker Generated:              0       59        0      
    +--+------------------------------+-------+---------+---------+
       Grand Total:                   11483   944       8979   


LINKER GENERATED COPY TABLES

__TI_cinit_table @ 00003088 records: 3, size/record: 8, table size: 24
	.bss: load addr=00003070, load size=00000008 bytes, run addr=20002270, run size=0000009d bytes, compression=zero_init
	.vtable: load addr=00003078, load size=00000008 bytes, run addr=20000000, run size=0000026c bytes, compression=zero_init
	.data: load addr=00003080, load size=00000007 bytes, run addr=20002310, run size=0000000a bytes, compression=lzss


LINKER GENERATED HANDLER TABLE

__TI_handler_table @ 00003060 records: 3, size/record: 4, table size: 12
	index: 0, handler: __TI_zero_init
	index: 1, handler: __TI_decompress_lzss
	index: 2, handler: __TI_decompress_none


GLOBAL SYMBOLS: SORTED ALPHABETICALLY BY Name 

address   name                          
-------   ----                          
00002219  ADC0SS0_Handler               
00002f51  C$$EXIT                       
00002f2b  CPUcpsie                      
00002efd  IntMasterEnable               
00002d65  IntRegister                   
00002f37  ResetISR                      
0000158d  TIMER3B_Handler               
20001270  __STACK_END                   
00001000  __STACK_SIZE                  
20000470  __STACK_TOP                   
00001000  __SYSMEM_SIZE                 
00003088  __TI_CINIT_Base               
000030a0  __TI_CINIT_Limit              
00003060  __TI_Handler_Table_Base       
0000306c  __TI_Handler_Table_Limit      
00002c69  __TI_auto_init_nobinit_nopinit
00002a0b  __TI_decompress_lzss          
00002f1d  __TI_decompress_none          
00002b2f  __TI_ltoa                     
ffffffff  __TI_pprof_out_hndl           
0000026d  __TI_printfi                  
ffffffff  __TI_prof_data_size           
ffffffff  __TI_prof_data_start          
00000000  __TI_static_base__            
00002e2b  __TI_zero_init_nomemset       
000027a9  __aeabi_cdcmpeq               
000027a9  __aeabi_cdcmple               
0000282f  __aeabi_cdrcmple              
0000299d  __aeabi_d2f                   
00002c21  __aeabi_d2iz                  
00001863  __aeabi_dadd                  
00001e01  __aeabi_ddiv                  
000023a9  __aeabi_dmul                  
00001859  __aeabi_dsub                  
00002f45  __aeabi_errno_addr            
00002d2b  __aeabi_f2d                   
00002dfd  __aeabi_i2d                   
00000cbb  __aeabi_idiv0                 
00000cbb  __aeabi_ldiv0                 
000028b5  __aeabi_memclr                
000028b5  __aeabi_memclr4               
000028b5  __aeabi_memclr8               
00002557  __aeabi_memcpy                
00002557  __aeabi_memcpy4               
00002557  __aeabi_memcpy8               
000028b7  __aeabi_memset                
000028b7  __aeabi_memset4               
000028b7  __aeabi_memset8               
000025f3  __aeabi_uldivmod              
ffffffff  __binit__                     
ffffffff  __c_args__                    
UNDEFED   __mpu_init                    
20000270  __stack                       
20000000  __start___llvm_prf_cnts       
20000000  __stop___llvm_prf_cnts        
00002d99  _c_int00_noargs               
00002f54  _ctypes_                      
20002318  _running                      
20001270  _sys_memory                   
UNDEFED   _system_post_cinit            
00002f4d  _system_pre_init              
200022f8  _timeout_ticks                
00002f51  abort                         
00002bd5  atoi                          
ffffffff  binit                         
0000275d  button_getButton              
0000271d  button_init                   
00002e63  copysign                      
00002e63  copysignl                     
00001c83  cyBOT_Scan                    
00001c73  cyBOT_init_Scan               
00001b6d  cyBot_FindObjects             
00001b19  cyBot_UART1_Handler           
00001aff  cyBot_getByte                 
00001a11  cyBot_sendByte                
00001ae1  cyBot_uart_flush              
00001a4f  cyBot_uart_init               
00001a37  cyBot_uart_sendBuffer         
00001a1d  cyBot_uart_sendStr            
20002314  errno                         
200022fc  fallingEdge                   
00002a75  frexp                         
00002a75  frexpl                        
20000000  g_pfnRAMVectors               
00000000  g_pfnVectors                  
0000222f  ir_enableInterrupt            
00002211  ir_getDistance                
000021e9  ir_getValue                   
00002181  ir_init                       
2000230c  isRisingEdge                  
200022c4  isr_char_buffer               
20002310  isr_counter                   
20002300  isr_int_value                 
00002f0d  lcd_clear                     
00000e91  lcd_gotoLine                  
00000cf9  lcd_init                      
00000ef7  lcd_printf                    
00000db9  lcd_putc                      
00000df1  lcd_puts                      
00000cbd  lcd_reverseNibble             
00000e0f  lcd_sendCommand               
00000e4d  lcd_sendNibble                
00000eb9  lcd_setCursorPos              
00002299  ldexp                         
00002299  ldexpl                        
00002689  main                          
00002e47  memccpy                       
00002557  memcpy                        
000028bd  memset                        
000015df  ping_getDistance              
0000149d  ping_init                     
00001523  ping_trigger                  
20002304  pulseLength                   
20002308  risingEdge                    
00002299  scalbn                        
00002299  scalbnl                       
0000205d  servo_init                    
000020e1  servo_move                    
0000212b  servo_setPWM                  
000020d5  servo_stop                    
00002ead  strchr                        
00002e95  strcmp                        
00002ec3  strcpy                        
00002ed7  strlen                        
00001373  timer_getMicros               
0000131b  timer_getMillis               
00001255  timer_init                    
000012f7  timer_pause                   
00001309  timer_resume                  
000012cd  timer_stop                    
000013cd  timer_waitMicros              
000013ff  timer_waitMillis              
00002cad  vsnprintf                     
00002eeb  wcslen                        


GLOBAL SYMBOLS: SORTED BY Symbol Address 

address   name                          
-------   ----                          
00000000  __TI_static_base__            
00000000  g_pfnVectors                  
0000026d  __TI_printfi                  
00000cbb  __aeabi_idiv0                 
00000cbb  __aeabi_ldiv0                 
00000cbd  lcd_reverseNibble             
00000cf9  lcd_init                      
00000db9  lcd_putc                      
00000df1  lcd_puts                      
00000e0f  lcd_sendCommand               
00000e4d  lcd_sendNibble                
00000e91  lcd_gotoLine                  
00000eb9  lcd_setCursorPos              
00000ef7  lcd_printf                    
00001000  __STACK_SIZE                  
00001000  __SYSMEM_SIZE                 
00001255  timer_init                    
000012cd  timer_stop                    
000012f7  timer_pause                   
00001309  timer_resume                  
0000131b  timer_getMillis               
00001373  timer_getMicros               
000013cd  timer_waitMicros              
000013ff  timer_waitMillis              
0000149d  ping_init                     
00001523  ping_trigger                  
0000158d  TIMER3B_Handler               
000015df  ping_getDistance              
00001859  __aeabi_dsub                  
00001863  __aeabi_dadd                  
00001a11  cyBot_sendByte                
00001a1d  cyBot_uart_sendStr            
00001a37  cyBot_uart_sendBuffer         
00001a4f  cyBot_uart_init               
00001ae1  cyBot_uart_flush              
00001aff  cyBot_getByte                 
00001b19  cyBot_UART1_Handler           
00001b6d  cyBot_FindObjects             
00001c73  cyBOT_init_Scan               
00001c83  cyBOT_Scan                    
00001e01  __aeabi_ddiv                  
0000205d  servo_init                    
000020d5  servo_stop                    
000020e1  servo_move                    
0000212b  servo_setPWM                  
00002181  ir_init                       
000021e9  ir_getValue                   
00002211  ir_getDistance                
00002219  ADC0SS0_Handler               
0000222f  ir_enableInterrupt            
00002299  ldexp                         
00002299  ldexpl                        
00002299  scalbn                        
00002299  scalbnl                       
000023a9  __aeabi_dmul                  
00002557  __aeabi_memcpy                
00002557  __aeabi_memcpy4               
00002557  __aeabi_memcpy8               
00002557  memcpy                        
000025f3  __aeabi_uldivmod              
00002689  main                          
0000271d  button_init                   
0000275d  button_getButton              
000027a9  __aeabi_cdcmpeq               
000027a9  __aeabi_cdcmple               
0000282f  __aeabi_cdrcmple              
000028b5  __aeabi_memclr                
000028b5  __aeabi_memclr4               
000028b5  __aeabi_memclr8               
000028b7  __aeabi_memset                
000028b7  __aeabi_memset4               
000028b7  __aeabi_memset8               
000028bd  memset                        
0000299d  __aeabi_d2f                   
00002a0b  __TI_decompress_lzss          
00002a75  frexp                         
00002a75  frexpl                        
00002b2f  __TI_ltoa                     
00002bd5  atoi                          
00002c21  __aeabi_d2iz                  
00002c69  __TI_auto_init_nobinit_nopinit
00002cad  vsnprintf                     
00002d2b  __aeabi_f2d                   
00002d65  IntRegister                   
00002d99  _c_int00_noargs               
00002dfd  __aeabi_i2d                   
00002e2b  __TI_zero_init_nomemset       
00002e47  memccpy                       
00002e63  copysign                      
00002e63  copysignl                     
00002e95  strcmp                        
00002ead  strchr                        
00002ec3  strcpy                        
00002ed7  strlen                        
00002eeb  wcslen                        
00002efd  IntMasterEnable               
00002f0d  lcd_clear                     
00002f1d  __TI_decompress_none          
00002f2b  CPUcpsie                      
00002f37  ResetISR                      
00002f45  __aeabi_errno_addr            
00002f4d  _system_pre_init              
00002f51  C$$EXIT                       
00002f51  abort                         
00002f54  _ctypes_                      
00003060  __TI_Handler_Table_Base       
0000306c  __TI_Handler_Table_Limit      
00003088  __TI_CINIT_Base               
000030a0  __TI_CINIT_Limit              
20000000  __start___llvm_prf_cnts       
20000000  __stop___llvm_prf_cnts        
20000000  g_pfnRAMVectors               
20000270  __stack                       
20000470  __STACK_TOP                   
20001270  __STACK_END                   
20001270  _sys_memory                   
200022c4  isr_char_buffer               
200022f8  _timeout_ticks                
200022fc  fallingEdge                   
20002300  isr_int_value                 
20002304  pulseLength                   
20002308  risingEdge                    
2000230c  isRisingEdge                  
20002310  isr_counter                   
20002314  errno                         
20002318  _running                      
ffffffff  __TI_pprof_out_hndl           
ffffffff  __TI_prof_data_size           
ffffffff  __TI_prof_data_start          
ffffffff  __binit__                     
ffffffff  __c_args__                    
ffffffff  binit                         
UNDEFED   __mpu_init                    
UNDEFED   _system_post_cinit            

[134 symbols]
