******************************************************************************
                  TI ARM Linker PC v20.2.1                     
******************************************************************************
>> Linked Thu Mar 18 09:07:32 2021

OUTPUT FILE NAME:   <Lab6.out>
ENTRY POINT SYMBOL: "_c_int00_noargs"  address: 00002cc9


MEMORY CONFIGURATION

         name            origin    length      used     unused   attr    fill
----------------------  --------  ---------  --------  --------  ----  --------
  FLASH                 00000000   00040000  00002fe1  0003d01f  R  X
  SRAM                  20000000   00008000  000022e2  00005d1e  RW X


SEGMENT ALLOCATION MAP

run origin  load origin   length   init length attrs members
----------  ----------- ---------- ----------- ----- -------
00000000    00000000    00002fe8   00002fe8    r-x
  00000000    00000000    0000026c   0000026c    r-- .intvecs
  0000026c    0000026c    00002c2c   00002c2c    r-x .text
  00002e98    00002e98    00000109   00000109    r-- .const
  00002fa8    00002fa8    00000040   00000040    r-- .cinit
20000000    20000000    000022e9   00000000    rw-
  20000000    20000000    0000026c   00000000    rw- .vtable
  20000270    20000270    00001000   00000000    rw- .stack
  20001270    20001270    00001000   00000000    rw- .sysmem
  20002270    20002270    00000069   00000000    rw- .bss
  200022dc    200022dc    0000000d   00000000    rw- .data


SECTION ALLOCATION MAP

 output                                  attributes/
section   page    origin      length       input sections
--------  ----  ----------  ----------   ----------------
.intvecs   0    00000000    0000026c     
                  00000000    0000026c     tm4c123gh6pm_startup_ccs.obj (.intvecs)

.text      0    0000026c    00002c2c     
                  0000026c    00000a4e     rtsv7M4_T_le_v4SPD16_eabi.lib : _printfi.c.obj (.text:__TI_printfi)
                  00000cba    00000002                                   : div0.asm.obj (.text)
                  00000cbc    00000328     lcd.obj (.text)
                  00000fe4    00000270     rtsv7M4_T_le_v4SPD16_eabi.lib : _printfi.c.obj (.text:_pconv_a)
                  00001254    00000248     Timer.obj (.text)
                  0000149c    000001ec     libcybotFindObjects.lib : ping.obj (.text)
                  00001688    000001d0     rtsv7M4_T_le_v4SPD16_eabi.lib : _printfi.c.obj (.text:_pconv_g)
                  00001858    000001b6                                   : fd_add_t2.asm.obj (.text)
                  00001a0e    00000002     --HOLE-- [fill = 0]
                  00001a10    000001ac     uart-interrupt.obj (.text)
                  00001bbc    00000158     libcybotFindObjects.lib : cyBot_FindObjects.obj (.text)
                  00001d14    0000013c     rtsv7M4_T_le_v4SPD16_eabi.lib : _printfi.c.obj (.text:_pconv_e)
                  00001e50    00000136                                   : fd_div_t2.asm.obj (.text)
                  00001f86    00000002     --HOLE-- [fill = 0]
                  00001f88    00000124                                   : _printfi.c.obj (.text:fcvt)
                  000020ac    00000124     libcybotFindObjects.lib : servo.obj (.text)
                  000021d0    00000118                             : ir.obj (.text)
                  000022e8    00000110     rtsv7M4_T_le_v4SPD16_eabi.lib : s_scalbn.c.obj (.text:scalbn)
                  000023f8    000000fc                                   : fd_mul_t2.asm.obj (.text)
                  000024f4    000000b1                                   : _printfi.c.obj (.text:_ltostr)
                  000025a5    00000001     --HOLE-- [fill = 0]
                  000025a6    0000009c                                   : memcpy_t2.asm.obj (.text)
                  00002642    00000096                                   : ull_div_t2.asm.obj (.text)
                  000026d8    00000086                                   : fd_cmp_t2.asm.obj (.text:__aeabi_cdcmple)
                  0000275e    00000086                                   : fd_cmp_t2.asm.obj (.text:__aeabi_cdrcmple)
                  000027e4    0000007a                                   : memset_t2.asm.obj (.text)
                  0000285e    0000006e                                   : _printfi.c.obj (.text:_mcpy)
                  000028cc    0000006e                                   : fd_tos_t2.asm.obj (.text)
                  0000293a    00000068                                   : copy_decompress_lzss.c.obj (.text:decompress:lzss:__TI_decompress_lzss)
                  000029a2    00000002     --HOLE-- [fill = 0]
                  000029a4    00000064                                   : s_frexp.c.obj (.text:frexp)
                  00002a08    00000056                                   : _printfi.c.obj (.text:_pconv_f)
                  00002a5e    00000054                                   : _ltoa.c.obj (.text:__TI_ltoa)
                  00002ab2    00000052                                   : _printfi.c.obj (.text:_ecpy)
                  00002b04    0000004c                                   : atoi.c.obj (.text:atoi)
                  00002b50    00000048                                   : fd_toi_t2.asm.obj (.text)
                  00002b98    00000044                                   : autoinit.c.obj (.text:__TI_auto_init_nobinit_nopinit:__TI_auto_init_nobinit_nopinit)
                  00002bdc    00000040                                   : vsnprintf.c.obj (.text:vsnprintf)
                  00002c1c    0000003e                                   : _printfi.c.obj (.text:_fcpy)
                  00002c5a    00000038                                   : fs_tod_t2.asm.obj (.text)
                  00002c92    00000002     --HOLE-- [fill = 0]
                  00002c94    00000034     driverlib.lib : interrupt.obj (.text:IntRegister)
                  00002cc8    00000034     rtsv7M4_T_le_v4SPD16_eabi.lib : boot_cortex_m.c.obj (.text:_c_int00_noargs:_c_int00_noargs)
                  00002cfc    00000030                                   : vsnprintf.c.obj (.text:_outs)
                  00002d2c    0000002e                                   : i_tofd_t2.asm.obj (.text)
                  00002d5a    0000001c                                   : copy_zero_init.c.obj (.text:decompress:ZI:__TI_zero_init_nomemset:__TI_zero_init_nomemset)
                  00002d76    0000001c                                   : memccpy.c.obj (.text:memccpy)
                  00002d92    0000001a                                   : s_copysign.c.obj (.text:copysign)
                  00002dac    00000018                                   : vsnprintf.c.obj (.text:_outc)
                  00002dc4    00000018                                   : strcmp.c.obj (.text:strcmp)
                  00002ddc    00000016                                   : strchr.c.obj (.text:strchr)
                  00002df2    00000014     lab6-interrupt_template.obj (.text)
                  00002e06    00000014     rtsv7M4_T_le_v4SPD16_eabi.lib : strcpy.c.obj (.text:strcpy)
                  00002e1a    00000014                                   : strlen.c.obj (.text:strlen)
                  00002e2e    00000012                                   : wcslen.c.obj (.text:wcslen)
                  00002e40    00000010     driverlib.lib : interrupt.obj (.text:IntMasterEnable)
                  00002e50    00000010     lcd.obj (.text:lcd_clear)
                  00002e60    0000000e     rtsv7M4_T_le_v4SPD16_eabi.lib : copy_decompress_none.c.obj (.text:decompress:none:__TI_decompress_none)
                  00002e6e    0000000c     driverlib.lib : cpu.obj (.text:CPUcpsie)
                  00002e7a    0000000c     tm4c123gh6pm_startup_ccs.obj (.text)
                  00002e86    00000002     --HOLE-- [fill = 0]
                  00002e88    00000008     rtsv7M4_T_le_v4SPD16_eabi.lib : errno.c.obj (.text:__aeabi_errno_addr)
                  00002e90    00000004                                   : pre_init.c.obj (.text:_system_pre_init)
                  00002e94    00000004                                   : exit.c.obj (.text:abort:abort)

.const     0    00002e98    00000109     
                  00002e98    00000101     rtsv7M4_T_le_v4SPD16_eabi.lib : ctype.c.obj (.const:.string:_ctypes_)
                  00002f99    00000004     lcd.obj (.const:.string:lineAddress$1)
                  00002f9d    00000004     lcd.obj (.const:.string:lineAddresses$2)

.cinit     0    00002fa8    00000040     
                  00002fa8    0000000c     (__TI_handler_table)
                  00002fb4    0000000b     (.cinit..data.load) [load image, compression = lzss]
                  00002fbf    00000001     --HOLE-- [fill = 0]
                  00002fc0    00000008     (.cinit..bss.load) [load image, compression = zero_init]
                  00002fc8    00000008     (.cinit..vtable.load) [load image, compression = zero_init]
                  00002fd0    00000018     (__TI_cinit_table)

.init_array 
*          0    00000000    00000000     UNINITIALIZED

.vtable    0    20000000    0000026c     UNINITIALIZED
                  20000000    0000026c     driverlib.lib : interrupt.obj (.vtable)

.stack     0    20000270    00001000     UNINITIALIZED
                  20000270    00000004     rtsv7M4_T_le_v4SPD16_eabi.lib : boot_cortex_m.c.obj (.stack)
                  20000274    00000ffc     --HOLE--

.sysmem    0    20001270    00001000     UNINITIALIZED
                  20001270    00000010     rtsv7M4_T_le_v4SPD16_eabi.lib : memory.c.obj (.sysmem)
                  20001280    00000ff0     --HOLE--

.bss       0    20002270    00000069     UNINITIALIZED
                  20002270    00000054     lcd.obj (.bss:lastbuffer$3)
                  200022c4    00000004     (.common:_timeout_ticks)
                  200022c8    00000004     (.common:fallingEdge)
                  200022cc    00000004     (.common:isr_int_value)
                  200022d0    00000004     (.common:pulseLength)
                  200022d4    00000004     (.common:risingEdge)
                  200022d8    00000001     (.common:isRisingEdge)

.data      0    200022dc    0000000d     UNINITIALIZED
                  200022dc    00000008     uart-interrupt.obj (.data)
                  200022e4    00000004     rtsv7M4_T_le_v4SPD16_eabi.lib : errno.c.obj (.data)
                  200022e8    00000001     Timer.obj (.data)

__llvm_prf_cnts 
*          0    20000000    00000000     UNINITIALIZED

MODULE SUMMARY

       Module                         code    ro data   rw data
       ------                         ----    -------   -------
    .\
       lcd.obj                        824     8         84     
       tm4c123gh6pm_startup_ccs.obj   12      620       0      
       Timer.obj                      584     0         5      
       uart-interrupt.obj             428     0         8      
       lab6-interrupt_template.obj    20      0         0      
    +--+------------------------------+-------+---------+---------+
       Total:                         1868    628       97     
                                                               
    ../libcybotFindObjects.lib
       ping.obj                       492     0         13     
       cyBot_FindObjects.obj          344     0         0      
       servo.obj                      292     0         0      
       ir.obj                         280     0         4      
    +--+------------------------------+-------+---------+---------+
       Total:                         1408    0         17     
                                                               
    C:/ti/TivaWare_C_Series-2.1.4.178/driverlib/ccs/Debug/driverlib.lib
       interrupt.obj                  68      0         620    
       cpu.obj                        12      0         0      
    +--+------------------------------+-------+---------+---------+
       Total:                         80      0         620    
                                                               
    C:\ti\ccs1010\ccs\tools\compiler\ti-cgt-arm_20.2.1.LTS\lib\rtsv7M4_T_le_v4SPD16_eabi.lib
       _printfi.c.obj                 4851    0         0      
       fd_add_t2.asm.obj              438     0         0      
       fd_div_t2.asm.obj              310     0         0      
       s_scalbn.c.obj                 272     0         0      
       fd_cmp_t2.asm.obj              268     0         0      
       ctype.c.obj                    0       257       0      
       fd_mul_t2.asm.obj              252     0         0      
       memcpy_t2.asm.obj              156     0         0      
       ull_div_t2.asm.obj             150     0         0      
       vsnprintf.c.obj                136     0         0      
       memset_t2.asm.obj              122     0         0      
       fd_tos_t2.asm.obj              110     0         0      
       copy_decompress_lzss.c.obj     104     0         0      
       s_frexp.c.obj                  100     0         0      
       _ltoa.c.obj                    84      0         0      
       atoi.c.obj                     76      0         0      
       fd_toi_t2.asm.obj              72      0         0      
       autoinit.c.obj                 68      0         0      
       fs_tod_t2.asm.obj              56      0         0      
       boot_cortex_m.c.obj            52      0         0      
       i_tofd_t2.asm.obj              46      0         0      
       copy_zero_init.c.obj           28      0         0      
       memccpy.c.obj                  28      0         0      
       s_copysign.c.obj               26      0         0      
       strcmp.c.obj                   24      0         0      
       strchr.c.obj                   22      0         0      
       strcpy.c.obj                   20      0         0      
       strlen.c.obj                   20      0         0      
       wcslen.c.obj                   18      0         0      
       copy_decompress_none.c.obj     14      0         0      
       errno.c.obj                    8       0         4      
       exit.c.obj                     4       0         0      
       pre_init.c.obj                 4       0         0      
       div0.asm.obj                   2       0         0      
    +--+------------------------------+-------+---------+---------+
       Total:                         7941    257       4      
                                                               
       Heap:                          0       0         4096   
       Stack:                         0       0         4096   
       Linker Generated:              0       63        0      
    +--+------------------------------+-------+---------+---------+
       Grand Total:                   11297   948       8930   


LINKER GENERATED COPY TABLES

__TI_cinit_table @ 00002fd0 records: 3, size/record: 8, table size: 24
	.data: load addr=00002fb4, load size=0000000b bytes, run addr=200022dc, run size=0000000d bytes, compression=lzss
	.bss: load addr=00002fc0, load size=00000008 bytes, run addr=20002270, run size=00000069 bytes, compression=zero_init
	.vtable: load addr=00002fc8, load size=00000008 bytes, run addr=20000000, run size=0000026c bytes, compression=zero_init


LINKER GENERATED HANDLER TABLE

__TI_handler_table @ 00002fa8 records: 3, size/record: 4, table size: 12
	index: 0, handler: __TI_zero_init
	index: 1, handler: __TI_decompress_lzss
	index: 2, handler: __TI_decompress_none


GLOBAL SYMBOLS: SORTED ALPHABETICALLY BY Name 

address   name                          
-------   ----                          
00002269  ADC0SS0_Handler               
00002e95  C$$EXIT                       
00002e6f  CPUcpsie                      
00002e41  IntMasterEnable               
00002c95  IntRegister                   
00002e7b  ResetISR                      
0000158d  TIMER3B_Handler               
00001b15  UART1_Handler                 
20001270  __STACK_END                   
00001000  __STACK_SIZE                  
20000470  __STACK_TOP                   
00001000  __SYSMEM_SIZE                 
00002fd0  __TI_CINIT_Base               
00002fe8  __TI_CINIT_Limit              
00002fa8  __TI_Handler_Table_Base       
00002fb4  __TI_Handler_Table_Limit      
00002b99  __TI_auto_init_nobinit_nopinit
0000293b  __TI_decompress_lzss          
00002e61  __TI_decompress_none          
00002a5f  __TI_ltoa                     
ffffffff  __TI_pprof_out_hndl           
0000026d  __TI_printfi                  
ffffffff  __TI_prof_data_size           
ffffffff  __TI_prof_data_start          
00000000  __TI_static_base__            
00002d5b  __TI_zero_init_nomemset       
000026d9  __aeabi_cdcmpeq               
000026d9  __aeabi_cdcmple               
0000275f  __aeabi_cdrcmple              
000028cd  __aeabi_d2f                   
00002b51  __aeabi_d2iz                  
00001863  __aeabi_dadd                  
00001e51  __aeabi_ddiv                  
000023f9  __aeabi_dmul                  
00001859  __aeabi_dsub                  
00002e89  __aeabi_errno_addr            
00002c5b  __aeabi_f2d                   
00002d2d  __aeabi_i2d                   
00000cbb  __aeabi_idiv0                 
00000cbb  __aeabi_ldiv0                 
000027e5  __aeabi_memclr                
000027e5  __aeabi_memclr4               
000027e5  __aeabi_memclr8               
000025a7  __aeabi_memcpy                
000025a7  __aeabi_memcpy4               
000025a7  __aeabi_memcpy8               
000027e7  __aeabi_memset                
000027e7  __aeabi_memset4               
000027e7  __aeabi_memset8               
00002643  __aeabi_uldivmod              
ffffffff  __binit__                     
ffffffff  __c_args__                    
UNDEFED   __mpu_init                    
20000270  __stack                       
20000000  __start___llvm_prf_cnts       
20000000  __stop___llvm_prf_cnts        
00002cc9  _c_int00_noargs               
00002e98  _ctypes_                      
200022e8  _running                      
20001270  _sys_memory                   
UNDEFED   _system_post_cinit            
00002e91  _system_pre_init              
200022c4  _timeout_ticks                
00002e95  abort                         
00002b05  atoi                          
ffffffff  binit                         
200022dc  command_byte                  
200022e0  command_flag                  
00002d93  copysign                      
00002d93  copysignl                     
00001cd3  cyBOT_Scan                    
00001cc3  cyBOT_init_Scan               
00001bbd  cyBot_FindObjects             
200022e4  errno                         
200022c8  fallingEdge                   
000029a5  frexp                         
000029a5  frexpl                        
20000000  g_pfnRAMVectors               
00000000  g_pfnVectors                  
0000227f  ir_enableInterrupt            
00002261  ir_getDistance                
00002239  ir_getValue                   
000021d1  ir_init                       
200022d8  isRisingEdge                  
200022cc  isr_int_value                 
00002e51  lcd_clear                     
00000e91  lcd_gotoLine                  
00000cf9  lcd_init                      
00000ef7  lcd_printf                    
00000db9  lcd_putc                      
00000df1  lcd_puts                      
00000cbd  lcd_reverseNibble             
00000e0f  lcd_sendCommand               
00000e4d  lcd_sendNibble                
00000eb9  lcd_setCursorPos              
000022e9  ldexp                         
000022e9  ldexpl                        
00002df3  main                          
00002d77  memccpy                       
000025a7  memcpy                        
000027ed  memset                        
000015df  ping_getDistance              
0000149d  ping_init                     
00001523  ping_trigger                  
200022d0  pulseLength                   
200022d4  risingEdge                    
000022e9  scalbn                        
000022e9  scalbnl                       
000020ad  servo_init                    
00002131  servo_move                    
0000217b  servo_setPWM                  
00002125  servo_stop                    
00002ddd  strchr                        
00002dc5  strcmp                        
00002e07  strcpy                        
00002e1b  strlen                        
00001373  timer_getMicros               
0000131b  timer_getMillis               
00001255  timer_init                    
000012f7  timer_pause                   
00001309  timer_resume                  
000012cd  timer_stop                    
000013cd  timer_waitMicros              
000013ff  timer_waitMillis              
00001a11  uart_interrupt_init           
00001af5  uart_receive                  
00001ad9  uart_sendChar                 
00001af7  uart_sendStr                  
00002bdd  vsnprintf                     
00002e2f  wcslen                        


GLOBAL SYMBOLS: SORTED BY Symbol Address 

address   name                          
-------   ----                          
00000000  __TI_static_base__            
00000000  g_pfnVectors                  
0000026d  __TI_printfi                  
00000cbb  __aeabi_idiv0                 
00000cbb  __aeabi_ldiv0                 
00000cbd  lcd_reverseNibble             
00000cf9  lcd_init                      
00000db9  lcd_putc                      
00000df1  lcd_puts                      
00000e0f  lcd_sendCommand               
00000e4d  lcd_sendNibble                
00000e91  lcd_gotoLine                  
00000eb9  lcd_setCursorPos              
00000ef7  lcd_printf                    
00001000  __STACK_SIZE                  
00001000  __SYSMEM_SIZE                 
00001255  timer_init                    
000012cd  timer_stop                    
000012f7  timer_pause                   
00001309  timer_resume                  
0000131b  timer_getMillis               
00001373  timer_getMicros               
000013cd  timer_waitMicros              
000013ff  timer_waitMillis              
0000149d  ping_init                     
00001523  ping_trigger                  
0000158d  TIMER3B_Handler               
000015df  ping_getDistance              
00001859  __aeabi_dsub                  
00001863  __aeabi_dadd                  
00001a11  uart_interrupt_init           
00001ad9  uart_sendChar                 
00001af5  uart_receive                  
00001af7  uart_sendStr                  
00001b15  UART1_Handler                 
00001bbd  cyBot_FindObjects             
00001cc3  cyBOT_init_Scan               
00001cd3  cyBOT_Scan                    
00001e51  __aeabi_ddiv                  
000020ad  servo_init                    
00002125  servo_stop                    
00002131  servo_move                    
0000217b  servo_setPWM                  
000021d1  ir_init                       
00002239  ir_getValue                   
00002261  ir_getDistance                
00002269  ADC0SS0_Handler               
0000227f  ir_enableInterrupt            
000022e9  ldexp                         
000022e9  ldexpl                        
000022e9  scalbn                        
000022e9  scalbnl                       
000023f9  __aeabi_dmul                  
000025a7  __aeabi_memcpy                
000025a7  __aeabi_memcpy4               
000025a7  __aeabi_memcpy8               
000025a7  memcpy                        
00002643  __aeabi_uldivmod              
000026d9  __aeabi_cdcmpeq               
000026d9  __aeabi_cdcmple               
0000275f  __aeabi_cdrcmple              
000027e5  __aeabi_memclr                
000027e5  __aeabi_memclr4               
000027e5  __aeabi_memclr8               
000027e7  __aeabi_memset                
000027e7  __aeabi_memset4               
000027e7  __aeabi_memset8               
000027ed  memset                        
000028cd  __aeabi_d2f                   
0000293b  __TI_decompress_lzss          
000029a5  frexp                         
000029a5  frexpl                        
00002a5f  __TI_ltoa                     
00002b05  atoi                          
00002b51  __aeabi_d2iz                  
00002b99  __TI_auto_init_nobinit_nopinit
00002bdd  vsnprintf                     
00002c5b  __aeabi_f2d                   
00002c95  IntRegister                   
00002cc9  _c_int00_noargs               
00002d2d  __aeabi_i2d                   
00002d5b  __TI_zero_init_nomemset       
00002d77  memccpy                       
00002d93  copysign                      
00002d93  copysignl                     
00002dc5  strcmp                        
00002ddd  strchr                        
00002df3  main                          
00002e07  strcpy                        
00002e1b  strlen                        
00002e2f  wcslen                        
00002e41  IntMasterEnable               
00002e51  lcd_clear                     
00002e61  __TI_decompress_none          
00002e6f  CPUcpsie                      
00002e7b  ResetISR                      
00002e89  __aeabi_errno_addr            
00002e91  _system_pre_init              
00002e95  C$$EXIT                       
00002e95  abort                         
00002e98  _ctypes_                      
00002fa8  __TI_Handler_Table_Base       
00002fb4  __TI_Handler_Table_Limit      
00002fd0  __TI_CINIT_Base               
00002fe8  __TI_CINIT_Limit              
20000000  __start___llvm_prf_cnts       
20000000  __stop___llvm_prf_cnts        
20000000  g_pfnRAMVectors               
20000270  __stack                       
20000470  __STACK_TOP                   
20001270  __STACK_END                   
20001270  _sys_memory                   
200022c4  _timeout_ticks                
200022c8  fallingEdge                   
200022cc  isr_int_value                 
200022d0  pulseLength                   
200022d4  risingEdge                    
200022d8  isRisingEdge                  
200022dc  command_byte                  
200022e0  command_flag                  
200022e4  errno                         
200022e8  _running                      
ffffffff  __TI_pprof_out_hndl           
ffffffff  __TI_prof_data_size           
ffffffff  __TI_prof_data_start          
ffffffff  __binit__                     
ffffffff  __c_args__                    
ffffffff  binit                         
UNDEFED   __mpu_init                    
UNDEFED   _system_post_cinit            

[130 symbols]
