******************************************************************************
                  TI ARM Linker PC v20.2.1                     
******************************************************************************
>> Linked Tue Mar 16 13:35:49 2021

OUTPUT FILE NAME:   <Lab6.1.out>
ENTRY POINT SYMBOL: "_c_int00_noargs"  address: 000026b1


MEMORY CONFIGURATION

         name            origin    length      used     unused   attr    fill
----------------------  --------  ---------  --------  --------  ----  --------
  FLASH                 00000000   00040000  000029c5  0003d63b  R  X
  SRAM                  20000000   00008000  000022d1  00005d2f  RW X


SEGMENT ALLOCATION MAP

run origin  load origin   length   init length attrs members
----------  ----------- ---------- ----------- ----- -------
00000000    00000000    000029c8   000029c8    r-x
  00000000    00000000    0000026c   0000026c    r-- .intvecs
  0000026c    0000026c    00002610   00002610    r-x .text
  0000287c    0000287c    00000109   00000109    r-- .const
  00002988    00002988    00000040   00000040    r-- .cinit
20000000    20000000    000022d5   00000000    rw-
  20000000    20000000    0000026c   00000000    rw- .vtable
  20000270    20000270    00001000   00000000    rw- .stack
  20001270    20001270    00001000   00000000    rw- .sysmem
  20002270    20002270    00000058   00000000    rw- .bss
  200022c8    200022c8    0000000d   00000000    rw- .data


SECTION ALLOCATION MAP

 output                                  attributes/
section   page    origin      length       input sections
--------  ----  ----------  ----------   ----------------
.intvecs   0    00000000    0000026c     
                  00000000    0000026c     tm4c123gh6pm_startup_ccs.obj (.intvecs)

.text      0    0000026c    00002610     
                  0000026c    00000a4e     rtsv7M4_T_le_v4SPD16_eabi.lib : _printfi.c.obj (.text:__TI_printfi)
                  00000cba    00000002                                   : div0.asm.obj (.text)
                  00000cbc    00000328     lcd.obj (.text)
                  00000fe4    00000270     rtsv7M4_T_le_v4SPD16_eabi.lib : _printfi.c.obj (.text:_pconv_a)
                  00001254    00000248     Timer.obj (.text)
                  0000149c    000001d0     rtsv7M4_T_le_v4SPD16_eabi.lib : _printfi.c.obj (.text:_pconv_g)
                  0000166c    000001bc     uart-interrupt.obj (.text)
                  00001828    000001b6     rtsv7M4_T_le_v4SPD16_eabi.lib : fd_add_t2.asm.obj (.text)
                  000019de    00000002     --HOLE-- [fill = 0]
                  000019e0    0000013c                                   : _printfi.c.obj (.text:_pconv_e)
                  00001b1c    00000136                                   : fd_div_t2.asm.obj (.text)
                  00001c52    00000002     --HOLE-- [fill = 0]
                  00001c54    00000124                                   : _printfi.c.obj (.text:fcvt)
                  00001d78    00000110                                   : s_scalbn.c.obj (.text:scalbn)
                  00001e88    000000fc                                   : fd_mul_t2.asm.obj (.text)
                  00001f84    000000b1                                   : _printfi.c.obj (.text:_ltostr)
                  00002035    00000001     --HOLE-- [fill = 0]
                  00002036    0000009c                                   : memcpy_t2.asm.obj (.text)
                  000020d2    00000096                                   : ull_div_t2.asm.obj (.text)
                  00002168    00000086                                   : fd_cmp_t2.asm.obj (.text:__aeabi_cdcmple)
                  000021ee    00000086                                   : fd_cmp_t2.asm.obj (.text:__aeabi_cdrcmple)
                  00002274    0000007a                                   : memset_t2.asm.obj (.text)
                  000022ee    0000006e                                   : _printfi.c.obj (.text:_mcpy)
                  0000235c    00000068                                   : copy_decompress_lzss.c.obj (.text:decompress:lzss:__TI_decompress_lzss)
                  000023c4    00000064                                   : s_frexp.c.obj (.text:frexp)
                  00002428    00000056                                   : _printfi.c.obj (.text:_pconv_f)
                  0000247e    00000054                                   : _ltoa.c.obj (.text:__TI_ltoa)
                  000024d2    00000052                                   : _printfi.c.obj (.text:_ecpy)
                  00002524    0000004c                                   : atoi.c.obj (.text:atoi)
                  00002570    00000048                                   : fd_toi_t2.asm.obj (.text)
                  000025b8    00000044                                   : autoinit.c.obj (.text:__TI_auto_init_nobinit_nopinit:__TI_auto_init_nobinit_nopinit)
                  000025fc    00000040                                   : vsnprintf.c.obj (.text:vsnprintf)
                  0000263c    0000003e                                   : _printfi.c.obj (.text:_fcpy)
                  0000267a    00000002     --HOLE-- [fill = 0]
                  0000267c    00000034     driverlib.lib : interrupt.obj (.text:IntRegister)
                  000026b0    00000034     rtsv7M4_T_le_v4SPD16_eabi.lib : boot_cortex_m.c.obj (.text:_c_int00_noargs:_c_int00_noargs)
                  000026e4    00000030                                   : vsnprintf.c.obj (.text:_outs)
                  00002714    0000002e                                   : i_tofd_t2.asm.obj (.text)
                  00002742    0000001c                                   : copy_zero_init.c.obj (.text:decompress:ZI:__TI_zero_init_nomemset:__TI_zero_init_nomemset)
                  0000275e    0000001c                                   : memccpy.c.obj (.text:memccpy)
                  0000277a    0000001a                                   : s_copysign.c.obj (.text:copysign)
                  00002794    00000018                                   : vsnprintf.c.obj (.text:_outc)
                  000027ac    00000018                                   : strcmp.c.obj (.text:strcmp)
                  000027c4    00000016                                   : strchr.c.obj (.text:strchr)
                  000027da    00000014                                   : strcpy.c.obj (.text:strcpy)
                  000027ee    00000014                                   : strlen.c.obj (.text:strlen)
                  00002802    00000012                                   : wcslen.c.obj (.text:wcslen)
                  00002814    00000010     driverlib.lib : interrupt.obj (.text:IntMasterEnable)
                  00002824    00000010     lab6-interrupt_template.obj (.text)
                  00002834    00000010     lcd.obj (.text:lcd_clear)
                  00002844    0000000e     rtsv7M4_T_le_v4SPD16_eabi.lib : copy_decompress_none.c.obj (.text:decompress:none:__TI_decompress_none)
                  00002852    0000000c     driverlib.lib : cpu.obj (.text:CPUcpsie)
                  0000285e    0000000c     tm4c123gh6pm_startup_ccs.obj (.text)
                  0000286a    00000002     --HOLE-- [fill = 0]
                  0000286c    00000008     rtsv7M4_T_le_v4SPD16_eabi.lib : errno.c.obj (.text:__aeabi_errno_addr)
                  00002874    00000004                                   : pre_init.c.obj (.text:_system_pre_init)
                  00002878    00000004                                   : exit.c.obj (.text:abort:abort)

.const     0    0000287c    00000109     
                  0000287c    00000101     rtsv7M4_T_le_v4SPD16_eabi.lib : ctype.c.obj (.const:.string:_ctypes_)
                  0000297d    00000004     lcd.obj (.const:.string:lineAddress$1)
                  00002981    00000004     lcd.obj (.const:.string:lineAddresses$2)

.cinit     0    00002988    00000040     
                  00002988    0000000c     (__TI_handler_table)
                  00002994    0000000b     (.cinit..data.load) [load image, compression = lzss]
                  0000299f    00000001     --HOLE-- [fill = 0]
                  000029a0    00000008     (.cinit..bss.load) [load image, compression = zero_init]
                  000029a8    00000008     (.cinit..vtable.load) [load image, compression = zero_init]
                  000029b0    00000018     (__TI_cinit_table)

.init_array 
*          0    00000000    00000000     UNINITIALIZED

.vtable    0    20000000    0000026c     UNINITIALIZED
                  20000000    0000026c     driverlib.lib : interrupt.obj (.vtable)

.stack     0    20000270    00001000     UNINITIALIZED
                  20000270    00000004     rtsv7M4_T_le_v4SPD16_eabi.lib : boot_cortex_m.c.obj (.stack)
                  20000274    00000ffc     --HOLE--

.sysmem    0    20001270    00001000     UNINITIALIZED
                  20001270    00000010     rtsv7M4_T_le_v4SPD16_eabi.lib : memory.c.obj (.sysmem)
                  20001280    00000ff0     --HOLE--

.bss       0    20002270    00000058     UNINITIALIZED
                  20002270    00000054     lcd.obj (.bss:lastbuffer$3)
                  200022c4    00000004     (.common:_timeout_ticks)

.data      0    200022c8    0000000d     UNINITIALIZED
                  200022c8    00000008     uart-interrupt.obj (.data)
                  200022d0    00000004     rtsv7M4_T_le_v4SPD16_eabi.lib : errno.c.obj (.data)
                  200022d4    00000001     Timer.obj (.data)

__llvm_prf_cnts 
*          0    20000000    00000000     UNINITIALIZED

MODULE SUMMARY

       Module                         code   ro data   rw data
       ------                         ----   -------   -------
    .\
       lcd.obj                        824    8         84     
       tm4c123gh6pm_startup_ccs.obj   12     620       0      
       Timer.obj                      584    0         5      
       uart-interrupt.obj             444    0         8      
       lab6-interrupt_template.obj    16     0         0      
    +--+------------------------------+------+---------+---------+
       Total:                         1880   628       97     
                                                              
    C:/ti/TivaWare_C_Series-2.1.4.178/driverlib/ccs/Debug/driverlib.lib
       interrupt.obj                  68     0         620    
       cpu.obj                        12     0         0      
    +--+------------------------------+------+---------+---------+
       Total:                         80     0         620    
                                                              
    C:\ti\ccs1010\ccs\tools\compiler\ti-cgt-arm_20.2.1.LTS\lib\rtsv7M4_T_le_v4SPD16_eabi.lib
       _printfi.c.obj                 4851   0         0      
       fd_add_t2.asm.obj              438    0         0      
       fd_div_t2.asm.obj              310    0         0      
       s_scalbn.c.obj                 272    0         0      
       fd_cmp_t2.asm.obj              268    0         0      
       ctype.c.obj                    0      257       0      
       fd_mul_t2.asm.obj              252    0         0      
       memcpy_t2.asm.obj              156    0         0      
       ull_div_t2.asm.obj             150    0         0      
       vsnprintf.c.obj                136    0         0      
       memset_t2.asm.obj              122    0         0      
       copy_decompress_lzss.c.obj     104    0         0      
       s_frexp.c.obj                  100    0         0      
       _ltoa.c.obj                    84     0         0      
       atoi.c.obj                     76     0         0      
       fd_toi_t2.asm.obj              72     0         0      
       autoinit.c.obj                 68     0         0      
       boot_cortex_m.c.obj            52     0         0      
       i_tofd_t2.asm.obj              46     0         0      
       copy_zero_init.c.obj           28     0         0      
       memccpy.c.obj                  28     0         0      
       s_copysign.c.obj               26     0         0      
       strcmp.c.obj                   24     0         0      
       strchr.c.obj                   22     0         0      
       strcpy.c.obj                   20     0         0      
       strlen.c.obj                   20     0         0      
       wcslen.c.obj                   18     0         0      
       copy_decompress_none.c.obj     14     0         0      
       errno.c.obj                    8      0         4      
       exit.c.obj                     4      0         0      
       pre_init.c.obj                 4      0         0      
       div0.asm.obj                   2      0         0      
    +--+------------------------------+------+---------+---------+
       Total:                         7775   257       4      
                                                              
       Heap:                          0      0         4096   
       Stack:                         0      0         4096   
       Linker Generated:              0      63        0      
    +--+------------------------------+------+---------+---------+
       Grand Total:                   9735   948       8913   


LINKER GENERATED COPY TABLES

__TI_cinit_table @ 000029b0 records: 3, size/record: 8, table size: 24
	.data: load addr=00002994, load size=0000000b bytes, run addr=200022c8, run size=0000000d bytes, compression=lzss
	.bss: load addr=000029a0, load size=00000008 bytes, run addr=20002270, run size=00000058 bytes, compression=zero_init
	.vtable: load addr=000029a8, load size=00000008 bytes, run addr=20000000, run size=0000026c bytes, compression=zero_init


LINKER GENERATED HANDLER TABLE

__TI_handler_table @ 00002988 records: 3, size/record: 4, table size: 12
	index: 0, handler: __TI_zero_init
	index: 1, handler: __TI_decompress_lzss
	index: 2, handler: __TI_decompress_none


GLOBAL SYMBOLS: SORTED ALPHABETICALLY BY Name 

address   name                          
-------   ----                          
00002879  C$$EXIT                       
00002853  CPUcpsie                      
00002815  IntMasterEnable               
0000267d  IntRegister                   
0000285f  ResetISR                      
00001781  UART1_Handler                 
20001270  __STACK_END                   
00001000  __STACK_SIZE                  
20000470  __STACK_TOP                   
00001000  __SYSMEM_SIZE                 
000029b0  __TI_CINIT_Base               
000029c8  __TI_CINIT_Limit              
00002988  __TI_Handler_Table_Base       
00002994  __TI_Handler_Table_Limit      
000025b9  __TI_auto_init_nobinit_nopinit
0000235d  __TI_decompress_lzss          
00002845  __TI_decompress_none          
0000247f  __TI_ltoa                     
ffffffff  __TI_pprof_out_hndl           
0000026d  __TI_printfi                  
ffffffff  __TI_prof_data_size           
ffffffff  __TI_prof_data_start          
00000000  __TI_static_base__            
00002743  __TI_zero_init_nomemset       
00002169  __aeabi_cdcmpeq               
00002169  __aeabi_cdcmple               
000021ef  __aeabi_cdrcmple              
00002571  __aeabi_d2iz                  
00001833  __aeabi_dadd                  
00001b1d  __aeabi_ddiv                  
00001e89  __aeabi_dmul                  
00001829  __aeabi_dsub                  
0000286d  __aeabi_errno_addr            
00002715  __aeabi_i2d                   
00000cbb  __aeabi_idiv0                 
00000cbb  __aeabi_ldiv0                 
00002275  __aeabi_memclr                
00002275  __aeabi_memclr4               
00002275  __aeabi_memclr8               
00002037  __aeabi_memcpy                
00002037  __aeabi_memcpy4               
00002037  __aeabi_memcpy8               
00002277  __aeabi_memset                
00002277  __aeabi_memset4               
00002277  __aeabi_memset8               
000020d3  __aeabi_uldivmod              
ffffffff  __binit__                     
ffffffff  __c_args__                    
UNDEFED   __mpu_init                    
20000270  __stack                       
20000000  __start___llvm_prf_cnts       
20000000  __stop___llvm_prf_cnts        
000026b1  _c_int00_noargs               
0000287c  _ctypes_                      
200022d4  _running                      
20001270  _sys_memory                   
UNDEFED   _system_post_cinit            
00002875  _system_pre_init              
200022c4  _timeout_ticks                
00002879  abort                         
00002525  atoi                          
ffffffff  binit                         
200022c8  command_byte                  
200022cc  command_flag                  
0000277b  copysign                      
0000277b  copysignl                     
200022d0  errno                         
000023c5  frexp                         
000023c5  frexpl                        
20000000  g_pfnRAMVectors               
00000000  g_pfnVectors                  
00002835  lcd_clear                     
00000e91  lcd_gotoLine                  
00000cf9  lcd_init                      
00000ef7  lcd_printf                    
00000db9  lcd_putc                      
00000df1  lcd_puts                      
00000cbd  lcd_reverseNibble             
00000e0f  lcd_sendCommand               
00000e4d  lcd_sendNibble                
00000eb9  lcd_setCursorPos              
00001d79  ldexp                         
00001d79  ldexpl                        
00002825  main                          
0000275f  memccpy                       
00002037  memcpy                        
0000227d  memset                        
00001d79  scalbn                        
00001d79  scalbnl                       
000027c5  strchr                        
000027ad  strcmp                        
000027db  strcpy                        
000027ef  strlen                        
00001373  timer_getMicros               
0000131b  timer_getMillis               
00001255  timer_init                    
000012f7  timer_pause                   
00001309  timer_resume                  
000012cd  timer_stop                    
000013cd  timer_waitMicros              
000013ff  timer_waitMillis              
0000166d  uart_interrupt_init           
00001761  uart_receive                  
00001745  uart_sendChar                 
00001763  uart_sendStr                  
000025fd  vsnprintf                     
00002803  wcslen                        


GLOBAL SYMBOLS: SORTED BY Symbol Address 

address   name                          
-------   ----                          
00000000  __TI_static_base__            
00000000  g_pfnVectors                  
0000026d  __TI_printfi                  
00000cbb  __aeabi_idiv0                 
00000cbb  __aeabi_ldiv0                 
00000cbd  lcd_reverseNibble             
00000cf9  lcd_init                      
00000db9  lcd_putc                      
00000df1  lcd_puts                      
00000e0f  lcd_sendCommand               
00000e4d  lcd_sendNibble                
00000e91  lcd_gotoLine                  
00000eb9  lcd_setCursorPos              
00000ef7  lcd_printf                    
00001000  __STACK_SIZE                  
00001000  __SYSMEM_SIZE                 
00001255  timer_init                    
000012cd  timer_stop                    
000012f7  timer_pause                   
00001309  timer_resume                  
0000131b  timer_getMillis               
00001373  timer_getMicros               
000013cd  timer_waitMicros              
000013ff  timer_waitMillis              
0000166d  uart_interrupt_init           
00001745  uart_sendChar                 
00001761  uart_receive                  
00001763  uart_sendStr                  
00001781  UART1_Handler                 
00001829  __aeabi_dsub                  
00001833  __aeabi_dadd                  
00001b1d  __aeabi_ddiv                  
00001d79  ldexp                         
00001d79  ldexpl                        
00001d79  scalbn                        
00001d79  scalbnl                       
00001e89  __aeabi_dmul                  
00002037  __aeabi_memcpy                
00002037  __aeabi_memcpy4               
00002037  __aeabi_memcpy8               
00002037  memcpy                        
000020d3  __aeabi_uldivmod              
00002169  __aeabi_cdcmpeq               
00002169  __aeabi_cdcmple               
000021ef  __aeabi_cdrcmple              
00002275  __aeabi_memclr                
00002275  __aeabi_memclr4               
00002275  __aeabi_memclr8               
00002277  __aeabi_memset                
00002277  __aeabi_memset4               
00002277  __aeabi_memset8               
0000227d  memset                        
0000235d  __TI_decompress_lzss          
000023c5  frexp                         
000023c5  frexpl                        
0000247f  __TI_ltoa                     
00002525  atoi                          
00002571  __aeabi_d2iz                  
000025b9  __TI_auto_init_nobinit_nopinit
000025fd  vsnprintf                     
0000267d  IntRegister                   
000026b1  _c_int00_noargs               
00002715  __aeabi_i2d                   
00002743  __TI_zero_init_nomemset       
0000275f  memccpy                       
0000277b  copysign                      
0000277b  copysignl                     
000027ad  strcmp                        
000027c5  strchr                        
000027db  strcpy                        
000027ef  strlen                        
00002803  wcslen                        
00002815  IntMasterEnable               
00002825  main                          
00002835  lcd_clear                     
00002845  __TI_decompress_none          
00002853  CPUcpsie                      
0000285f  ResetISR                      
0000286d  __aeabi_errno_addr            
00002875  _system_pre_init              
00002879  C$$EXIT                       
00002879  abort                         
0000287c  _ctypes_                      
00002988  __TI_Handler_Table_Base       
00002994  __TI_Handler_Table_Limit      
000029b0  __TI_CINIT_Base               
000029c8  __TI_CINIT_Limit              
20000000  __start___llvm_prf_cnts       
20000000  __stop___llvm_prf_cnts        
20000000  g_pfnRAMVectors               
20000270  __stack                       
20000470  __STACK_TOP                   
20001270  __STACK_END                   
20001270  _sys_memory                   
200022c4  _timeout_ticks                
200022c8  command_byte                  
200022cc  command_flag                  
200022d0  errno                         
200022d4  _running                      
ffffffff  __TI_pprof_out_hndl           
ffffffff  __TI_prof_data_size           
ffffffff  __TI_prof_data_start          
ffffffff  __binit__                     
ffffffff  __c_args__                    
ffffffff  binit                         
UNDEFED   __mpu_init                    
UNDEFED   _system_post_cinit            

[107 symbols]
