******************************************************************************
                  TI ARM Linker PC v20.2.1                     
******************************************************************************
>> Linked Wed Feb  3 18:57:12 2021

OUTPUT FILE NAME:   <Lab1.out>
ENTRY POINT SYMBOL: "_c_int00_noargs"  address: 00002549


MEMORY CONFIGURATION

         name            origin    length      used     unused   attr    fill
----------------------  --------  ---------  --------  --------  ----  --------
  FLASH                 00000000   00040000  00002841  0003d7bf  R  X
  SRAM                  20000000   00008000  000012c9  00006d37  RW X


SEGMENT ALLOCATION MAP

run origin  load origin   length   init length attrs members
----------  ----------- ---------- ----------- ----- -------
00000000    00000000    00002848   00002848    r-x
  00000000    00000000    0000026c   0000026c    r-- .intvecs
  0000026c    0000026c    0000248c   0000248c    r-x .text
  000026f8    000026f8    00000109   00000109    r-- .const
  00002808    00002808    00000040   00000040    r-- .cinit
20000000    20000000    000012cd   00000000    rw-
  20000000    20000000    0000026c   00000000    rw- .vtable
  20000270    20000270    00001000   00000000    rw- .stack
  20001270    20001270    00000058   00000000    rw- .bss
  200012c8    200012c8    00000005   00000000    rw- .data


SECTION ALLOCATION MAP

 output                                  attributes/
section   page    origin      length       input sections
--------  ----  ----------  ----------   ----------------
.intvecs   0    00000000    0000026c     
                  00000000    0000026c     tm4c123gh6pm_startup_ccs.obj (.intvecs)

.text      0    0000026c    0000248c     
                  0000026c    00000a4e     rtsv7M4_T_le_v4SPD16_eabi.lib : _printfi.c.obj (.text:__TI_printfi)
                  00000cba    00000002                                   : div0.asm.obj (.text)
                  00000cbc    0000037c     lcd.obj (.text)
                  00001038    00000270     rtsv7M4_T_le_v4SPD16_eabi.lib : _printfi.c.obj (.text:_pconv_a)
                  000012a8    00000248     Timer.obj (.text)
                  000014f0    000001d0     rtsv7M4_T_le_v4SPD16_eabi.lib : _printfi.c.obj (.text:_pconv_g)
                  000016c0    000001b6                                   : fd_add_t2.asm.obj (.text)
                  00001876    00000002     --HOLE-- [fill = 0]
                  00001878    0000013c                                   : _printfi.c.obj (.text:_pconv_e)
                  000019b4    00000136                                   : fd_div_t2.asm.obj (.text)
                  00001aea    00000002     --HOLE-- [fill = 0]
                  00001aec    00000124                                   : _printfi.c.obj (.text:fcvt)
                  00001c10    00000110                                   : s_scalbn.c.obj (.text:scalbn)
                  00001d20    000000fc                                   : fd_mul_t2.asm.obj (.text)
                  00001e1c    000000b1                                   : _printfi.c.obj (.text:_ltostr)
                  00001ecd    00000001     --HOLE-- [fill = 0]
                  00001ece    0000009c                                   : memcpy_t2.asm.obj (.text)
                  00001f6a    00000096                                   : ull_div_t2.asm.obj (.text)
                  00002000    00000086                                   : fd_cmp_t2.asm.obj (.text:__aeabi_cdcmple)
                  00002086    00000086                                   : fd_cmp_t2.asm.obj (.text:__aeabi_cdrcmple)
                  0000210c    0000007a                                   : memset_t2.asm.obj (.text)
                  00002186    0000006e                                   : _printfi.c.obj (.text:_mcpy)
                  000021f4    00000068                                   : copy_decompress_lzss.c.obj (.text:decompress:lzss:__TI_decompress_lzss)
                  0000225c    00000064                                   : s_frexp.c.obj (.text:frexp)
                  000022c0    00000056                                   : _printfi.c.obj (.text:_pconv_f)
                  00002316    00000054                                   : _ltoa.c.obj (.text:__TI_ltoa)
                  0000236a    00000052                                   : _printfi.c.obj (.text:_ecpy)
                  000023bc    0000004c                                   : atoi.c.obj (.text:atoi)
                  00002408    00000048                                   : fd_toi_t2.asm.obj (.text)
                  00002450    00000044                                   : autoinit.c.obj (.text:__TI_auto_init_nobinit_nopinit:__TI_auto_init_nobinit_nopinit)
                  00002494    00000040                                   : vsnprintf.c.obj (.text:vsnprintf)
                  000024d4    0000003e                                   : _printfi.c.obj (.text:_fcpy)
                  00002512    00000002     --HOLE-- [fill = 0]
                  00002514    00000034     driverlib.lib : interrupt.obj (.text:IntRegister)
                  00002548    00000034     rtsv7M4_T_le_v4SPD16_eabi.lib : boot_cortex_m.c.obj (.text:_c_int00_noargs:_c_int00_noargs)
                  0000257c    00000030                                   : vsnprintf.c.obj (.text:_outs)
                  000025ac    0000002e                                   : i_tofd_t2.asm.obj (.text)
                  000025da    0000001c                                   : copy_zero_init.c.obj (.text:decompress:ZI:__TI_zero_init_nomemset:__TI_zero_init_nomemset)
                  000025f6    0000001c                                   : memccpy.c.obj (.text:memccpy)
                  00002612    0000001a                                   : s_copysign.c.obj (.text:copysign)
                  0000262c    00000018                                   : vsnprintf.c.obj (.text:_outc)
                  00002644    00000018                                   : strcmp.c.obj (.text:strcmp)
                  0000265c    00000016                                   : strchr.c.obj (.text:strchr)
                  00002672    00000014                                   : strcpy.c.obj (.text:strcpy)
                  00002686    00000014                                   : strlen.c.obj (.text:strlen)
                  0000269a    00000012     helloworld.obj (.text)
                  000026ac    00000012     rtsv7M4_T_le_v4SPD16_eabi.lib : wcslen.c.obj (.text:wcslen)
                  000026be    00000010     lcd.obj (.text:lcd_clear)
                  000026ce    0000000e     rtsv7M4_T_le_v4SPD16_eabi.lib : copy_decompress_none.c.obj (.text:decompress:none:__TI_decompress_none)
                  000026dc    0000000c     tm4c123gh6pm_startup_ccs.obj (.text)
                  000026e8    00000008     rtsv7M4_T_le_v4SPD16_eabi.lib : errno.c.obj (.text:__aeabi_errno_addr)
                  000026f0    00000004                                   : pre_init.c.obj (.text:_system_pre_init)
                  000026f4    00000004                                   : exit.c.obj (.text:abort:abort)

.const     0    000026f8    00000109     
                  000026f8    00000101     rtsv7M4_T_le_v4SPD16_eabi.lib : ctype.c.obj (.const:.string:_ctypes_)
                  000027f9    00000004     lcd.obj (.const:.string:lineAddress$1)
                  000027fd    00000004     lcd.obj (.const:.string:lineAddresses$2)

.cinit     0    00002808    00000040     
                  00002808    0000000c     (__TI_handler_table)
                  00002814    00000004     --HOLE-- [fill = 0]
                  00002818    00000008     (.cinit..bss.load) [load image, compression = zero_init]
                  00002820    00000008     (.cinit..vtable.load) [load image, compression = zero_init]
                  00002828    00000007     (.cinit..data.load) [load image, compression = lzss]
                  0000282f    00000001     --HOLE-- [fill = 0]
                  00002830    00000018     (__TI_cinit_table)

.init_array 
*          0    00000000    00000000     UNINITIALIZED

.vtable    0    20000000    0000026c     UNINITIALIZED
                  20000000    0000026c     driverlib.lib : interrupt.obj (.vtable)

.bss       0    20001270    00000058     UNINITIALIZED
                  20001270    00000054     lcd.obj (.bss:lastbuffer$3)
                  200012c4    00000004     (.common:_timeout_ticks)

.data      0    200012c8    00000005     UNINITIALIZED
                  200012c8    00000004     rtsv7M4_T_le_v4SPD16_eabi.lib : errno.c.obj (.data)
                  200012cc    00000001     Timer.obj (.data)

.stack     0    20000270    00001000     UNINITIALIZED
                  20000270    00000004     rtsv7M4_T_le_v4SPD16_eabi.lib : boot_cortex_m.c.obj (.stack)
                  20000274    00000ffc     --HOLE--

__llvm_prf_cnts 
*          0    20000000    00000000     UNINITIALIZED

MODULE SUMMARY

       Module                         code   ro data   rw data
       ------                         ----   -------   -------
    .\
       tm4c123gh6pm_startup_ccs.obj   12     620       0      
    +--+------------------------------+------+---------+---------+
       Total:                         12     620       0      
                                                              
    .\Lab1 Code Files\
       lcd.obj                        908    8         84     
       Timer.obj                      584    0         5      
       helloworld.obj                 18     0         0      
    +--+------------------------------+------+---------+---------+
       Total:                         1510   8         89     
                                                              
    C:/ti/TivaWare_C_Series-2.1.4.178/driverlib/ccs/Debug/driverlib.lib
       interrupt.obj                  52     0         620    
    +--+------------------------------+------+---------+---------+
       Total:                         52     0         620    
                                                              
    C:\ti\ccs1010\ccs\tools\compiler\ti-cgt-arm_20.2.1.LTS\lib\rtsv7M4_T_le_v4SPD16_eabi.lib
       _printfi.c.obj                 4851   0         0      
       fd_add_t2.asm.obj              438    0         0      
       fd_div_t2.asm.obj              310    0         0      
       s_scalbn.c.obj                 272    0         0      
       fd_cmp_t2.asm.obj              268    0         0      
       ctype.c.obj                    0      257       0      
       fd_mul_t2.asm.obj              252    0         0      
       memcpy_t2.asm.obj              156    0         0      
       ull_div_t2.asm.obj             150    0         0      
       vsnprintf.c.obj                136    0         0      
       memset_t2.asm.obj              122    0         0      
       copy_decompress_lzss.c.obj     104    0         0      
       s_frexp.c.obj                  100    0         0      
       _ltoa.c.obj                    84     0         0      
       atoi.c.obj                     76     0         0      
       fd_toi_t2.asm.obj              72     0         0      
       autoinit.c.obj                 68     0         0      
       boot_cortex_m.c.obj            52     0         0      
       i_tofd_t2.asm.obj              46     0         0      
       copy_zero_init.c.obj           28     0         0      
       memccpy.c.obj                  28     0         0      
       s_copysign.c.obj               26     0         0      
       strcmp.c.obj                   24     0         0      
       strchr.c.obj                   22     0         0      
       strcpy.c.obj                   20     0         0      
       strlen.c.obj                   20     0         0      
       wcslen.c.obj                   18     0         0      
       copy_decompress_none.c.obj     14     0         0      
       errno.c.obj                    8      0         4      
       exit.c.obj                     4      0         0      
       pre_init.c.obj                 4      0         0      
       div0.asm.obj                   2      0         0      
    +--+------------------------------+------+---------+---------+
       Total:                         7775   257       4      
                                                              
       Stack:                         0      0         4096   
       Linker Generated:              0      59        0      
    +--+------------------------------+------+---------+---------+
       Grand Total:                   9349   944       4809   


LINKER GENERATED COPY TABLES

__TI_cinit_table @ 00002830 records: 3, size/record: 8, table size: 24
	.bss: load addr=00002818, load size=00000008 bytes, run addr=20001270, run size=00000058 bytes, compression=zero_init
	.vtable: load addr=00002820, load size=00000008 bytes, run addr=20000000, run size=0000026c bytes, compression=zero_init
	.data: load addr=00002828, load size=00000007 bytes, run addr=200012c8, run size=00000005 bytes, compression=lzss


LINKER GENERATED HANDLER TABLE

__TI_handler_table @ 00002808 records: 3, size/record: 4, table size: 12
	index: 0, handler: __TI_zero_init
	index: 1, handler: __TI_decompress_lzss
	index: 2, handler: __TI_decompress_none


GLOBAL SYMBOLS: SORTED ALPHABETICALLY BY Name 

address   name                          
-------   ----                          
000026f5  C$$EXIT                       
00002515  IntRegister                   
000026dd  ResetISR                      
20001270  __STACK_END                   
00001000  __STACK_SIZE                  
20000470  __STACK_TOP                   
00002830  __TI_CINIT_Base               
00002848  __TI_CINIT_Limit              
00002808  __TI_Handler_Table_Base       
00002814  __TI_Handler_Table_Limit      
00002451  __TI_auto_init_nobinit_nopinit
000021f5  __TI_decompress_lzss          
000026cf  __TI_decompress_none          
00002317  __TI_ltoa                     
ffffffff  __TI_pprof_out_hndl           
0000026d  __TI_printfi                  
ffffffff  __TI_prof_data_size           
ffffffff  __TI_prof_data_start          
00000000  __TI_static_base__            
000025db  __TI_zero_init_nomemset       
00002001  __aeabi_cdcmpeq               
00002001  __aeabi_cdcmple               
00002087  __aeabi_cdrcmple              
00002409  __aeabi_d2iz                  
000016cb  __aeabi_dadd                  
000019b5  __aeabi_ddiv                  
00001d21  __aeabi_dmul                  
000016c1  __aeabi_dsub                  
000026e9  __aeabi_errno_addr            
000025ad  __aeabi_i2d                   
00000cbb  __aeabi_idiv0                 
00000cbb  __aeabi_ldiv0                 
0000210d  __aeabi_memclr                
0000210d  __aeabi_memclr4               
0000210d  __aeabi_memclr8               
00001ecf  __aeabi_memcpy                
00001ecf  __aeabi_memcpy4               
00001ecf  __aeabi_memcpy8               
0000210f  __aeabi_memset                
0000210f  __aeabi_memset4               
0000210f  __aeabi_memset8               
00001f6b  __aeabi_uldivmod              
ffffffff  __binit__                     
ffffffff  __c_args__                    
UNDEFED   __mpu_init                    
20000270  __stack                       
20000000  __start___llvm_prf_cnts       
20000000  __stop___llvm_prf_cnts        
00002549  _c_int00_noargs               
000026f8  _ctypes_                      
200012cc  _running                      
UNDEFED   _system_post_cinit            
000026f1  _system_pre_init              
200012c4  _timeout_ticks                
000026f5  abort                         
000023bd  atoi                          
ffffffff  binit                         
00002613  copysign                      
00002613  copysignl                     
200012c8  errno                         
0000225d  frexp                         
0000225d  frexpl                        
20000000  g_pfnRAMVectors               
00000000  g_pfnVectors                  
000026bf  lcd_clear                     
00000e91  lcd_gotoLine                  
00000cf9  lcd_init                      
00000ef7  lcd_printf                    
00000db9  lcd_putc                      
00000df1  lcd_puts                      
00000cbd  lcd_reverseNibble             
00000fbb  lcd_rotatingBanner            
00000e0f  lcd_sendCommand               
00000e4d  lcd_sendNibble                
00000eb9  lcd_setCursorPos              
00001c11  ldexp                         
00001c11  ldexpl                        
0000269b  main                          
000025f7  memccpy                       
00001ecf  memcpy                        
00002115  memset                        
00001c11  scalbn                        
00001c11  scalbnl                       
0000265d  strchr                        
00002645  strcmp                        
00002673  strcpy                        
00002687  strlen                        
000013c7  timer_getMicros               
0000136f  timer_getMillis               
000012a9  timer_init                    
0000134b  timer_pause                   
0000135d  timer_resume                  
00001321  timer_stop                    
00001421  timer_waitMicros              
00001453  timer_waitMillis              
00002495  vsnprintf                     
000026ad  wcslen                        


GLOBAL SYMBOLS: SORTED BY Symbol Address 

address   name                          
-------   ----                          
00000000  __TI_static_base__            
00000000  g_pfnVectors                  
0000026d  __TI_printfi                  
00000cbb  __aeabi_idiv0                 
00000cbb  __aeabi_ldiv0                 
00000cbd  lcd_reverseNibble             
00000cf9  lcd_init                      
00000db9  lcd_putc                      
00000df1  lcd_puts                      
00000e0f  lcd_sendCommand               
00000e4d  lcd_sendNibble                
00000e91  lcd_gotoLine                  
00000eb9  lcd_setCursorPos              
00000ef7  lcd_printf                    
00000fbb  lcd_rotatingBanner            
00001000  __STACK_SIZE                  
000012a9  timer_init                    
00001321  timer_stop                    
0000134b  timer_pause                   
0000135d  timer_resume                  
0000136f  timer_getMillis               
000013c7  timer_getMicros               
00001421  timer_waitMicros              
00001453  timer_waitMillis              
000016c1  __aeabi_dsub                  
000016cb  __aeabi_dadd                  
000019b5  __aeabi_ddiv                  
00001c11  ldexp                         
00001c11  ldexpl                        
00001c11  scalbn                        
00001c11  scalbnl                       
00001d21  __aeabi_dmul                  
00001ecf  __aeabi_memcpy                
00001ecf  __aeabi_memcpy4               
00001ecf  __aeabi_memcpy8               
00001ecf  memcpy                        
00001f6b  __aeabi_uldivmod              
00002001  __aeabi_cdcmpeq               
00002001  __aeabi_cdcmple               
00002087  __aeabi_cdrcmple              
0000210d  __aeabi_memclr                
0000210d  __aeabi_memclr4               
0000210d  __aeabi_memclr8               
0000210f  __aeabi_memset                
0000210f  __aeabi_memset4               
0000210f  __aeabi_memset8               
00002115  memset                        
000021f5  __TI_decompress_lzss          
0000225d  frexp                         
0000225d  frexpl                        
00002317  __TI_ltoa                     
000023bd  atoi                          
00002409  __aeabi_d2iz                  
00002451  __TI_auto_init_nobinit_nopinit
00002495  vsnprintf                     
00002515  IntRegister                   
00002549  _c_int00_noargs               
000025ad  __aeabi_i2d                   
000025db  __TI_zero_init_nomemset       
000025f7  memccpy                       
00002613  copysign                      
00002613  copysignl                     
00002645  strcmp                        
0000265d  strchr                        
00002673  strcpy                        
00002687  strlen                        
0000269b  main                          
000026ad  wcslen                        
000026bf  lcd_clear                     
000026cf  __TI_decompress_none          
000026dd  ResetISR                      
000026e9  __aeabi_errno_addr            
000026f1  _system_pre_init              
000026f5  C$$EXIT                       
000026f5  abort                         
000026f8  _ctypes_                      
00002808  __TI_Handler_Table_Base       
00002814  __TI_Handler_Table_Limit      
00002830  __TI_CINIT_Base               
00002848  __TI_CINIT_Limit              
20000000  __start___llvm_prf_cnts       
20000000  __stop___llvm_prf_cnts        
20000000  g_pfnRAMVectors               
20000270  __stack                       
20000470  __STACK_TOP                   
20001270  __STACK_END                   
200012c4  _timeout_ticks                
200012c8  errno                         
200012cc  _running                      
ffffffff  __TI_pprof_out_hndl           
ffffffff  __TI_prof_data_size           
ffffffff  __TI_prof_data_start          
ffffffff  __binit__                     
ffffffff  __c_args__                    
ffffffff  binit                         
UNDEFED   __mpu_init                    
UNDEFED   _system_post_cinit            

[97 symbols]
